Archive member included to satisfy reference by file (symbol)

/Users/luftaquila/workspace/arm-gnu-toolchain-13.2.Rel1-darwin-arm64-arm-none-eabi/bin/../lib/gcc/arm-none-eabi/13.2.1/../../../../arm-none-eabi/lib/thumb/v7-m/nofp/libc_nano.a(libc_a-exit.o)
                              /Users/luftaquila/workspace/arm-gnu-toolchain-13.2.Rel1-darwin-arm64-arm-none-eabi/bin/../lib/gcc/arm-none-eabi/13.2.1/../../../../arm-none-eabi/lib/thumb/v7-m/nofp/crt0.o (exit)
/Users/luftaquila/workspace/arm-gnu-toolchain-13.2.Rel1-darwin-arm64-arm-none-eabi/bin/../lib/gcc/arm-none-eabi/13.2.1/../../../../arm-none-eabi/lib/thumb/v7-m/nofp/libc_nano.a(libc_a-findfp.o)
                              /Users/luftaquila/workspace/arm-gnu-toolchain-13.2.Rel1-darwin-arm64-arm-none-eabi/bin/../lib/gcc/arm-none-eabi/13.2.1/../../../../arm-none-eabi/lib/thumb/v7-m/nofp/libc_nano.a(libc_a-exit.o) (__stdio_exit_handler)
/Users/luftaquila/workspace/arm-gnu-toolchain-13.2.Rel1-darwin-arm64-arm-none-eabi/bin/../lib/gcc/arm-none-eabi/13.2.1/../../../../arm-none-eabi/lib/thumb/v7-m/nofp/libc_nano.a(libc_a-fwalk.o)
                              /Users/luftaquila/workspace/arm-gnu-toolchain-13.2.Rel1-darwin-arm64-arm-none-eabi/bin/../lib/gcc/arm-none-eabi/13.2.1/../../../../arm-none-eabi/lib/thumb/v7-m/nofp/libc_nano.a(libc_a-findfp.o) (_fwalk_sglue)
/Users/luftaquila/workspace/arm-gnu-toolchain-13.2.Rel1-darwin-arm64-arm-none-eabi/bin/../lib/gcc/arm-none-eabi/13.2.1/../../../../arm-none-eabi/lib/thumb/v7-m/nofp/libc_nano.a(libc_a-memset.o)
                              /Users/luftaquila/workspace/arm-gnu-toolchain-13.2.Rel1-darwin-arm64-arm-none-eabi/bin/../lib/gcc/arm-none-eabi/13.2.1/../../../../arm-none-eabi/lib/thumb/v7-m/nofp/crt0.o (memset)
/Users/luftaquila/workspace/arm-gnu-toolchain-13.2.Rel1-darwin-arm64-arm-none-eabi/bin/../lib/gcc/arm-none-eabi/13.2.1/../../../../arm-none-eabi/lib/thumb/v7-m/nofp/libc_nano.a(libc_a-impure.o)
                              /Users/luftaquila/workspace/arm-gnu-toolchain-13.2.Rel1-darwin-arm64-arm-none-eabi/bin/../lib/gcc/arm-none-eabi/13.2.1/../../../../arm-none-eabi/lib/thumb/v7-m/nofp/libc_nano.a(libc_a-findfp.o) (_impure_data)
/Users/luftaquila/workspace/arm-gnu-toolchain-13.2.Rel1-darwin-arm64-arm-none-eabi/bin/../lib/gcc/arm-none-eabi/13.2.1/../../../../arm-none-eabi/lib/thumb/v7-m/nofp/libc_nano.a(libc_a-errno.o)
                              build/sysmem.o (__errno)
/Users/luftaquila/workspace/arm-gnu-toolchain-13.2.Rel1-darwin-arm64-arm-none-eabi/bin/../lib/gcc/arm-none-eabi/13.2.1/../../../../arm-none-eabi/lib/thumb/v7-m/nofp/libc_nano.a(libc_a-init.o)
                              /Users/luftaquila/workspace/arm-gnu-toolchain-13.2.Rel1-darwin-arm64-arm-none-eabi/bin/../lib/gcc/arm-none-eabi/13.2.1/../../../../arm-none-eabi/lib/thumb/v7-m/nofp/crt0.o (__libc_init_array)
/Users/luftaquila/workspace/arm-gnu-toolchain-13.2.Rel1-darwin-arm64-arm-none-eabi/bin/../lib/gcc/arm-none-eabi/13.2.1/../../../../arm-none-eabi/lib/thumb/v7-m/nofp/libc_nano.a(libc_a-lock.o)
                              /Users/luftaquila/workspace/arm-gnu-toolchain-13.2.Rel1-darwin-arm64-arm-none-eabi/bin/../lib/gcc/arm-none-eabi/13.2.1/../../../../arm-none-eabi/lib/thumb/v7-m/nofp/libc_nano.a(libc_a-findfp.o) (__retarget_lock_init_recursive)
/Users/luftaquila/workspace/arm-gnu-toolchain-13.2.Rel1-darwin-arm64-arm-none-eabi/bin/../lib/gcc/arm-none-eabi/13.2.1/../../../../arm-none-eabi/lib/thumb/v7-m/nofp/libc_nano.a(libc_a-strlen.o)
                              build/usbd_ctlreq.o (strlen)
/Users/luftaquila/workspace/arm-gnu-toolchain-13.2.Rel1-darwin-arm64-arm-none-eabi/bin/../lib/gcc/arm-none-eabi/13.2.1/../../../../arm-none-eabi/lib/thumb/v7-m/nofp/libc_nano.a(libc_a-mallocr.o)
                              /Users/luftaquila/workspace/arm-gnu-toolchain-13.2.Rel1-darwin-arm64-arm-none-eabi/bin/../lib/gcc/arm-none-eabi/13.2.1/../../../../arm-none-eabi/lib/thumb/v7-m/nofp/libc_nano.a(libc_a-findfp.o) (_malloc_r)
/Users/luftaquila/workspace/arm-gnu-toolchain-13.2.Rel1-darwin-arm64-arm-none-eabi/bin/../lib/gcc/arm-none-eabi/13.2.1/../../../../arm-none-eabi/lib/thumb/v7-m/nofp/libc_nano.a(libc_a-fflush.o)
                              /Users/luftaquila/workspace/arm-gnu-toolchain-13.2.Rel1-darwin-arm64-arm-none-eabi/bin/../lib/gcc/arm-none-eabi/13.2.1/../../../../arm-none-eabi/lib/thumb/v7-m/nofp/libc_nano.a(libc_a-findfp.o) (_fflush_r)
/Users/luftaquila/workspace/arm-gnu-toolchain-13.2.Rel1-darwin-arm64-arm-none-eabi/bin/../lib/gcc/arm-none-eabi/13.2.1/../../../../arm-none-eabi/lib/thumb/v7-m/nofp/libc_nano.a(libc_a-mlock.o)
                              /Users/luftaquila/workspace/arm-gnu-toolchain-13.2.Rel1-darwin-arm64-arm-none-eabi/bin/../lib/gcc/arm-none-eabi/13.2.1/../../../../arm-none-eabi/lib/thumb/v7-m/nofp/libc_nano.a(libc_a-mallocr.o) (__malloc_lock)
[...]
Memory Configuration

Name             Origin             Length             Attributes
RAM              0x20000000         0x00005000         xrw
FLASH            0x08000000         0x00010000         xr
*default*        0x00000000         0xffffffff

Linker script and memory map

LOAD /Users/luftaquila/workspace/arm-gnu-toolchain-13.2.Rel1-darwin-arm64-arm-none-eabi/bin/../lib/gcc/arm-none-eabi/13.2.1/thumb/v7-m/nofp/crti.o
LOAD /Users/luftaquila/workspace/arm-gnu-toolchain-13.2.Rel1-darwin-arm64-arm-none-eabi/bin/../lib/gcc/arm-none-eabi/13.2.1/thumb/v7-m/nofp/crtbegin.o
LOAD /Users/luftaquila/workspace/arm-gnu-toolchain-13.2.Rel1-darwin-arm64-arm-none-eabi/bin/../lib/gcc/arm-none-eabi/13.2.1/../../../../arm-none-eabi/lib/thumb/v7-m/nofp/crt0.o
LOAD build/main.o
LOAD build/gpio.o
LOAD build/tim.o
LOAD build/stm32f1xx_it.o
LOAD build/stm32f1xx_hal_msp.o
LOAD build/usb_device.o
LOAD build/usbd_desc.o
LOAD build/usbd_cdc_if.o
LOAD build/usbd_conf.o
LOAD build/stm32f1xx_hal_gpio_ex.o
LOAD build/stm32f1xx_hal_pcd.o
LOAD build/stm32f1xx_hal_pcd_ex.o
LOAD build/stm32f1xx_ll_usb.o
LOAD build/stm32f1xx_hal.o
LOAD build/stm32f1xx_hal_rcc.o
LOAD build/stm32f1xx_hal_rcc_ex.o
LOAD build/stm32f1xx_hal_gpio.o
LOAD build/stm32f1xx_hal_dma.o
LOAD build/stm32f1xx_hal_cortex.o
LOAD build/stm32f1xx_hal_pwr.o
LOAD build/stm32f1xx_hal_flash.o
LOAD build/stm32f1xx_hal_flash_ex.o
LOAD build/stm32f1xx_hal_exti.o
LOAD build/stm32f1xx_hal_tim.o
LOAD build/stm32f1xx_hal_tim_ex.o
LOAD build/system_stm32f1xx.o
LOAD build/usbd_core.o
LOAD build/usbd_ctlreq.o
LOAD build/usbd_ioreq.o
LOAD build/usbd_cdc.o
LOAD build/sysmem.o
LOAD build/syscalls.o
LOAD build/startup_stm32f103xb.o
LOAD /Users/luftaquila/workspace/arm-gnu-toolchain-13.2.Rel1-darwin-arm64-arm-none-eabi/bin/../lib/gcc/arm-none-eabi/13.2.1/../../../../arm-none-eabi/lib/thumb/v7-m/nofp/libc_nano.a
LOAD /Users/luftaquila/workspace/arm-gnu-toolchain-13.2.Rel1-darwin-arm64-arm-none-eabi/bin/../lib/gcc/arm-none-eabi/13.2.1/../../../../arm-none-eabi/lib/thumb/v7-m/nofp/libm.a
LOAD /Users/luftaquila/workspace/arm-gnu-toolchain-13.2.Rel1-darwin-arm64-arm-none-eabi/bin/../lib/gcc/arm-none-eabi/13.2.1/../../../../arm-none-eabi/lib/thumb/v7-m/nofp/libnosys.a
START GROUP
LOAD /Users/luftaquila/workspace/arm-gnu-toolchain-13.2.Rel1-darwin-arm64-arm-none-eabi/bin/../lib/gcc/arm-none-eabi/13.2.1/thumb/v7-m/nofp/libgcc.a
LOAD /Users/luftaquila/workspace/arm-gnu-toolchain-13.2.Rel1-darwin-arm64-arm-none-eabi/bin/../lib/gcc/arm-none-eabi/13.2.1/../../../../arm-none-eabi/lib/thumb/v7-m/nofp/libc_nano.a
END GROUP
START GROUP
LOAD /Users/luftaquila/workspace/arm-gnu-toolchain-13.2.Rel1-darwin-arm64-arm-none-eabi/bin/../lib/gcc/arm-none-eabi/13.2.1/thumb/v7-m/nofp/libgcc.a
LOAD /Users/luftaquila/workspace/arm-gnu-toolchain-13.2.Rel1-darwin-arm64-arm-none-eabi/bin/../lib/gcc/arm-none-eabi/13.2.1/../../../../arm-none-eabi/lib/thumb/v7-m/nofp/libc_nano.a
END GROUP
LOAD /Users/luftaquila/workspace/arm-gnu-toolchain-13.2.Rel1-darwin-arm64-arm-none-eabi/bin/../lib/gcc/arm-none-eabi/13.2.1/thumb/v7-m/nofp/crtend.o
LOAD /Users/luftaquila/workspace/arm-gnu-toolchain-13.2.Rel1-darwin-arm64-arm-none-eabi/bin/../lib/gcc/arm-none-eabi/13.2.1/thumb/v7-m/nofp/crtn.o
                0x20005000                        _estack = (ORIGIN (RAM) + LENGTH (RAM))
                0x00000200                        _Min_Heap_Size = 0x200
                0x00000400                        _Min_Stack_Size = 0x400

.isr_vector     0x08000000      0x10c
                0x08000000                        . = ALIGN (0x4)
 *(.isr_vector)
 .isr_vector    0x08000000      0x10c build/startup_stm32f103xb.o
                0x08000000                g_pfnVectors
                0x0800010c                        . = ALIGN (0x4)

.text           0x0800010c     0x46b8
                0x0800010c                        . = ALIGN (0x4)
 *(.text)
 .text          0x0800010c       0x10 /Users/luftaquila/workspace/arm-gnu-toolchain-13.2.Rel1-darwin-arm64-arm-none-eabi/bin/../lib/gcc/arm-none-eabi/13.2.1/../../../../arm-none-eabi/lib/thumb/v7-m/nofp/libc_nano.a(libc_a-strlen.o)
                0x0800010c                strlen
 .text          0x0800011c      0x254 /Users/luftaquila/workspace/arm-gnu-toolchain-13.2.Rel1-darwin-arm64-arm-none-eabi/bin/../lib/gcc/arm-none-eabi/13.2.1/thumb/v7-m/nofp/libgcc.a(_arm_muldf3.o)
                0x0800011c                __aeabi_dmul
                0x0800011c                __muldf3
 .text          0x08000370      0x378 /Users/luftaquila/workspace/arm-gnu-toolchain-13.2.Rel1-darwin-arm64-arm-none-eabi/bin/../lib/gcc/arm-none-eabi/13.2.1/thumb/v7-m/nofp/libgcc.a(_arm_addsubdf3.o)
                0x08000370                __aeabi_drsub
                0x08000378                __subdf3
                0x08000378                __aeabi_dsub
                0x0800037c                __aeabi_dadd
                0x0800037c                __adddf3
                0x080005f4                __aeabi_ui2d
                0x080005f4                __floatunsidf
                0x08000614                __floatsidf
                0x08000614                __aeabi_i2d
                0x08000638                __extendsfdf2
                0x08000638                __aeabi_f2d
                0x0800067c                __aeabi_ul2d
                0x0800067c                __floatundidf
                0x0800068c                __aeabi_l2d
                0x0800068c                __floatdidf
 .text          0x080006e8       0x50 /Users/luftaquila/workspace/arm-gnu-toolchain-13.2.Rel1-darwin-arm64-arm-none-eabi/bin/../lib/gcc/arm-none-eabi/13.2.1/thumb/v7-m/nofp/libgcc.a(_arm_fixdfsi.o)
                0x080006e8                __fixdfsi
                0x080006e8                __aeabi_d2iz
 *(.text*)
 .text.deregister_tm_clones
                0x08000738       0x1c /Users/luftaquila/workspace/arm-gnu-toolchain-13.2.Rel1-darwin-arm64-arm-none-eabi/bin/../lib/gcc/arm-none-eabi/13.2.1/thumb/v7-m/nofp/crtbegin.o
 .text.register_tm_clones
                0x08000754       0x24 /Users/luftaquila/workspace/arm-gnu-toolchain-13.2.Rel1-darwin-arm64-arm-none-eabi/bin/../lib/gcc/arm-none-eabi/13.2.1/thumb/v7-m/nofp/crtbegin.o
 .text.__do_global_dtors_aux
                0x08000778       0x28 /Users/luftaquila/workspace/arm-gnu-toolchain-13.2.Rel1-darwin-arm64-arm-none-eabi/bin/../lib/gcc/arm-none-eabi/13.2.1/thumb/v7-m/nofp/crtbegin.o
 .text.frame_dummy
                0x080007a0       0x24 /Users/luftaquila/workspace/arm-gnu-toolchain-13.2.Rel1-darwin-arm64-arm-none-eabi/bin/../lib/gcc/arm-none-eabi/13.2.1/thumb/v7-m/nofp/crtbegin.o
 .text.SystemClock_Config
                0x080007c4       0x84 build/main.o
                0x080007c4                SystemClock_Config
 .text.startup.main
                0x08000848       0x54 build/main.o
                0x08000848                main
 .text.Error_Handler
                0x0800089c        0x4 build/main.o
                0x0800089c                Error_Handler
 .text.MX_GPIO_Init
                0x080008a0       0x30 build/gpio.o
                0x080008a0                MX_GPIO_Init
 .text.HAL_TIM_Base_MspInit
                0x080008d0       0x50 build/tim.o
                0x080008d0                HAL_TIM_Base_MspInit
 .text.HAL_TIM_MspPostInit
                0x08000920       0x8c build/tim.o
                0x08000920                HAL_TIM_MspPostInit
 .text.MX_TIM1_Init
                0x080009ac      0x11c build/tim.o
                0x080009ac                MX_TIM1_Init
 .text.MX_TIM2_Init
                0x08000ac8       0xdc build/tim.o
                0x08000ac8                MX_TIM2_Init
 .text.NMI_Handler
                0x08000ba4        0x4 build/stm32f1xx_it.o
                0x08000ba4                NMI_Handler
 .text.HardFault_Handler
                0x08000ba8        0x4 build/stm32f1xx_it.o
                0x08000ba8                HardFault_Handler
 .text.MemManage_Handler
                0x08000bac        0x4 build/stm32f1xx_it.o
                0x08000bac                MemManage_Handler
 .text.BusFault_Handler
                0x08000bb0        0x4 build/stm32f1xx_it.o
                0x08000bb0                BusFault_Handler
 .text.UsageFault_Handler
                0x08000bb4        0x4 build/stm32f1xx_it.o
                0x08000bb4                UsageFault_Handler
 .text.SVC_Handler
                0x08000bb8        0x4 build/stm32f1xx_it.o
                0x08000bb8                SVC_Handler
 .text.DebugMon_Handler
                0x08000bbc        0x4 build/stm32f1xx_it.o
                0x08000bbc                DebugMon_Handler
 .text.PendSV_Handler
                0x08000bc0        0x4 build/stm32f1xx_it.o
                0x08000bc0                PendSV_Handler
 .text.SysTick_Handler
                0x08000bc4        0x4 build/stm32f1xx_it.o
                0x08000bc4                SysTick_Handler
 .text.USB_HP_CAN1_TX_IRQHandler
                0x08000bc8        0xc build/stm32f1xx_it.o
                0x08000bc8                USB_HP_CAN1_TX_IRQHandler
 .text.USB_LP_CAN1_RX0_IRQHandler
                0x08000bd4        0xc build/stm32f1xx_it.o
                0x08000bd4                USB_LP_CAN1_RX0_IRQHandler
 .text.HAL_MspInit
                0x08000be0       0x44 build/stm32f1xx_hal_msp.o
                0x08000be0                HAL_MspInit
 .text.MX_USB_DEVICE_Init
                0x08000c24       0x74 build/usb_device.o
                0x08000c24                MX_USB_DEVICE_Init
 .text.USBD_FS_DeviceDescriptor
                0x08000c98        0xc build/usbd_desc.o
                0x08000c98                USBD_FS_DeviceDescriptor
 .text.USBD_FS_LangIDStrDescriptor
                0x08000ca4        0xc build/usbd_desc.o
                0x08000ca4                USBD_FS_LangIDStrDescriptor
 .text.USBD_FS_ManufacturerStrDescriptor
                0x08000cb0       0x1c build/usbd_desc.o
                0x08000cb0                USBD_FS_ManufacturerStrDescriptor
 .text.USBD_FS_ProductStrDescriptor
                0x08000ccc       0x1c build/usbd_desc.o
                0x08000ccc                USBD_FS_ProductStrDescriptor
 .text.USBD_FS_ConfigStrDescriptor
                0x08000ce8       0x1c build/usbd_desc.o
                0x08000ce8                USBD_FS_ConfigStrDescriptor
 .text.USBD_FS_InterfaceStrDescriptor
                0x08000d04       0x1c build/usbd_desc.o
                0x08000d04                USBD_FS_InterfaceStrDescriptor
 .text.USBD_FS_SerialStrDescriptor
                0x08000d20       0x78 build/usbd_desc.o
                0x08000d20                USBD_FS_SerialStrDescriptor
 .text.CDC_DeInit_FS
                0x08000d98        0x4 build/usbd_cdc_if.o
 .text.CDC_Control_FS
                0x08000d9c        0x4 build/usbd_cdc_if.o
 .text.CDC_Receive_FS
                0x08000da0       0x9c build/usbd_cdc_if.o
 .text.CDC_Init_FS
                0x08000e3c       0x28 build/usbd_cdc_if.o
 .text.HAL_PCD_MspInit
                0x08000e64       0x50 build/usbd_conf.o
                0x08000e64                HAL_PCD_MspInit
 .text.HAL_PCD_SetupStageCallback
                0x08000eb4       0x10 build/usbd_conf.o
                0x08000eb4                HAL_PCD_SetupStageCallback
 .text.HAL_PCD_DataOutStageCallback
                0x08000ec4       0x14 build/usbd_conf.o
                0x08000ec4                HAL_PCD_DataOutStageCallback
 .text.HAL_PCD_DataInStageCallback
                0x08000ed8       0x14 build/usbd_conf.o
                0x08000ed8                HAL_PCD_DataInStageCallback
 .text.HAL_PCD_SOFCallback
                0x08000eec        0x8 build/usbd_conf.o
                0x08000eec                HAL_PCD_SOFCallback
 .text.HAL_PCD_ResetCallback
                0x08000ef4       0x24 build/usbd_conf.o
                0x08000ef4                HAL_PCD_ResetCallback
 .text.HAL_PCD_SuspendCallback
                0x08000f18       0x20 build/usbd_conf.o
                0x08000f18                HAL_PCD_SuspendCallback
 .text.HAL_PCD_ResumeCallback
                0x08000f38        0x8 build/usbd_conf.o
                0x08000f38                HAL_PCD_ResumeCallback
 .text.USBD_LL_Init
                0x08000f40       0x8c build/usbd_conf.o
                0x08000f40                USBD_LL_Init
 .text.USBD_LL_Start
                0x08000fcc       0x18 build/usbd_conf.o
                0x08000fcc                USBD_LL_Start
 .text.USBD_LL_OpenEP
                0x08000fe4       0x1c build/usbd_conf.o
                0x08000fe4                USBD_LL_OpenEP
 .text.USBD_LL_CloseEP
                0x08001000       0x18 build/usbd_conf.o
                0x08001000                USBD_LL_CloseEP
 .text.USBD_LL_StallEP
                0x08001018       0x18 build/usbd_conf.o
                0x08001018                USBD_LL_StallEP
 .text.USBD_LL_ClearStallEP
                0x08001030       0x18 build/usbd_conf.o
                0x08001030                USBD_LL_ClearStallEP
 .text.USBD_LL_IsStallEP
                0x08001048       0x28 build/usbd_conf.o
                0x08001048                USBD_LL_IsStallEP
 .text.USBD_LL_SetUSBAddress
                0x08001070       0x18 build/usbd_conf.o
                0x08001070                USBD_LL_SetUSBAddress
 .text.USBD_LL_Transmit
                0x08001088       0x18 build/usbd_conf.o
                0x08001088                USBD_LL_Transmit
 .text.USBD_LL_PrepareReceive
                0x080010a0       0x18 build/usbd_conf.o
                0x080010a0                USBD_LL_PrepareReceive
 .text.USBD_LL_GetRxDataSize
                0x080010b8        0x8 build/usbd_conf.o
                0x080010b8                USBD_LL_GetRxDataSize
 .text.USBD_static_malloc
                0x080010c0        0x8 build/usbd_conf.o
                0x080010c0                USBD_static_malloc
 .text.USBD_static_free
                0x080010c8        0x4 build/usbd_conf.o
                0x080010c8                USBD_static_free
 .text.HAL_PCDEx_SetConnectionState
                0x080010cc        0x4 build/usbd_conf.o
                0x080010cc                HAL_PCDEx_SetConnectionState
 .text.HAL_PCD_Init
                0x080010d0       0xf0 build/stm32f1xx_hal_pcd.o
                0x080010d0                HAL_PCD_Init
 .text.HAL_PCD_Start
                0x080011c0       0x34 build/stm32f1xx_hal_pcd.o
                0x080011c0                HAL_PCD_Start
 .text.HAL_PCD_IRQHandler
                0x080011f4      0xb24 build/stm32f1xx_hal_pcd.o
                0x080011f4                HAL_PCD_IRQHandler
 .text.HAL_PCD_SetAddress
                0x08001d18       0x2c build/stm32f1xx_hal_pcd.o
                0x08001d18                HAL_PCD_SetAddress
 .text.HAL_PCD_EP_Open
                0x08001d44       0x68 build/stm32f1xx_hal_pcd.o
                0x08001d44                HAL_PCD_EP_Open
 .text.HAL_PCD_EP_Close
                0x08001dac       0x5c build/stm32f1xx_hal_pcd.o
                0x08001dac                HAL_PCD_EP_Close
 .text.HAL_PCD_EP_Receive
                0x08001e08       0x30 build/stm32f1xx_hal_pcd.o
                0x08001e08                HAL_PCD_EP_Receive
 .text.HAL_PCD_EP_GetRxCount
                0x08001e38       0x14 build/stm32f1xx_hal_pcd.o
                0x08001e38                HAL_PCD_EP_GetRxCount
 .text.HAL_PCD_EP_Transmit
                0x08001e4c       0x48 build/stm32f1xx_hal_pcd.o
                0x08001e4c                HAL_PCD_EP_Transmit
 .text.HAL_PCD_EP_SetStall
                0x08001e94       0x7c build/stm32f1xx_hal_pcd.o
                0x08001e94                HAL_PCD_EP_SetStall
 .text.HAL_PCD_EP_ClrStall
                0x08001f10       0x70 build/stm32f1xx_hal_pcd.o
                0x08001f10                HAL_PCD_EP_ClrStall
 .text.HAL_PCDEx_PMAConfig
                0x08001f80       0x3c build/stm32f1xx_hal_pcd_ex.o
                0x08001f80                HAL_PCDEx_PMAConfig
 .text.USB_CoreInit
                0x08001fbc       0x10 build/stm32f1xx_ll_usb.o
                0x08001fbc                USB_CoreInit
 .text.USB_EnableGlobalInt
                0x08001fcc       0x14 build/stm32f1xx_ll_usb.o
                0x08001fcc                USB_EnableGlobalInt
 .text.USB_DisableGlobalInt
                0x08001fe0       0x14 build/stm32f1xx_ll_usb.o
                0x08001fe0                USB_DisableGlobalInt
 .text.USB_SetCurrentMode
                0x08001ff4        0x4 build/stm32f1xx_ll_usb.o
                0x08001ff4                USB_SetCurrentMode
 .text.USB_DevInit
                0x08001ff8       0x28 build/stm32f1xx_ll_usb.o
                0x08001ff8                USB_DevInit
 .text.USB_ActivateEndpoint
                0x08002020      0x390 build/stm32f1xx_ll_usb.o
                0x08002020                USB_ActivateEndpoint
 .text.USB_DeactivateEndpoint
                0x080023b0      0x1c4 build/stm32f1xx_ll_usb.o
                0x080023b0                USB_DeactivateEndpoint
 .text.USB_EPStartXfer
                0x08002574      0x4ec build/stm32f1xx_ll_usb.o
                0x08002574                USB_EPStartXfer
 .text.USB_EPSetStall
                0x08002a60       0x50 build/stm32f1xx_ll_usb.o
                0x08002a60                USB_EPSetStall
 .text.USB_EPClearStall
                0x08002ab0       0xa0 build/stm32f1xx_ll_usb.o
                0x08002ab0                USB_EPClearStall
 .text.USB_SetDevAddress
                0x08002b50        0xc build/stm32f1xx_ll_usb.o
                0x08002b50                USB_SetDevAddress
 .text.USB_DevConnect
                0x08002b5c        0x4 build/stm32f1xx_ll_usb.o
                0x08002b5c                USB_DevConnect
 .text.USB_DevDisconnect
                0x08002b60        0x4 build/stm32f1xx_ll_usb.o
                0x08002b60                USB_DevDisconnect
 .text.USB_ReadInterrupts
                0x08002b64        0x8 build/stm32f1xx_ll_usb.o
                0x08002b64                USB_ReadInterrupts
 .text.USB_EP0_OutStart
                0x08002b6c        0x4 build/stm32f1xx_ll_usb.o
                0x08002b6c                USB_EP0_OutStart
 .text.USB_WritePMA
                0x08002b70       0x20 build/stm32f1xx_ll_usb.o
                0x08002b70                USB_WritePMA
 .text.USB_ReadPMA
                0x08002b90       0x44 build/stm32f1xx_ll_usb.o
                0x08002b90                USB_ReadPMA
 .text.HAL_InitTick
                0x08002bd4       0x48 build/stm32f1xx_hal.o
                0x08002bd4                HAL_InitTick
 .text.HAL_Init
                0x08002c1c       0x24 build/stm32f1xx_hal.o
                0x08002c1c                HAL_Init
 .text.HAL_IncTick
                0x08002c40       0x18 build/stm32f1xx_hal.o
                0x08002c40                HAL_IncTick
 .text.HAL_GetTick
                0x08002c58        0xc build/stm32f1xx_hal.o
                0x08002c58                HAL_GetTick
 .text.HAL_RCC_OscConfig
                0x08002c64      0x3dc build/stm32f1xx_hal_rcc.o
                0x08002c64                HAL_RCC_OscConfig
 .text.HAL_RCC_GetSysClockFreq
                0x08003040       0x50 build/stm32f1xx_hal_rcc.o
                0x08003040                HAL_RCC_GetSysClockFreq
 .text.HAL_RCC_ClockConfig
                0x08003090      0x140 build/stm32f1xx_hal_rcc.o
                0x08003090                HAL_RCC_ClockConfig
 .text.HAL_RCCEx_PeriphCLKConfig
                0x080031d0      0x100 build/stm32f1xx_hal_rcc_ex.o
                0x080031d0                HAL_RCCEx_PeriphCLKConfig
 .text.HAL_GPIO_Init
                0x080032d0      0x210 build/stm32f1xx_hal_gpio.o
                0x080032d0                HAL_GPIO_Init
 .text.HAL_NVIC_SetPriorityGrouping
                0x080034e0       0x24 build/stm32f1xx_hal_cortex.o
                0x080034e0                HAL_NVIC_SetPriorityGrouping
 .text.HAL_NVIC_SetPriority
                0x08003504       0x78 build/stm32f1xx_hal_cortex.o
                0x08003504                HAL_NVIC_SetPriority
 .text.HAL_NVIC_EnableIRQ
                0x0800357c       0x1c build/stm32f1xx_hal_cortex.o
                0x0800357c                HAL_NVIC_EnableIRQ
 .text.HAL_SYSTICK_Config
                0x08003598       0x30 build/stm32f1xx_hal_cortex.o
                0x08003598                HAL_SYSTICK_Config
 .text.TIM_OC1_SetConfig
                0x080035c8       0x54 build/stm32f1xx_hal_tim.o
 .text.TIM_OC3_SetConfig
                0x0800361c       0x58 build/stm32f1xx_hal_tim.o
 .text.TIM_OC4_SetConfig
                0x08003674       0x4c build/stm32f1xx_hal_tim.o
 .text.HAL_TIM_OC_Start
                0x080036c0       0xb0 build/stm32f1xx_hal_tim.o
                0x080036c0                HAL_TIM_OC_Start
 .text.HAL_TIM_PWM_MspInit
                0x08003770        0x4 build/stm32f1xx_hal_tim.o
                0x08003770                HAL_TIM_PWM_MspInit
 .text.HAL_TIM_PWM_Start
                0x08003774        0x4 build/stm32f1xx_hal_tim.o
                0x08003774                HAL_TIM_PWM_Start
 .text.HAL_TIM_ConfigClockSource
                0x08003778      0x154 build/stm32f1xx_hal_tim.o
                0x08003778                HAL_TIM_ConfigClockSource
 .text.TIM_Base_SetConfig
                0x080038cc       0x98 build/stm32f1xx_hal_tim.o
                0x080038cc                TIM_Base_SetConfig
 .text.HAL_TIM_Base_Init
                0x08003964       0x5c build/stm32f1xx_hal_tim.o
                0x08003964                HAL_TIM_Base_Init
 .text.HAL_TIM_PWM_Init
                0x080039c0       0x5c build/stm32f1xx_hal_tim.o
                0x080039c0                HAL_TIM_PWM_Init
 .text.TIM_OC2_SetConfig
                0x08003a1c       0x5c build/stm32f1xx_hal_tim.o
                0x08003a1c                TIM_OC2_SetConfig
 .text.HAL_TIM_PWM_ConfigChannel
                0x08003a78       0xc0 build/stm32f1xx_hal_tim.o
                0x08003a78                HAL_TIM_PWM_ConfigChannel
 .text.HAL_TIMEx_MasterConfigSynchronization
                0x08003b38       0x64 build/stm32f1xx_hal_tim_ex.o
                0x08003b38                HAL_TIMEx_MasterConfigSynchronization
 .text.HAL_TIMEx_ConfigBreakDeadTime
                0x08003b9c       0x54 build/stm32f1xx_hal_tim_ex.o
                0x08003b9c                HAL_TIMEx_ConfigBreakDeadTime
 .text.SystemInit
                0x08003bf0        0x4 build/system_stm32f1xx.o
                0x08003bf0                SystemInit
 .text.USBD_Init
                0x08003bf4       0x2c build/usbd_core.o
                0x08003bf4                USBD_Init
 .text.USBD_RegisterClass
                0x08003c20       0x10 build/usbd_core.o
                0x08003c20                USBD_RegisterClass
 .text.USBD_Start
                0x08003c30        0xc build/usbd_core.o
                0x08003c30                USBD_Start
 .text.USBD_SetClassConfig
                0x08003c3c       0x1c build/usbd_core.o
                0x08003c3c                USBD_SetClassConfig
 .text.USBD_ClrClassConfig
                0x08003c58       0x10 build/usbd_core.o
                0x08003c58                USBD_ClrClassConfig
 .text.USBD_LL_SetupStage
                0x08003c68       0x60 build/usbd_core.o
                0x08003c68                USBD_LL_SetupStage
 .text.USBD_LL_DataOutStage
                0x08003cc8       0x74 build/usbd_core.o
                0x08003cc8                USBD_LL_DataOutStage
 .text.USBD_LL_DataInStage
                0x08003d3c       0xc0 build/usbd_core.o
                0x08003d3c                USBD_LL_DataInStage
 .text.USBD_LL_Reset
                0x08003dfc       0x50 build/usbd_core.o
                0x08003dfc                USBD_LL_Reset
 .text.USBD_LL_SetSpeed
                0x08003e4c        0x8 build/usbd_core.o
                0x08003e4c                USBD_LL_SetSpeed
 .text.USBD_LL_Suspend
                0x08003e54       0x14 build/usbd_core.o
                0x08003e54                USBD_LL_Suspend
 .text.USBD_LL_Resume
                0x08003e68       0x14 build/usbd_core.o
                0x08003e68                USBD_LL_Resume
 .text.USBD_LL_SOF
                0x08003e7c       0x1c build/usbd_core.o
                0x08003e7c                USBD_LL_SOF
 .text.USBD_StdDevReq
                0x08003e98      0x2e4 build/usbd_ctlreq.o
                0x08003e98                USBD_StdDevReq
 .text.USBD_StdItfReq
                0x0800417c       0x68 build/usbd_ctlreq.o
                0x0800417c                USBD_StdItfReq
 .text.USBD_StdEPReq
                0x080041e4      0x134 build/usbd_ctlreq.o
                0x080041e4                USBD_StdEPReq
 .text.USBD_ParseSetupRequest
                0x08004318       0x18 build/usbd_ctlreq.o
                0x08004318                USBD_ParseSetupRequest
 .text.USBD_CtlError
                0x08004330       0x18 build/usbd_ctlreq.o
                0x08004330                USBD_CtlError
 .text.USBD_GetString
                0x08004348       0x50 build/usbd_ctlreq.o
                0x08004348                USBD_GetString
 .text.USBD_CtlSendData
                0x08004398       0x1c build/usbd_ioreq.o
                0x08004398                USBD_CtlSendData
 .text.USBD_CtlContinueSendData
                0x080043b4       0x14 build/usbd_ioreq.o
                0x080043b4                USBD_CtlContinueSendData
 .text.USBD_CtlPrepareRx
                0x080043c8       0x1c build/usbd_ioreq.o
                0x080043c8                USBD_CtlPrepareRx
 .text.USBD_CtlContinueRx
                0x080043e4       0x14 build/usbd_ioreq.o
                0x080043e4                USBD_CtlContinueRx
 .text.USBD_CtlSendStatus
                0x080043f8       0x18 build/usbd_ioreq.o
                0x080043f8                USBD_CtlSendStatus
 .text.USBD_CtlReceiveStatus
                0x08004410       0x18 build/usbd_ioreq.o
                0x08004410                USBD_CtlReceiveStatus
 .text.USBD_CDC_EP0_RxReady
                0x08004428       0x2c build/usbd_cdc.o
 .text.USBD_CDC_GetFSCfgDesc
                0x08004454       0x10 build/usbd_cdc.o
 .text.USBD_CDC_GetHSCfgDesc
                0x08004464       0x10 build/usbd_cdc.o
 .text.USBD_CDC_GetOtherSpeedCfgDesc
                0x08004474       0x10 build/usbd_cdc.o
 .text.USBD_CDC_GetDeviceQualifierDescriptor
                0x08004484       0x10 build/usbd_cdc.o
                0x08004484                USBD_CDC_GetDeviceQualifierDescriptor
 .text.USBD_CDC_DataOut
                0x08004494       0x30 build/usbd_cdc.o
 .text.USBD_CDC_DataIn
                0x080044c4       0x48 build/usbd_cdc.o
 .text.USBD_CDC_Setup
                0x0800450c       0xb4 build/usbd_cdc.o
 .text.USBD_CDC_DeInit
                0x080045c0       0x44 build/usbd_cdc.o
 .text.USBD_CDC_Init
                0x08004604       0xa0 build/usbd_cdc.o
 .text.USBD_CDC_RegisterInterface
                0x080046a4       0x10 build/usbd_cdc.o
                0x080046a4                USBD_CDC_RegisterInterface
 .text.USBD_CDC_SetTxBuffer
                0x080046b4       0x14 build/usbd_cdc.o
                0x080046b4                USBD_CDC_SetTxBuffer
 .text.USBD_CDC_SetRxBuffer
                0x080046c8       0x10 build/usbd_cdc.o
                0x080046c8                USBD_CDC_SetRxBuffer
 .text.USBD_CDC_ReceivePacket
                0x080046d8       0x30 build/usbd_cdc.o
                0x080046d8                USBD_CDC_ReceivePacket
 .text.Reset_Handler
                0x08004708       0x48 build/startup_stm32f103xb.o
                0x08004708                Reset_Handler
 .text.Default_Handler
                0x08004750        0x2 build/startup_stm32f103xb.o
                0x08004750                USBWakeUp_IRQHandler
                0x08004750                EXTI2_IRQHandler
                0x08004750                TIM1_CC_IRQHandler
                0x08004750                PVD_IRQHandler
                0x08004750                EXTI3_IRQHandler
                0x08004750                EXTI0_IRQHandler
                0x08004750                I2C2_EV_IRQHandler
                0x08004750                ADC1_2_IRQHandler
                0x08004750                SPI1_IRQHandler
                0x08004750                TAMPER_IRQHandler
                0x08004750                DMA1_Channel4_IRQHandler
                0x08004750                USART3_IRQHandler
                0x08004750                RTC_IRQHandler
                0x08004750                DMA1_Channel7_IRQHandler
                0x08004750                CAN1_RX1_IRQHandler
                0x08004750                TIM4_IRQHandler
                0x08004750                I2C1_EV_IRQHandler
                0x08004750                DMA1_Channel6_IRQHandler
                0x08004750                TIM3_IRQHandler
                0x08004750                RCC_IRQHandler
                0x08004750                TIM1_TRG_COM_IRQHandler
                0x08004750                DMA1_Channel1_IRQHandler
                0x08004750                Default_Handler
                0x08004750                EXTI15_10_IRQHandler
                0x08004750                EXTI9_5_IRQHandler
                0x08004750                SPI2_IRQHandler
                0x08004750                DMA1_Channel5_IRQHandler
                0x08004750                EXTI4_IRQHandler
                0x08004750                DMA1_Channel3_IRQHandler
                0x08004750                TIM1_UP_IRQHandler
                0x08004750                WWDG_IRQHandler
                0x08004750                TIM2_IRQHandler
                0x08004750                TIM1_BRK_IRQHandler
                0x08004750                EXTI1_IRQHandler
                0x08004750                USART2_IRQHandler
                0x08004750                I2C2_ER_IRQHandler
                0x08004750                DMA1_Channel2_IRQHandler
                0x08004750                CAN1_SCE_IRQHandler
                0x08004750                FLASH_IRQHandler
                0x08004750                USART1_IRQHandler
                0x08004750                I2C1_ER_IRQHandler
                0x08004750                RTC_Alarm_IRQHandler
 .text.memset   0x08004752       0x10 /Users/luftaquila/workspace/arm-gnu-toolchain-13.2.Rel1-darwin-arm64-arm-none-eabi/bin/../lib/gcc/arm-none-eabi/13.2.1/../../../../arm-none-eabi/lib/thumb/v7-m/nofp/libc_nano.a(libc_a-memset.o)
                0x08004752                memset
 *fill*         0x08004762        0x2 
 .text.__libc_init_array
                0x08004764       0x48 /Users/luftaquila/workspace/arm-gnu-toolchain-13.2.Rel1-darwin-arm64-arm-none-eabi/bin/../lib/gcc/arm-none-eabi/13.2.1/../../../../arm-none-eabi/lib/thumb/v7-m/nofp/libc_nano.a(libc_a-init.o)
                0x08004764                __libc_init_array
 *(.glue_7)
 .glue_7        0x080047ac        0x0 linker stubs
 *(.glue_7t)
 .glue_7t       0x080047ac        0x0 linker stubs
 *(.eh_frame)
 .eh_frame      0x080047ac        0x0 /Users/luftaquila/workspace/arm-gnu-toolchain-13.2.Rel1-darwin-arm64-arm-none-eabi/bin/../lib/gcc/arm-none-eabi/13.2.1/thumb/v7-m/nofp/crtbegin.o
 *(.init)
 .init          0x080047ac        0x4 /Users/luftaquila/workspace/arm-gnu-toolchain-13.2.Rel1-darwin-arm64-arm-none-eabi/bin/../lib/gcc/arm-none-eabi/13.2.1/thumb/v7-m/nofp/crti.o
                0x080047ac                _init
 .init          0x080047b0        0x8 /Users/luftaquila/workspace/arm-gnu-toolchain-13.2.Rel1-darwin-arm64-arm-none-eabi/bin/../lib/gcc/arm-none-eabi/13.2.1/thumb/v7-m/nofp/crtn.o
 *(.fini)
 .fini          0x080047b8        0x4 /Users/luftaquila/workspace/arm-gnu-toolchain-13.2.Rel1-darwin-arm64-arm-none-eabi/bin/../lib/gcc/arm-none-eabi/13.2.1/thumb/v7-m/nofp/crti.o
                0x080047b8                _fini
 .fini          0x080047bc        0x8 /Users/luftaquila/workspace/arm-gnu-toolchain-13.2.Rel1-darwin-arm64-arm-none-eabi/bin/../lib/gcc/arm-none-eabi/13.2.1/thumb/v7-m/nofp/crtn.o
                0x080047c4                        . = ALIGN (0x4)
                0x080047c4                        _etext = .

.vfp11_veneer   0x080047c4        0x0
 .vfp11_veneer  0x080047c4        0x0 linker stubs

.v4_bx          0x080047c4        0x0
 .v4_bx         0x080047c4        0x0 linker stubs

.iplt           0x080047c4        0x0
 .iplt          0x080047c4        0x0 /Users/luftaquila/workspace/arm-gnu-toolchain-13.2.Rel1-darwin-arm64-arm-none-eabi/bin/../lib/gcc/arm-none-eabi/13.2.1/thumb/v7-m/nofp/crtbegin.o

.rodata         0x080047c4       0x60
                0x080047c4                        . = ALIGN (0x4)
 *(.rodata)
 *(.rodata*)
 .rodata.USBD_FS_ManufacturerStrDescriptor.str1.4
                0x080047c4       0x3a build/usbd_desc.o
                                 0x13 (size before relaxing)
 .rodata.USBD_FS_ProductStrDescriptor.str1.4
                0x080047fe        0xa build/usbd_desc.o
 .rodata.USBD_FS_ConfigStrDescriptor.str1.4
                0x080047fe        0xb build/usbd_desc.o
 .rodata.USBD_FS_InterfaceStrDescriptor.str1.4
                0x080047fe        0xe build/usbd_desc.o
 *fill*         0x080047fe        0x2 
 .rodata.aPredivFactorTable.0
                0x08004800        0x2 build/stm32f1xx_hal_rcc.o
 *fill*         0x08004802        0x2 
 .rodata.aPLLMULFactorTable.1
                0x08004804       0x10 build/stm32f1xx_hal_rcc.o
 .rodata.AHBPrescTable
                0x08004814       0x10 build/system_stm32f1xx.o
                0x08004814                AHBPrescTable
                0x08004824                        . = ALIGN (0x4)

.ARM.extab
 *(.ARM.extab* .gnu.linkonce.armextab.*)

.ARM            0x08004824        0x8
                0x08004824                        __exidx_start = .
 *(.ARM.exidx*)
 .ARM.exidx     0x08004824        0x8 /Users/luftaquila/workspace/arm-gnu-toolchain-13.2.Rel1-darwin-arm64-arm-none-eabi/bin/../lib/gcc/arm-none-eabi/13.2.1/../../../../arm-none-eabi/lib/thumb/v7-m/nofp/libc_nano.a(libc_a-strlen.o)
                0x0800482c                        __exidx_end = .

.rel.dyn        0x0800482c        0x0
 .rel.iplt      0x0800482c        0x0 /Users/luftaquila/workspace/arm-gnu-toolchain-13.2.Rel1-darwin-arm64-arm-none-eabi/bin/../lib/gcc/arm-none-eabi/13.2.1/thumb/v7-m/nofp/crtbegin.o

.preinit_array  0x0800482c        0x0
                0x0800482c                        PROVIDE (__preinit_array_start = .)
 *(.preinit_array*)
                0x0800482c                        PROVIDE (__preinit_array_end = .)

.init_array     0x0800482c        0x4
                0x0800482c                        PROVIDE (__init_array_start = .)
 *(SORT_BY_NAME(.init_array.*))
 *(.init_array*)
 .init_array    0x0800482c        0x4 /Users/luftaquila/workspace/arm-gnu-toolchain-13.2.Rel1-darwin-arm64-arm-none-eabi/bin/../lib/gcc/arm-none-eabi/13.2.1/thumb/v7-m/nofp/crtbegin.o
                0x08004830                        PROVIDE (__init_array_end = .)

.fini_array     0x08004830        0x4
                [!provide]                        PROVIDE (__fini_array_start = .)
 *(SORT_BY_NAME(.fini_array.*))
 *(.fini_array*)
 .fini_array    0x08004830        0x4 /Users/luftaquila/workspace/arm-gnu-toolchain-13.2.Rel1-darwin-arm64-arm-none-eabi/bin/../lib/gcc/arm-none-eabi/13.2.1/thumb/v7-m/nofp/crtbegin.o
                [!provide]                        PROVIDE (__fini_array_end = .)
                0x08004834                        _sidata = LOADADDR (.data)

.data           0x20000000      0x17c load address 0x08004834
                0x20000000                        . = ALIGN (0x4)
                0x20000000                        _sdata = .
 *(.data)
 *(.data*)
 .data.USBD_StringSerial
                0x20000000       0x1a build/usbd_desc.o
                0x20000000                USBD_StringSerial
 *fill*         0x2000001a        0x2 
 .data.USBD_LangIDDesc
                0x2000001c        0x4 build/usbd_desc.o
                0x2000001c                USBD_LangIDDesc
 .data.USBD_FS_DeviceDesc
                0x20000020       0x12 build/usbd_desc.o
                0x20000020                USBD_FS_DeviceDesc
 *fill*         0x20000032        0x2 
 .data.FS_Desc  0x20000034       0x1c build/usbd_desc.o
                0x20000034                FS_Desc
 .data.USBD_Interface_fops_FS
                0x20000050       0x10 build/usbd_cdc_if.o
                0x20000050                USBD_Interface_fops_FS
 .data.uwTickFreq
                0x20000060        0x1 build/stm32f1xx_hal.o
                0x20000060                uwTickFreq
 *fill*         0x20000061        0x3 
 .data.uwTickPrio
                0x20000064        0x4 build/stm32f1xx_hal.o
                0x20000064                uwTickPrio
 .data.SystemCoreClock
                0x20000068        0x4 build/system_stm32f1xx.o
                0x20000068                SystemCoreClock
 .data.USBD_CDC_OtherSpeedCfgDesc
                0x2000006c       0x43 build/usbd_cdc.o
                0x2000006c                USBD_CDC_OtherSpeedCfgDesc
 *fill*         0x200000af        0x1 
 .data.USBD_CDC_CfgFSDesc
                0x200000b0       0x43 build/usbd_cdc.o
                0x200000b0                USBD_CDC_CfgFSDesc
 *fill*         0x200000f3        0x1 
 .data.USBD_CDC_CfgHSDesc
                0x200000f4       0x43 build/usbd_cdc.o
                0x200000f4                USBD_CDC_CfgHSDesc
 *fill*         0x20000137        0x1 
 .data.USBD_CDC
                0x20000138       0x38 build/usbd_cdc.o
                0x20000138                USBD_CDC
 .data.USBD_CDC_DeviceQualifierDesc
                0x20000170        0xa build/usbd_cdc.o
                0x2000017c                        . = ALIGN (0x4)
 *fill*         0x2000017a        0x2 
                0x2000017c                        _edata = .

.tm_clone_table
                0x2000017c        0x0 load address 0x080049b0
 .tm_clone_table
                0x2000017c        0x0 /Users/luftaquila/workspace/arm-gnu-toolchain-13.2.Rel1-darwin-arm64-arm-none-eabi/bin/../lib/gcc/arm-none-eabi/13.2.1/thumb/v7-m/nofp/crtbegin.o
 .tm_clone_table
                0x2000017c        0x0 /Users/luftaquila/workspace/arm-gnu-toolchain-13.2.Rel1-darwin-arm64-arm-none-eabi/bin/../lib/gcc/arm-none-eabi/13.2.1/thumb/v7-m/nofp/crtend.o

.igot.plt       0x2000017c        0x0 load address 0x080049b0
 .igot.plt      0x2000017c        0x0 /Users/luftaquila/workspace/arm-gnu-toolchain-13.2.Rel1-darwin-arm64-arm-none-eabi/bin/../lib/gcc/arm-none-eabi/13.2.1/thumb/v7-m/nofp/crtbegin.o
                0x2000017c                        . = ALIGN (0x4)

.bss            0x20000180     0x1290 load address 0x080049b0
                0x20000180                        _sbss = .
                0x20000180                        __bss_start__ = _sbss
 *(.bss)
 *(.bss*)
 .bss.completed.1
                0x20000180        0x1 /Users/luftaquila/workspace/arm-gnu-toolchain-13.2.Rel1-darwin-arm64-arm-none-eabi/bin/../lib/gcc/arm-none-eabi/13.2.1/thumb/v7-m/nofp/crtbegin.o
 *fill*         0x20000181        0x3 
 .bss.object.0  0x20000184       0x18 /Users/luftaquila/workspace/arm-gnu-toolchain-13.2.Rel1-darwin-arm64-arm-none-eabi/bin/../lib/gcc/arm-none-eabi/13.2.1/thumb/v7-m/nofp/crtbegin.o
 .bss.htim2     0x2000019c       0x48 build/tim.o
                0x2000019c                htim2
 *fill*         0x200001e4        0x4 
 .bss.htim1     0x200001e8       0x48 build/tim.o
                0x200001e8                htim1
 .bss.hUsbDeviceFS
                0x20000230      0x2c4 build/usb_device.o
                0x20000230                hUsbDeviceFS
 .bss.USBD_StrDesc
                0x200004f4      0x200 build/usbd_desc.o
                0x200004f4                USBD_StrDesc
 .bss.UserTxBufferFS
                0x200006f4      0x400 build/usbd_cdc_if.o
                0x200006f4                UserTxBufferFS
 .bss.UserRxBufferFS
                0x20000af4      0x400 build/usbd_cdc_if.o
                0x20000af4                UserRxBufferFS
 .bss.mem.0     0x20000ef4      0x220 build/usbd_conf.o
 *fill*         0x20001114        0x4 
 .bss.hpcd_USB_FS
                0x20001118      0x2f0 build/usbd_conf.o
                0x20001118                hpcd_USB_FS
 .bss.uwTick    0x20001408        0x4 build/stm32f1xx_hal.o
                0x20001408                uwTick
 .bss.cfgidx.0  0x2000140c        0x1 build/usbd_ctlreq.o
 *(COMMON)
                0x20001410                        . = ALIGN (0x4)
 *fill*         0x2000140d        0x3 
                0x20001410                        _ebss = .
                0x20001410                        __bss_end__ = _ebss

._user_heap_stack
                0x20001410      0x600 load address 0x080049b0
                0x20001410                        . = ALIGN (0x8)
                [!provide]                        PROVIDE (end = .)
                0x20001410                        PROVIDE (_end = .)
                0x20001610                        . = (. + _Min_Heap_Size)
 *fill*         0x20001410      0x200 
                0x20001a10                        . = (. + _Min_Stack_Size)
 *fill*         0x20001610      0x400 
                0x20001a10                        . = ALIGN (0x8)

/DISCARD/
 libc.a(*)
 libm.a(*)
 libgcc.a(*)

.ARM.attributes
                0x00000000       0x29
 *(.ARM.attributes)
 .ARM.attributes
                0x00000000       0x1d /Users/luftaquila/workspace/arm-gnu-toolchain-13.2.Rel1-darwin-arm64-arm-none-eabi/bin/../lib/gcc/arm-none-eabi/13.2.1/thumb/v7-m/nofp/crti.o
 .ARM.attributes
                0x0000001d       0x2d /Users/luftaquila/workspace/arm-gnu-toolchain-13.2.Rel1-darwin-arm64-arm-none-eabi/bin/../lib/gcc/arm-none-eabi/13.2.1/thumb/v7-m/nofp/crtbegin.o
 .ARM.attributes
                0x0000004a       0x2d build/main.o
 .ARM.attributes
                0x00000077       0x2d build/gpio.o
 .ARM.attributes
                0x000000a4       0x2d build/tim.o
 .ARM.attributes
                0x000000d1       0x2d build/stm32f1xx_it.o
 .ARM.attributes
                0x000000fe       0x2d build/stm32f1xx_hal_msp.o
 .ARM.attributes
                0x0000012b       0x2d build/usb_device.o
 .ARM.attributes
                0x00000158       0x2d build/usbd_desc.o
 .ARM.attributes
                0x00000185       0x2d build/usbd_cdc_if.o
 .ARM.attributes
                0x000001b2       0x2d build/usbd_conf.o
 .ARM.attributes
                0x000001df       0x2d build/stm32f1xx_hal_pcd.o
 .ARM.attributes
                0x0000020c       0x2d build/stm32f1xx_hal_pcd_ex.o
 .ARM.attributes
                0x00000239       0x2d build/stm32f1xx_ll_usb.o
 .ARM.attributes
                0x00000266       0x2d build/stm32f1xx_hal.o
 .ARM.attributes
                0x00000293       0x2d build/stm32f1xx_hal_rcc.o
 .ARM.attributes
                0x000002c0       0x2d build/stm32f1xx_hal_rcc_ex.o
 .ARM.attributes
                0x000002ed       0x2d build/stm32f1xx_hal_gpio.o
 .ARM.attributes
                0x0000031a       0x2d build/stm32f1xx_hal_cortex.o
 .ARM.attributes
                0x00000347       0x2d build/stm32f1xx_hal_tim.o
 .ARM.attributes
                0x00000374       0x2d build/stm32f1xx_hal_tim_ex.o
 .ARM.attributes
                0x000003a1       0x2d build/system_stm32f1xx.o
 .ARM.attributes
                0x000003ce       0x2d build/usbd_core.o
 .ARM.attributes
                0x000003fb       0x2d build/usbd_ctlreq.o
 .ARM.attributes
                0x00000428       0x2d build/usbd_ioreq.o
 .ARM.attributes
                0x00000455       0x2d build/usbd_cdc.o
 .ARM.attributes
                0x00000482       0x21 build/startup_stm32f103xb.o
 .ARM.attributes
                0x000004a3       0x2d /Users/luftaquila/workspace/arm-gnu-toolchain-13.2.Rel1-darwin-arm64-arm-none-eabi/bin/../lib/gcc/arm-none-eabi/13.2.1/../../../../arm-none-eabi/lib/thumb/v7-m/nofp/libc_nano.a(libc_a-memset.o)
 .ARM.attributes
                0x000004d0       0x2d /Users/luftaquila/workspace/arm-gnu-toolchain-13.2.Rel1-darwin-arm64-arm-none-eabi/bin/../lib/gcc/arm-none-eabi/13.2.1/../../../../arm-none-eabi/lib/thumb/v7-m/nofp/libc_nano.a(libc_a-init.o)
 .ARM.attributes
                0x000004fd       0x17 /Users/luftaquila/workspace/arm-gnu-toolchain-13.2.Rel1-darwin-arm64-arm-none-eabi/bin/../lib/gcc/arm-none-eabi/13.2.1/../../../../arm-none-eabi/lib/thumb/v7-m/nofp/libc_nano.a(libc_a-strlen.o)
 .ARM.attributes
                0x00000514       0x1d /Users/luftaquila/workspace/arm-gnu-toolchain-13.2.Rel1-darwin-arm64-arm-none-eabi/bin/../lib/gcc/arm-none-eabi/13.2.1/thumb/v7-m/nofp/libgcc.a(_arm_muldf3.o)
 .ARM.attributes
                0x00000531       0x1d /Users/luftaquila/workspace/arm-gnu-toolchain-13.2.Rel1-darwin-arm64-arm-none-eabi/bin/../lib/gcc/arm-none-eabi/13.2.1/thumb/v7-m/nofp/libgcc.a(_arm_addsubdf3.o)
 .ARM.attributes
                0x0000054e       0x1d /Users/luftaquila/workspace/arm-gnu-toolchain-13.2.Rel1-darwin-arm64-arm-none-eabi/bin/../lib/gcc/arm-none-eabi/13.2.1/thumb/v7-m/nofp/libgcc.a(_arm_fixdfsi.o)
 .ARM.attributes
                0x0000056b       0x2d /Users/luftaquila/workspace/arm-gnu-toolchain-13.2.Rel1-darwin-arm64-arm-none-eabi/bin/../lib/gcc/arm-none-eabi/13.2.1/thumb/v7-m/nofp/crtend.o
 .ARM.attributes
                0x00000598       0x1d /Users/luftaquila/workspace/arm-gnu-toolchain-13.2.Rel1-darwin-arm64-arm-none-eabi/bin/../lib/gcc/arm-none-eabi/13.2.1/thumb/v7-m/nofp/crtn.o
OUTPUT(build/cpu-meter-stm32f1.elf elf32-littlearm)
LOAD linker stubs
LOAD /Users/luftaquila/workspace/arm-gnu-toolchain-13.2.Rel1-darwin-arm64-arm-none-eabi/bin/../lib/gcc/arm-none-eabi/13.2.1/../../../../arm-none-eabi/lib/thumb/v7-m/nofp/libc.a
LOAD /Users/luftaquila/workspace/arm-gnu-toolchain-13.2.Rel1-darwin-arm64-arm-none-eabi/bin/../lib/gcc/arm-none-eabi/13.2.1/../../../../arm-none-eabi/lib/thumb/v7-m/nofp/libm.a
LOAD /Users/luftaquila/workspace/arm-gnu-toolchain-13.2.Rel1-darwin-arm64-arm-none-eabi/bin/../lib/gcc/arm-none-eabi/13.2.1/thumb/v7-m/nofp/libgcc.a

.comment        0x00000000       0x44
 .comment       0x00000000       0x44 build/main.o
                                 0x45 (size before relaxing)
 .comment       0x00000044       0x45 build/gpio.o
 .comment       0x00000044       0x45 build/tim.o
 .comment       0x00000044       0x45 build/stm32f1xx_it.o
 .comment       0x00000044       0x45 build/stm32f1xx_hal_msp.o
 .comment       0x00000044       0x45 build/usb_device.o
 .comment       0x00000044       0x45 build/usbd_desc.o
 .comment       0x00000044       0x45 build/usbd_cdc_if.o
 .comment       0x00000044       0x45 build/usbd_conf.o
 .comment       0x00000044       0x45 build/stm32f1xx_hal_pcd.o
 .comment       0x00000044       0x45 build/stm32f1xx_hal_pcd_ex.o
 .comment       0x00000044       0x45 build/stm32f1xx_ll_usb.o
 .comment       0x00000044       0x45 build/stm32f1xx_hal.o
 .comment       0x00000044       0x45 build/stm32f1xx_hal_rcc.o
 .comment       0x00000044       0x45 build/stm32f1xx_hal_rcc_ex.o
 .comment       0x00000044       0x45 build/stm32f1xx_hal_gpio.o
 .comment       0x00000044       0x45 build/stm32f1xx_hal_cortex.o
 .comment       0x00000044       0x45 build/stm32f1xx_hal_tim.o
 .comment       0x00000044       0x45 build/stm32f1xx_hal_tim_ex.o
 .comment       0x00000044       0x45 build/system_stm32f1xx.o
 .comment       0x00000044       0x45 build/usbd_core.o
 .comment       0x00000044       0x45 build/usbd_ctlreq.o
 .comment       0x00000044       0x45 build/usbd_ioreq.o
 .comment       0x00000044       0x45 build/usbd_cdc.o

.debug_frame    0x00000000      0x14c
 .debug_frame   0x00000000       0x20 /Users/luftaquila/workspace/arm-gnu-toolchain-13.2.Rel1-darwin-arm64-arm-none-eabi/bin/../lib/gcc/arm-none-eabi/13.2.1/../../../../arm-none-eabi/lib/thumb/v7-m/nofp/libc_nano.a(libc_a-memset.o)
 .debug_frame   0x00000020       0x2c /Users/luftaquila/workspace/arm-gnu-toolchain-13.2.Rel1-darwin-arm64-arm-none-eabi/bin/../lib/gcc/arm-none-eabi/13.2.1/../../../../arm-none-eabi/lib/thumb/v7-m/nofp/libc_nano.a(libc_a-init.o)
 .debug_frame   0x0000004c       0x30 /Users/luftaquila/workspace/arm-gnu-toolchain-13.2.Rel1-darwin-arm64-arm-none-eabi/bin/../lib/gcc/arm-none-eabi/13.2.1/thumb/v7-m/nofp/libgcc.a(_arm_muldf3.o)
 .debug_frame   0x0000007c       0xac /Users/luftaquila/workspace/arm-gnu-toolchain-13.2.Rel1-darwin-arm64-arm-none-eabi/bin/../lib/gcc/arm-none-eabi/13.2.1/thumb/v7-m/nofp/libgcc.a(_arm_addsubdf3.o)
 .debug_frame   0x00000128       0x24 /Users/luftaquila/workspace/arm-gnu-toolchain-13.2.Rel1-darwin-arm64-arm-none-eabi/bin/../lib/gcc/arm-none-eabi/13.2.1/thumb/v7-m/nofp/libgcc.a(_arm_fixdfsi.o)

.debug_line_str
                0x00000000      0x1c3
 .debug_line_str
                0x00000000      0x1c3 /Users/luftaquila/workspace/arm-gnu-toolchain-13.2.Rel1-darwin-arm64-arm-none-eabi/bin/../lib/gcc/arm-none-eabi/13.2.1/../../../../arm-none-eabi/lib/thumb/v7-m/nofp/libc_nano.a(libc_a-strlen.o)
                                 0xf0 (size before relaxing)
 .debug_line_str
                0x000001c3       0xd3 /Users/luftaquila/workspace/arm-gnu-toolchain-13.2.Rel1-darwin-arm64-arm-none-eabi/bin/../lib/gcc/arm-none-eabi/13.2.1/thumb/v7-m/nofp/libgcc.a(_arm_muldf3.o)
 .debug_line_str
                0x000001c3       0xd3 /Users/luftaquila/workspace/arm-gnu-toolchain-13.2.Rel1-darwin-arm64-arm-none-eabi/bin/../lib/gcc/arm-none-eabi/13.2.1/thumb/v7-m/nofp/libgcc.a(_arm_addsubdf3.o)
 .debug_line_str
                0x000001c3       0xd3 /Users/luftaquila/workspace/arm-gnu-toolchain-13.2.Rel1-darwin-arm64-arm-none-eabi/bin/../lib/gcc/arm-none-eabi/13.2.1/thumb/v7-m/nofp/libgcc.a(_arm_fixdfsi.o)

Cross Reference Table

Symbol                                            File
ADC1_2_IRQHandler                                 build/startup_stm32f103xb.o
AHBPrescTable                                     build/system_stm32f1xx.o
                                                  build/stm32f1xx_hal_rcc.o
APBPrescTable                                     build/system_stm32f1xx.o
                                                  build/stm32f1xx_hal_rcc.o
BusFault_Handler                                  build/stm32f1xx_it.o
CAN1_RX1_IRQHandler                               build/startup_stm32f103xb.o
CAN1_SCE_IRQHandler                               build/startup_stm32f103xb.o
CDC_Transmit_FS                                   build/usbd_cdc_if.o
DMA1_Channel1_IRQHandler                          build/startup_stm32f103xb.o
DMA1_Channel2_IRQHandler                          build/startup_stm32f103xb.o
DMA1_Channel3_IRQHandler                          build/startup_stm32f103xb.o
DMA1_Channel4_IRQHandler                          build/startup_stm32f103xb.o
DMA1_Channel5_IRQHandler                          build/startup_stm32f103xb.o
DMA1_Channel6_IRQHandler                          build/startup_stm32f103xb.o
DMA1_Channel7_IRQHandler                          build/startup_stm32f103xb.o
DebugMon_Handler                                  build/stm32f1xx_it.o
Default_Handler                                   build/startup_stm32f103xb.o
EXTI0_IRQHandler                                  build/startup_stm32f103xb.o
EXTI15_10_IRQHandler                              build/startup_stm32f103xb.o
EXTI1_IRQHandler                                  build/startup_stm32f103xb.o
EXTI2_IRQHandler                                  build/startup_stm32f103xb.o
EXTI3_IRQHandler                                  build/startup_stm32f103xb.o
EXTI4_IRQHandler                                  build/startup_stm32f103xb.o
EXTI9_5_IRQHandler                                build/startup_stm32f103xb.o
Error_Handler                                     build/main.o
                                                  build/usbd_conf.o
                                                  build/usb_device.o
                                                  build/tim.o
FLASH_IRQHandler                                  build/startup_stm32f103xb.o
FLASH_PageErase                                   build/stm32f1xx_hal_flash_ex.o
                                                  build/stm32f1xx_hal_flash.o
FLASH_WaitForLastOperation                        build/stm32f1xx_hal_flash.o
                                                  build/stm32f1xx_hal_flash_ex.o
FS_Desc                                           build/usbd_desc.o
                                                  build/usb_device.o
HAL_DBGMCU_DisableDBGSleepMode                    build/stm32f1xx_hal.o
HAL_DBGMCU_DisableDBGStandbyMode                  build/stm32f1xx_hal.o
HAL_DBGMCU_DisableDBGStopMode                     build/stm32f1xx_hal.o
HAL_DBGMCU_EnableDBGSleepMode                     build/stm32f1xx_hal.o
HAL_DBGMCU_EnableDBGStandbyMode                   build/stm32f1xx_hal.o
HAL_DBGMCU_EnableDBGStopMode                      build/stm32f1xx_hal.o
HAL_DMA_Abort                                     build/stm32f1xx_hal_dma.o
HAL_DMA_Abort_IT                                  build/stm32f1xx_hal_dma.o
                                                  build/stm32f1xx_hal_tim_ex.o
                                                  build/stm32f1xx_hal_tim.o
HAL_DMA_DeInit                                    build/stm32f1xx_hal_dma.o
HAL_DMA_GetError                                  build/stm32f1xx_hal_dma.o
HAL_DMA_GetState                                  build/stm32f1xx_hal_dma.o
HAL_DMA_IRQHandler                                build/stm32f1xx_hal_dma.o
HAL_DMA_Init                                      build/stm32f1xx_hal_dma.o
HAL_DMA_PollForTransfer                           build/stm32f1xx_hal_dma.o
HAL_DMA_RegisterCallback                          build/stm32f1xx_hal_dma.o
HAL_DMA_Start                                     build/stm32f1xx_hal_dma.o
HAL_DMA_Start_IT                                  build/stm32f1xx_hal_dma.o
                                                  build/stm32f1xx_hal_tim_ex.o
                                                  build/stm32f1xx_hal_tim.o
HAL_DMA_UnRegisterCallback                        build/stm32f1xx_hal_dma.o
HAL_DeInit                                        build/stm32f1xx_hal.o
HAL_Delay                                         build/stm32f1xx_hal.o
                                                  build/usbd_conf.o
HAL_EXTI_ClearConfigLine                          build/stm32f1xx_hal_exti.o
HAL_EXTI_ClearPending                             build/stm32f1xx_hal_exti.o
HAL_EXTI_GenerateSWI                              build/stm32f1xx_hal_exti.o
HAL_EXTI_GetConfigLine                            build/stm32f1xx_hal_exti.o
HAL_EXTI_GetHandle                                build/stm32f1xx_hal_exti.o
HAL_EXTI_GetPending                               build/stm32f1xx_hal_exti.o
HAL_EXTI_IRQHandler                               build/stm32f1xx_hal_exti.o
HAL_EXTI_RegisterCallback                         build/stm32f1xx_hal_exti.o
HAL_EXTI_SetConfigLine                            build/stm32f1xx_hal_exti.o
HAL_FLASHEx_Erase                                 build/stm32f1xx_hal_flash_ex.o
HAL_FLASHEx_Erase_IT                              build/stm32f1xx_hal_flash_ex.o
HAL_FLASHEx_OBErase                               build/stm32f1xx_hal_flash_ex.o
HAL_FLASHEx_OBGetConfig                           build/stm32f1xx_hal_flash_ex.o
HAL_FLASHEx_OBGetUserData                         build/stm32f1xx_hal_flash_ex.o
HAL_FLASHEx_OBProgram                             build/stm32f1xx_hal_flash_ex.o
HAL_FLASH_EndOfOperationCallback                  build/stm32f1xx_hal_flash.o
HAL_FLASH_GetError                                build/stm32f1xx_hal_flash.o
HAL_FLASH_IRQHandler                              build/stm32f1xx_hal_flash.o
HAL_FLASH_Lock                                    build/stm32f1xx_hal_flash.o
HAL_FLASH_OB_Launch                               build/stm32f1xx_hal_flash.o
HAL_FLASH_OB_Lock                                 build/stm32f1xx_hal_flash.o
HAL_FLASH_OB_Unlock                               build/stm32f1xx_hal_flash.o
HAL_FLASH_OperationErrorCallback                  build/stm32f1xx_hal_flash.o
HAL_FLASH_Program                                 build/stm32f1xx_hal_flash.o
HAL_FLASH_Program_IT                              build/stm32f1xx_hal_flash.o
HAL_FLASH_Unlock                                  build/stm32f1xx_hal_flash.o
HAL_GPIOEx_ConfigEventout                         build/stm32f1xx_hal_gpio_ex.o
HAL_GPIOEx_DisableEventout                        build/stm32f1xx_hal_gpio_ex.o
HAL_GPIOEx_EnableEventout                         build/stm32f1xx_hal_gpio_ex.o
HAL_GPIO_DeInit                                   build/stm32f1xx_hal_gpio.o
HAL_GPIO_EXTI_Callback                            build/stm32f1xx_hal_gpio.o
HAL_GPIO_EXTI_IRQHandler                          build/stm32f1xx_hal_gpio.o
HAL_GPIO_Init                                     build/stm32f1xx_hal_gpio.o
                                                  build/stm32f1xx_hal_rcc.o
                                                  build/tim.o
HAL_GPIO_LockPin                                  build/stm32f1xx_hal_gpio.o
HAL_GPIO_ReadPin                                  build/stm32f1xx_hal_gpio.o
HAL_GPIO_TogglePin                                build/stm32f1xx_hal_gpio.o
HAL_GPIO_WritePin                                 build/stm32f1xx_hal_gpio.o
HAL_GetDEVID                                      build/stm32f1xx_hal.o
HAL_GetHalVersion                                 build/stm32f1xx_hal.o
HAL_GetREVID                                      build/stm32f1xx_hal.o
HAL_GetTick                                       build/stm32f1xx_hal.o
                                                  build/stm32f1xx_hal_flash.o
                                                  build/stm32f1xx_hal_dma.o
                                                  build/stm32f1xx_hal_rcc_ex.o
                                                  build/stm32f1xx_hal_rcc.o
HAL_GetTickFreq                                   build/stm32f1xx_hal.o
HAL_GetTickPrio                                   build/stm32f1xx_hal.o
HAL_GetUIDw0                                      build/stm32f1xx_hal.o
HAL_GetUIDw1                                      build/stm32f1xx_hal.o
HAL_GetUIDw2                                      build/stm32f1xx_hal.o
HAL_IncTick                                       build/stm32f1xx_hal.o
                                                  build/stm32f1xx_it.o
HAL_Init                                          build/stm32f1xx_hal.o
                                                  build/main.o
HAL_InitTick                                      build/stm32f1xx_hal.o
                                                  build/stm32f1xx_hal_rcc.o
HAL_MspDeInit                                     build/stm32f1xx_hal.o
HAL_MspInit                                       build/stm32f1xx_hal_msp.o
HAL_NVIC_ClearPendingIRQ                          build/stm32f1xx_hal_cortex.o
HAL_NVIC_DisableIRQ                               build/stm32f1xx_hal_cortex.o
                                                  build/usbd_conf.o
HAL_NVIC_EnableIRQ                                build/stm32f1xx_hal_cortex.o
                                                  build/usbd_conf.o
HAL_NVIC_GetActive                                build/stm32f1xx_hal_cortex.o
HAL_NVIC_GetPendingIRQ                            build/stm32f1xx_hal_cortex.o
HAL_NVIC_GetPriority                              build/stm32f1xx_hal_cortex.o
HAL_NVIC_GetPriorityGrouping                      build/stm32f1xx_hal_cortex.o
HAL_NVIC_SetPendingIRQ                            build/stm32f1xx_hal_cortex.o
HAL_NVIC_SetPriority                              build/stm32f1xx_hal_cortex.o
                                                  build/stm32f1xx_hal.o
                                                  build/usbd_conf.o
HAL_NVIC_SetPriorityGrouping                      build/stm32f1xx_hal_cortex.o
                                                  build/stm32f1xx_hal.o
HAL_NVIC_SystemReset                              build/stm32f1xx_hal_cortex.o
                                                  build/stm32f1xx_hal_flash.o
HAL_PCDEx_BCD_Callback                            build/stm32f1xx_hal_pcd_ex.o
HAL_PCDEx_LPM_Callback                            build/stm32f1xx_hal_pcd_ex.o
HAL_PCDEx_PMAConfig                               build/stm32f1xx_hal_pcd_ex.o
                                                  build/usbd_conf.o
HAL_PCDEx_SetConnectionState                      build/usbd_conf.o
                                                  build/stm32f1xx_hal_pcd.o
HAL_PCD_ActivateRemoteWakeup                      build/stm32f1xx_hal_pcd.o
HAL_PCD_ConnectCallback                           build/usbd_conf.o
HAL_PCD_DataInStageCallback                       build/usbd_conf.o
HAL_PCD_DataOutStageCallback                      build/usbd_conf.o
HAL_PCD_DeActivateRemoteWakeup                    build/stm32f1xx_hal_pcd.o
HAL_PCD_DeInit                                    build/stm32f1xx_hal_pcd.o
                                                  build/usbd_conf.o
HAL_PCD_DevConnect                                build/stm32f1xx_hal_pcd.o
HAL_PCD_DevDisconnect                             build/stm32f1xx_hal_pcd.o
HAL_PCD_DisconnectCallback                        build/usbd_conf.o
HAL_PCD_EP_Abort                                  build/stm32f1xx_hal_pcd.o
HAL_PCD_EP_Close                                  build/stm32f1xx_hal_pcd.o
                                                  build/usbd_conf.o
HAL_PCD_EP_ClrStall                               build/stm32f1xx_hal_pcd.o
                                                  build/usbd_conf.o
HAL_PCD_EP_Flush                                  build/stm32f1xx_hal_pcd.o
                                                  build/usbd_conf.o
HAL_PCD_EP_GetRxCount                             build/stm32f1xx_hal_pcd.o
                                                  build/usbd_conf.o
HAL_PCD_EP_Open                                   build/stm32f1xx_hal_pcd.o
                                                  build/usbd_conf.o
HAL_PCD_EP_Receive                                build/stm32f1xx_hal_pcd.o
                                                  build/usbd_conf.o
HAL_PCD_EP_SetStall                               build/stm32f1xx_hal_pcd.o
                                                  build/usbd_conf.o
HAL_PCD_EP_Transmit                               build/stm32f1xx_hal_pcd.o
                                                  build/usbd_conf.o
HAL_PCD_GetState                                  build/stm32f1xx_hal_pcd.o
HAL_PCD_IRQHandler                                build/stm32f1xx_hal_pcd.o
                                                  build/stm32f1xx_it.o
HAL_PCD_ISOINIncompleteCallback                   build/usbd_conf.o
HAL_PCD_ISOOUTIncompleteCallback                  build/usbd_conf.o
HAL_PCD_Init                                      build/stm32f1xx_hal_pcd.o
                                                  build/usbd_conf.o
HAL_PCD_MspDeInit                                 build/usbd_conf.o
HAL_PCD_MspInit                                   build/usbd_conf.o
HAL_PCD_ResetCallback                             build/usbd_conf.o
HAL_PCD_ResumeCallback                            build/usbd_conf.o
HAL_PCD_SOFCallback                               build/usbd_conf.o
HAL_PCD_SetAddress                                build/stm32f1xx_hal_pcd.o
                                                  build/usbd_conf.o
HAL_PCD_SetupStageCallback                        build/usbd_conf.o
HAL_PCD_Start                                     build/stm32f1xx_hal_pcd.o
                                                  build/usbd_conf.o
HAL_PCD_Stop                                      build/stm32f1xx_hal_pcd.o
                                                  build/usbd_conf.o
HAL_PCD_SuspendCallback                           build/usbd_conf.o
HAL_PCD_WKUP_IRQHandler                           build/stm32f1xx_hal_pcd.o
HAL_PWR_ConfigPVD                                 build/stm32f1xx_hal_pwr.o
HAL_PWR_DeInit                                    build/stm32f1xx_hal_pwr.o
HAL_PWR_DisableBkUpAccess                         build/stm32f1xx_hal_pwr.o
HAL_PWR_DisablePVD                                build/stm32f1xx_hal_pwr.o
HAL_PWR_DisableSEVOnPend                          build/stm32f1xx_hal_pwr.o
HAL_PWR_DisableSleepOnExit                        build/stm32f1xx_hal_pwr.o
HAL_PWR_DisableWakeUpPin                          build/stm32f1xx_hal_pwr.o
HAL_PWR_EnableBkUpAccess                          build/stm32f1xx_hal_pwr.o
HAL_PWR_EnablePVD                                 build/stm32f1xx_hal_pwr.o
HAL_PWR_EnableSEVOnPend                           build/stm32f1xx_hal_pwr.o
HAL_PWR_EnableSleepOnExit                         build/stm32f1xx_hal_pwr.o
HAL_PWR_EnableWakeUpPin                           build/stm32f1xx_hal_pwr.o
HAL_PWR_EnterSLEEPMode                            build/stm32f1xx_hal_pwr.o
HAL_PWR_EnterSTANDBYMode                          build/stm32f1xx_hal_pwr.o
HAL_PWR_EnterSTOPMode                             build/stm32f1xx_hal_pwr.o
HAL_PWR_PVDCallback                               build/stm32f1xx_hal_pwr.o
HAL_PWR_PVD_IRQHandler                            build/stm32f1xx_hal_pwr.o
HAL_RCCEx_GetPeriphCLKConfig                      build/stm32f1xx_hal_rcc_ex.o
HAL_RCCEx_GetPeriphCLKFreq                        build/stm32f1xx_hal_rcc_ex.o
HAL_RCCEx_PeriphCLKConfig                         build/stm32f1xx_hal_rcc_ex.o
                                                  build/main.o
HAL_RCC_CSSCallback                               build/stm32f1xx_hal_rcc.o
HAL_RCC_ClockConfig                               build/stm32f1xx_hal_rcc.o
                                                  build/main.o
HAL_RCC_DeInit                                    build/stm32f1xx_hal_rcc.o
HAL_RCC_DisableCSS                                build/stm32f1xx_hal_rcc.o
HAL_RCC_EnableCSS                                 build/stm32f1xx_hal_rcc.o
HAL_RCC_GetClockConfig                            build/stm32f1xx_hal_rcc.o
HAL_RCC_GetHCLKFreq                               build/stm32f1xx_hal_rcc.o
HAL_RCC_GetOscConfig                              build/stm32f1xx_hal_rcc.o
HAL_RCC_GetPCLK1Freq                              build/stm32f1xx_hal_rcc.o
HAL_RCC_GetPCLK2Freq                              build/stm32f1xx_hal_rcc.o
                                                  build/stm32f1xx_hal_rcc_ex.o
HAL_RCC_GetSysClockFreq                           build/stm32f1xx_hal_rcc.o
HAL_RCC_MCOConfig                                 build/stm32f1xx_hal_rcc.o
HAL_RCC_NMI_IRQHandler                            build/stm32f1xx_hal_rcc.o
HAL_RCC_OscConfig                                 build/stm32f1xx_hal_rcc.o
                                                  build/main.o
HAL_ResumeTick                                    build/stm32f1xx_hal.o
HAL_SYSTICK_CLKSourceConfig                       build/stm32f1xx_hal_cortex.o
HAL_SYSTICK_Callback                              build/stm32f1xx_hal_cortex.o
HAL_SYSTICK_Config                                build/stm32f1xx_hal_cortex.o
                                                  build/stm32f1xx_hal.o
HAL_SYSTICK_IRQHandler                            build/stm32f1xx_hal_cortex.o
HAL_SetTickFreq                                   build/stm32f1xx_hal.o
HAL_SuspendTick                                   build/stm32f1xx_hal.o
HAL_TIMEx_BreakCallback                           build/stm32f1xx_hal_tim_ex.o
                                                  build/stm32f1xx_hal_tim.o
HAL_TIMEx_CommutCallback                          build/stm32f1xx_hal_tim_ex.o
                                                  build/stm32f1xx_hal_tim.o
HAL_TIMEx_CommutHalfCpltCallback                  build/stm32f1xx_hal_tim_ex.o
HAL_TIMEx_ConfigBreakDeadTime                     build/stm32f1xx_hal_tim_ex.o
                                                  build/tim.o
HAL_TIMEx_ConfigCommutEvent                       build/stm32f1xx_hal_tim_ex.o
HAL_TIMEx_ConfigCommutEvent_DMA                   build/stm32f1xx_hal_tim_ex.o
HAL_TIMEx_ConfigCommutEvent_IT                    build/stm32f1xx_hal_tim_ex.o
HAL_TIMEx_GetChannelNState                        build/stm32f1xx_hal_tim_ex.o
HAL_TIMEx_HallSensor_DeInit                       build/stm32f1xx_hal_tim_ex.o
HAL_TIMEx_HallSensor_GetState                     build/stm32f1xx_hal_tim_ex.o
HAL_TIMEx_HallSensor_Init                         build/stm32f1xx_hal_tim_ex.o
HAL_TIMEx_HallSensor_MspDeInit                    build/stm32f1xx_hal_tim_ex.o
HAL_TIMEx_HallSensor_MspInit                      build/stm32f1xx_hal_tim_ex.o
HAL_TIMEx_HallSensor_Start                        build/stm32f1xx_hal_tim_ex.o
HAL_TIMEx_HallSensor_Start_DMA                    build/stm32f1xx_hal_tim_ex.o
HAL_TIMEx_HallSensor_Start_IT                     build/stm32f1xx_hal_tim_ex.o
HAL_TIMEx_HallSensor_Stop                         build/stm32f1xx_hal_tim_ex.o
HAL_TIMEx_HallSensor_Stop_DMA                     build/stm32f1xx_hal_tim_ex.o
HAL_TIMEx_HallSensor_Stop_IT                      build/stm32f1xx_hal_tim_ex.o
HAL_TIMEx_MasterConfigSynchronization             build/stm32f1xx_hal_tim_ex.o
                                                  build/tim.o
HAL_TIMEx_OCN_Start                               build/stm32f1xx_hal_tim_ex.o
HAL_TIMEx_OCN_Start_DMA                           build/stm32f1xx_hal_tim_ex.o
HAL_TIMEx_OCN_Start_IT                            build/stm32f1xx_hal_tim_ex.o
HAL_TIMEx_OCN_Stop                                build/stm32f1xx_hal_tim_ex.o
HAL_TIMEx_OCN_Stop_DMA                            build/stm32f1xx_hal_tim_ex.o
HAL_TIMEx_OCN_Stop_IT                             build/stm32f1xx_hal_tim_ex.o
HAL_TIMEx_OnePulseN_Start                         build/stm32f1xx_hal_tim_ex.o
HAL_TIMEx_OnePulseN_Start_IT                      build/stm32f1xx_hal_tim_ex.o
HAL_TIMEx_OnePulseN_Stop                          build/stm32f1xx_hal_tim_ex.o
HAL_TIMEx_OnePulseN_Stop_IT                       build/stm32f1xx_hal_tim_ex.o
HAL_TIMEx_PWMN_Start                              build/stm32f1xx_hal_tim_ex.o
HAL_TIMEx_PWMN_Start_DMA                          build/stm32f1xx_hal_tim_ex.o
HAL_TIMEx_PWMN_Start_IT                           build/stm32f1xx_hal_tim_ex.o
HAL_TIMEx_PWMN_Stop                               build/stm32f1xx_hal_tim_ex.o
HAL_TIMEx_PWMN_Stop_DMA                           build/stm32f1xx_hal_tim_ex.o
HAL_TIMEx_PWMN_Stop_IT                            build/stm32f1xx_hal_tim_ex.o
HAL_TIMEx_RemapConfig                             build/stm32f1xx_hal_tim_ex.o
HAL_TIM_Base_DeInit                               build/stm32f1xx_hal_tim.o
HAL_TIM_Base_GetState                             build/stm32f1xx_hal_tim.o
HAL_TIM_Base_Init                                 build/stm32f1xx_hal_tim.o
                                                  build/tim.o
HAL_TIM_Base_MspDeInit                            build/tim.o
HAL_TIM_Base_MspInit                              build/tim.o
HAL_TIM_Base_Start                                build/stm32f1xx_hal_tim.o
HAL_TIM_Base_Start_DMA                            build/stm32f1xx_hal_tim.o
HAL_TIM_Base_Start_IT                             build/stm32f1xx_hal_tim.o
HAL_TIM_Base_Stop                                 build/stm32f1xx_hal_tim.o
HAL_TIM_Base_Stop_DMA                             build/stm32f1xx_hal_tim.o
HAL_TIM_Base_Stop_IT                              build/stm32f1xx_hal_tim.o
HAL_TIM_ConfigClockSource                         build/stm32f1xx_hal_tim.o
                                                  build/tim.o
HAL_TIM_ConfigOCrefClear                          build/stm32f1xx_hal_tim.o
HAL_TIM_ConfigTI1Input                            build/stm32f1xx_hal_tim.o
HAL_TIM_DMABurstState                             build/stm32f1xx_hal_tim.o
HAL_TIM_DMABurst_MultiReadStart                   build/stm32f1xx_hal_tim.o
HAL_TIM_DMABurst_MultiWriteStart                  build/stm32f1xx_hal_tim.o
HAL_TIM_DMABurst_ReadStart                        build/stm32f1xx_hal_tim.o
HAL_TIM_DMABurst_ReadStop                         build/stm32f1xx_hal_tim.o
HAL_TIM_DMABurst_WriteStart                       build/stm32f1xx_hal_tim.o
HAL_TIM_DMABurst_WriteStop                        build/stm32f1xx_hal_tim.o
HAL_TIM_Encoder_DeInit                            build/stm32f1xx_hal_tim.o
HAL_TIM_Encoder_GetState                          build/stm32f1xx_hal_tim.o
HAL_TIM_Encoder_Init                              build/stm32f1xx_hal_tim.o
HAL_TIM_Encoder_MspDeInit                         build/stm32f1xx_hal_tim.o
HAL_TIM_Encoder_MspInit                           build/stm32f1xx_hal_tim.o
HAL_TIM_Encoder_Start                             build/stm32f1xx_hal_tim.o
HAL_TIM_Encoder_Start_DMA                         build/stm32f1xx_hal_tim.o
HAL_TIM_Encoder_Start_IT                          build/stm32f1xx_hal_tim.o
HAL_TIM_Encoder_Stop                              build/stm32f1xx_hal_tim.o
HAL_TIM_Encoder_Stop_DMA                          build/stm32f1xx_hal_tim.o
HAL_TIM_Encoder_Stop_IT                           build/stm32f1xx_hal_tim.o
HAL_TIM_ErrorCallback                             build/stm32f1xx_hal_tim.o
                                                  build/stm32f1xx_hal_tim_ex.o
HAL_TIM_GenerateEvent                             build/stm32f1xx_hal_tim.o
HAL_TIM_GetActiveChannel                          build/stm32f1xx_hal_tim.o
HAL_TIM_GetChannelState                           build/stm32f1xx_hal_tim.o
HAL_TIM_IC_CaptureCallback                        build/stm32f1xx_hal_tim.o
HAL_TIM_IC_CaptureHalfCpltCallback                build/stm32f1xx_hal_tim.o
HAL_TIM_IC_ConfigChannel                          build/stm32f1xx_hal_tim.o
HAL_TIM_IC_DeInit                                 build/stm32f1xx_hal_tim.o
HAL_TIM_IC_GetState                               build/stm32f1xx_hal_tim.o
HAL_TIM_IC_Init                                   build/stm32f1xx_hal_tim.o
HAL_TIM_IC_MspDeInit                              build/stm32f1xx_hal_tim.o
HAL_TIM_IC_MspInit                                build/stm32f1xx_hal_tim.o
HAL_TIM_IC_Start                                  build/stm32f1xx_hal_tim.o
HAL_TIM_IC_Start_DMA                              build/stm32f1xx_hal_tim.o
HAL_TIM_IC_Start_IT                               build/stm32f1xx_hal_tim.o
HAL_TIM_IC_Stop                                   build/stm32f1xx_hal_tim.o
HAL_TIM_IC_Stop_DMA                               build/stm32f1xx_hal_tim.o
HAL_TIM_IC_Stop_IT                                build/stm32f1xx_hal_tim.o
HAL_TIM_IRQHandler                                build/stm32f1xx_hal_tim.o
HAL_TIM_MspPostInit                               build/tim.o
HAL_TIM_OC_ConfigChannel                          build/stm32f1xx_hal_tim.o
HAL_TIM_OC_DeInit                                 build/stm32f1xx_hal_tim.o
HAL_TIM_OC_DelayElapsedCallback                   build/stm32f1xx_hal_tim.o
HAL_TIM_OC_GetState                               build/stm32f1xx_hal_tim.o
HAL_TIM_OC_Init                                   build/stm32f1xx_hal_tim.o
HAL_TIM_OC_MspDeInit                              build/stm32f1xx_hal_tim.o
HAL_TIM_OC_MspInit                                build/stm32f1xx_hal_tim.o
HAL_TIM_OC_Start                                  build/stm32f1xx_hal_tim.o
HAL_TIM_OC_Start_DMA                              build/stm32f1xx_hal_tim.o
HAL_TIM_OC_Start_IT                               build/stm32f1xx_hal_tim.o
HAL_TIM_OC_Stop                                   build/stm32f1xx_hal_tim.o
HAL_TIM_OC_Stop_DMA                               build/stm32f1xx_hal_tim.o
HAL_TIM_OC_Stop_IT                                build/stm32f1xx_hal_tim.o
HAL_TIM_OnePulse_ConfigChannel                    build/stm32f1xx_hal_tim.o
HAL_TIM_OnePulse_DeInit                           build/stm32f1xx_hal_tim.o
HAL_TIM_OnePulse_GetState                         build/stm32f1xx_hal_tim.o
HAL_TIM_OnePulse_Init                             build/stm32f1xx_hal_tim.o
HAL_TIM_OnePulse_MspDeInit                        build/stm32f1xx_hal_tim.o
HAL_TIM_OnePulse_MspInit                          build/stm32f1xx_hal_tim.o
HAL_TIM_OnePulse_Start                            build/stm32f1xx_hal_tim.o
HAL_TIM_OnePulse_Start_IT                         build/stm32f1xx_hal_tim.o
HAL_TIM_OnePulse_Stop                             build/stm32f1xx_hal_tim.o
HAL_TIM_OnePulse_Stop_IT                          build/stm32f1xx_hal_tim.o
HAL_TIM_PWM_ConfigChannel                         build/stm32f1xx_hal_tim.o
                                                  build/tim.o
HAL_TIM_PWM_DeInit                                build/stm32f1xx_hal_tim.o
HAL_TIM_PWM_GetState                              build/stm32f1xx_hal_tim.o
HAL_TIM_PWM_Init                                  build/stm32f1xx_hal_tim.o
                                                  build/tim.o
HAL_TIM_PWM_MspDeInit                             build/stm32f1xx_hal_tim.o
HAL_TIM_PWM_MspInit                               build/stm32f1xx_hal_tim.o
HAL_TIM_PWM_PulseFinishedCallback                 build/stm32f1xx_hal_tim.o
                                                  build/stm32f1xx_hal_tim_ex.o
HAL_TIM_PWM_PulseFinishedHalfCpltCallback         build/stm32f1xx_hal_tim.o
HAL_TIM_PWM_Start                                 build/stm32f1xx_hal_tim.o
                                                  build/main.o
HAL_TIM_PWM_Start_DMA                             build/stm32f1xx_hal_tim.o
HAL_TIM_PWM_Start_IT                              build/stm32f1xx_hal_tim.o
HAL_TIM_PWM_Stop                                  build/stm32f1xx_hal_tim.o
HAL_TIM_PWM_Stop_DMA                              build/stm32f1xx_hal_tim.o
HAL_TIM_PWM_Stop_IT                               build/stm32f1xx_hal_tim.o
HAL_TIM_PeriodElapsedCallback                     build/stm32f1xx_hal_tim.o
HAL_TIM_PeriodElapsedHalfCpltCallback             build/stm32f1xx_hal_tim.o
HAL_TIM_ReadCapturedValue                         build/stm32f1xx_hal_tim.o
HAL_TIM_SlaveConfigSynchro                        build/stm32f1xx_hal_tim.o
HAL_TIM_SlaveConfigSynchro_IT                     build/stm32f1xx_hal_tim.o
HAL_TIM_TriggerCallback                           build/stm32f1xx_hal_tim.o
HAL_TIM_TriggerHalfCpltCallback                   build/stm32f1xx_hal_tim.o
HardFault_Handler                                 build/stm32f1xx_it.o
I2C1_ER_IRQHandler                                build/startup_stm32f103xb.o
I2C1_EV_IRQHandler                                build/startup_stm32f103xb.o
I2C2_ER_IRQHandler                                build/startup_stm32f103xb.o
I2C2_EV_IRQHandler                                build/startup_stm32f103xb.o
MX_GPIO_Init                                      build/gpio.o
                                                  build/main.o
MX_TIM1_Init                                      build/tim.o
                                                  build/main.o
MX_TIM2_Init                                      build/tim.o
                                                  build/main.o
MX_USB_DEVICE_Init                                build/usb_device.o
                                                  build/main.o
MemManage_Handler                                 build/stm32f1xx_it.o
NMI_Handler                                       build/stm32f1xx_it.o
PVD_IRQHandler                                    build/startup_stm32f103xb.o
PendSV_Handler                                    build/stm32f1xx_it.o
RCC_IRQHandler                                    build/startup_stm32f103xb.o
RTC_Alarm_IRQHandler                              build/startup_stm32f103xb.o
RTC_IRQHandler                                    build/startup_stm32f103xb.o
Reset_Handler                                     build/startup_stm32f103xb.o
SPI1_IRQHandler                                   build/startup_stm32f103xb.o
SPI2_IRQHandler                                   build/startup_stm32f103xb.o
SVC_Handler                                       build/stm32f1xx_it.o
SysTick_Handler                                   build/stm32f1xx_it.o
SystemClock_Config                                build/main.o
SystemCoreClock                                   build/system_stm32f1xx.o
                                                  build/stm32f1xx_hal_rcc.o
                                                  build/stm32f1xx_hal.o
SystemCoreClockUpdate                             build/system_stm32f1xx.o
SystemInit                                        build/system_stm32f1xx.o
                                                  build/startup_stm32f103xb.o
TAMPER_IRQHandler                                 build/startup_stm32f103xb.o
TIM1_BRK_IRQHandler                               build/startup_stm32f103xb.o
TIM1_CC_IRQHandler                                build/startup_stm32f103xb.o
TIM1_TRG_COM_IRQHandler                           build/startup_stm32f103xb.o
TIM1_UP_IRQHandler                                build/startup_stm32f103xb.o
TIM2_IRQHandler                                   build/startup_stm32f103xb.o
TIM3_IRQHandler                                   build/startup_stm32f103xb.o
TIM4_IRQHandler                                   build/startup_stm32f103xb.o
TIMEx_DMACommutationCplt                          build/stm32f1xx_hal_tim_ex.o
                                                  build/stm32f1xx_hal_tim.o
TIMEx_DMACommutationHalfCplt                      build/stm32f1xx_hal_tim_ex.o
                                                  build/stm32f1xx_hal_tim.o
TIM_Base_SetConfig                                build/stm32f1xx_hal_tim.o
                                                  build/stm32f1xx_hal_tim_ex.o
TIM_CCxChannelCmd                                 build/stm32f1xx_hal_tim.o
                                                  build/stm32f1xx_hal_tim_ex.o
TIM_DMACaptureCplt                                build/stm32f1xx_hal_tim.o
                                                  build/stm32f1xx_hal_tim_ex.o
TIM_DMACaptureHalfCplt                            build/stm32f1xx_hal_tim.o
                                                  build/stm32f1xx_hal_tim_ex.o
TIM_DMADelayPulseHalfCplt                         build/stm32f1xx_hal_tim.o
                                                  build/stm32f1xx_hal_tim_ex.o
TIM_DMAError                                      build/stm32f1xx_hal_tim.o
                                                  build/stm32f1xx_hal_tim_ex.o
TIM_ETR_SetConfig                                 build/stm32f1xx_hal_tim.o
TIM_OC2_SetConfig                                 build/stm32f1xx_hal_tim.o
                                                  build/stm32f1xx_hal_tim_ex.o
TIM_TI1_SetConfig                                 build/stm32f1xx_hal_tim.o
                                                  build/stm32f1xx_hal_tim_ex.o
USART1_IRQHandler                                 build/startup_stm32f103xb.o
USART2_IRQHandler                                 build/startup_stm32f103xb.o
USART3_IRQHandler                                 build/startup_stm32f103xb.o
USBD_CDC                                          build/usbd_cdc.o
                                                  build/usb_device.o
USBD_CDC_CfgFSDesc                                build/usbd_cdc.o
USBD_CDC_CfgHSDesc                                build/usbd_cdc.o
USBD_CDC_GetDeviceQualifierDescriptor             build/usbd_cdc.o
USBD_CDC_OtherSpeedCfgDesc                        build/usbd_cdc.o
USBD_CDC_ReceivePacket                            build/usbd_cdc.o
                                                  build/usbd_cdc_if.o
USBD_CDC_RegisterInterface                        build/usbd_cdc.o
                                                  build/usb_device.o
USBD_CDC_SetRxBuffer                              build/usbd_cdc.o
                                                  build/usbd_cdc_if.o
USBD_CDC_SetTxBuffer                              build/usbd_cdc.o
                                                  build/usbd_cdc_if.o
USBD_CDC_TransmitPacket                           build/usbd_cdc.o
                                                  build/usbd_cdc_if.o
USBD_ClrClassConfig                               build/usbd_core.o
                                                  build/usbd_ctlreq.o
USBD_CtlContinueRx                                build/usbd_ioreq.o
                                                  build/usbd_core.o
USBD_CtlContinueSendData                          build/usbd_ioreq.o
                                                  build/usbd_core.o
USBD_CtlError                                     build/usbd_ctlreq.o
                                                  build/usbd_cdc.o
USBD_CtlPrepareRx                                 build/usbd_ioreq.o
                                                  build/usbd_cdc.o
USBD_CtlReceiveStatus                             build/usbd_ioreq.o
                                                  build/usbd_core.o
USBD_CtlSendData                                  build/usbd_ioreq.o
                                                  build/usbd_cdc.o
                                                  build/usbd_ctlreq.o
USBD_CtlSendStatus                                build/usbd_ioreq.o
                                                  build/usbd_ctlreq.o
                                                  build/usbd_core.o
USBD_DeInit                                       build/usbd_core.o
USBD_FS_ConfigStrDescriptor                       build/usbd_desc.o
USBD_FS_DeviceDesc                                build/usbd_desc.o
USBD_FS_DeviceDescriptor                          build/usbd_desc.o
USBD_FS_InterfaceStrDescriptor                    build/usbd_desc.o
USBD_FS_LangIDStrDescriptor                       build/usbd_desc.o
USBD_FS_ManufacturerStrDescriptor                 build/usbd_desc.o
USBD_FS_ProductStrDescriptor                      build/usbd_desc.o
USBD_FS_SerialStrDescriptor                       build/usbd_desc.o
USBD_GetRxCount                                   build/usbd_ioreq.o
USBD_GetString                                    build/usbd_ctlreq.o
                                                  build/usbd_desc.o
USBD_Init                                         build/usbd_core.o
                                                  build/usb_device.o
USBD_Interface_fops_FS                            build/usbd_cdc_if.o
                                                  build/usb_device.o
USBD_LL_ClearStallEP                              build/usbd_conf.o
                                                  build/usbd_ctlreq.o
USBD_LL_CloseEP                                   build/usbd_conf.o
                                                  build/usbd_cdc.o
USBD_LL_DataInStage                               build/usbd_core.o
                                                  build/usbd_conf.o
USBD_LL_DataOutStage                              build/usbd_core.o
                                                  build/usbd_conf.o
USBD_LL_DeInit                                    build/usbd_conf.o
                                                  build/usbd_core.o
USBD_LL_Delay                                     build/usbd_conf.o
USBD_LL_DevConnected                              build/usbd_core.o
                                                  build/usbd_conf.o
USBD_LL_DevDisconnected                           build/usbd_core.o
                                                  build/usbd_conf.o
USBD_LL_FlushEP                                   build/usbd_conf.o
USBD_LL_GetRxDataSize                             build/usbd_conf.o
                                                  build/usbd_cdc.o
                                                  build/usbd_ioreq.o
USBD_LL_Init                                      build/usbd_conf.o
                                                  build/usbd_core.o
USBD_LL_IsStallEP                                 build/usbd_conf.o
                                                  build/usbd_ctlreq.o
USBD_LL_IsoINIncomplete                           build/usbd_core.o
                                                  build/usbd_conf.o
USBD_LL_IsoOUTIncomplete                          build/usbd_core.o
                                                  build/usbd_conf.o
USBD_LL_OpenEP                                    build/usbd_conf.o
                                                  build/usbd_cdc.o
                                                  build/usbd_core.o
USBD_LL_PrepareReceive                            build/usbd_conf.o
                                                  build/usbd_cdc.o
                                                  build/usbd_ioreq.o
                                                  build/usbd_core.o
USBD_LL_Reset                                     build/usbd_core.o
                                                  build/usbd_conf.o
USBD_LL_Resume                                    build/usbd_core.o
                                                  build/usbd_conf.o
USBD_LL_SOF                                       build/usbd_core.o
                                                  build/usbd_conf.o
USBD_LL_SetSpeed                                  build/usbd_core.o
                                                  build/usbd_conf.o
USBD_LL_SetUSBAddress                             build/usbd_conf.o
                                                  build/usbd_ctlreq.o
USBD_LL_SetupStage                                build/usbd_core.o
                                                  build/usbd_conf.o
USBD_LL_StallEP                                   build/usbd_conf.o
                                                  build/usbd_ctlreq.o
                                                  build/usbd_core.o
USBD_LL_Start                                     build/usbd_conf.o
                                                  build/usbd_core.o
USBD_LL_Stop                                      build/usbd_conf.o
                                                  build/usbd_core.o
USBD_LL_Suspend                                   build/usbd_core.o
                                                  build/usbd_conf.o
USBD_LL_Transmit                                  build/usbd_conf.o
                                                  build/usbd_cdc.o
                                                  build/usbd_ioreq.o
USBD_LangIDDesc                                   build/usbd_desc.o
USBD_ParseSetupRequest                            build/usbd_ctlreq.o
                                                  build/usbd_core.o
USBD_RegisterClass                                build/usbd_core.o
                                                  build/usb_device.o
USBD_RunTestMode                                  build/usbd_core.o
USBD_SetClassConfig                               build/usbd_core.o
                                                  build/usbd_ctlreq.o
USBD_Start                                        build/usbd_core.o
                                                  build/usb_device.o
USBD_StdDevReq                                    build/usbd_ctlreq.o
                                                  build/usbd_core.o
USBD_StdEPReq                                     build/usbd_ctlreq.o
                                                  build/usbd_core.o
USBD_StdItfReq                                    build/usbd_ctlreq.o
                                                  build/usbd_core.o
USBD_Stop                                         build/usbd_core.o
USBD_StrDesc                                      build/usbd_desc.o
USBD_StringSerial                                 build/usbd_desc.o
USBD_static_free                                  build/usbd_conf.o
                                                  build/usbd_cdc.o
USBD_static_malloc                                build/usbd_conf.o
                                                  build/usbd_cdc.o
USBWakeUp_IRQHandler                              build/startup_stm32f103xb.o
USB_ActivateEndpoint                              build/stm32f1xx_ll_usb.o
                                                  build/stm32f1xx_hal_pcd.o
USB_ActivateRemoteWakeup                          build/stm32f1xx_ll_usb.o
                                                  build/stm32f1xx_hal_pcd.o
USB_ClearInterrupts                               build/stm32f1xx_ll_usb.o
USB_CoreInit                                      build/stm32f1xx_ll_usb.o
                                                  build/stm32f1xx_hal_pcd.o
USB_DeActivateRemoteWakeup                        build/stm32f1xx_ll_usb.o
                                                  build/stm32f1xx_hal_pcd.o
USB_DeactivateEndpoint                            build/stm32f1xx_ll_usb.o
                                                  build/stm32f1xx_hal_pcd.o
USB_DevConnect                                    build/stm32f1xx_ll_usb.o
                                                  build/stm32f1xx_hal_pcd.o
USB_DevDisconnect                                 build/stm32f1xx_ll_usb.o
                                                  build/stm32f1xx_hal_pcd.o
USB_DevInit                                       build/stm32f1xx_ll_usb.o
                                                  build/stm32f1xx_hal_pcd.o
USB_DisableGlobalInt                              build/stm32f1xx_ll_usb.o
                                                  build/stm32f1xx_hal_pcd.o
USB_EP0_OutStart                                  build/stm32f1xx_ll_usb.o
                                                  build/stm32f1xx_hal_pcd.o
USB_EPClearStall                                  build/stm32f1xx_ll_usb.o
                                                  build/stm32f1xx_hal_pcd.o
USB_EPSetStall                                    build/stm32f1xx_ll_usb.o
                                                  build/stm32f1xx_hal_pcd.o
USB_EPStartXfer                                   build/stm32f1xx_ll_usb.o
                                                  build/stm32f1xx_hal_pcd.o
USB_EPStopXfer                                    build/stm32f1xx_ll_usb.o
                                                  build/stm32f1xx_hal_pcd.o
USB_EnableGlobalInt                               build/stm32f1xx_ll_usb.o
                                                  build/stm32f1xx_hal_pcd.o
USB_FlushRxFifo                                   build/stm32f1xx_ll_usb.o
                                                  build/stm32f1xx_hal_pcd.o