Archive member included to satisfy reference by file (symbol)

/Users/luftaquila/workspace/arm-gnu-toolchain-13.2.Rel1-darwin-arm64-arm-none-eabi/bin/../lib/gcc/arm-none-eabi/13.2.1/../../../../arm-none-eabi/lib/thumb/v7-m/nofp/libc_nano.a(libc_a-exit.o)
                              /Users/luftaquila/workspace/arm-gnu-toolchain-13.2.Rel1-darwin-arm64-arm-none-eabi/bin/../lib/gcc/arm-none-eabi/13.2.1/../../../../arm-none-eabi/lib/thumb/v7-m/nofp/crt0.o (exit)
/Users/luftaquila/workspace/arm-gnu-toolchain-13.2.Rel1-darwin-arm64-arm-none-eabi/bin/../lib/gcc/arm-none-eabi/13.2.1/../../../../arm-none-eabi/lib/thumb/v7-m/nofp/libc_nano.a(libc_a-findfp.o)
                              /Users/luftaquila/workspace/arm-gnu-toolchain-13.2.Rel1-darwin-arm64-arm-none-eabi/bin/../lib/gcc/arm-none-eabi/13.2.1/../../../../arm-none-eabi/lib/thumb/v7-m/nofp/libc_nano.a(libc_a-exit.o) (__stdio_exit_handler)
/Users/luftaquila/workspace/arm-gnu-toolchain-13.2.Rel1-darwin-arm64-arm-none-eabi/bin/../lib/gcc/arm-none-eabi/13.2.1/../../../../arm-none-eabi/lib/thumb/v7-m/nofp/libc_nano.a(libc_a-fwalk.o)
                              /Users/luftaquila/workspace/arm-gnu-toolchain-13.2.Rel1-darwin-arm64-arm-none-eabi/bin/../lib/gcc/arm-none-eabi/13.2.1/../../../../arm-none-eabi/lib/thumb/v7-m/nofp/libc_nano.a(libc_a-findfp.o) (_fwalk_sglue)
/Users/luftaquila/workspace/arm-gnu-toolchain-13.2.Rel1-darwin-arm64-arm-none-eabi/bin/../lib/gcc/arm-none-eabi/13.2.1/../../../../arm-none-eabi/lib/thumb/v7-m/nofp/libc_nano.a(libc_a-memset.o)
                              /Users/luftaquila/workspace/arm-gnu-toolchain-13.2.Rel1-darwin-arm64-arm-none-eabi/bin/../lib/gcc/arm-none-eabi/13.2.1/../../../../arm-none-eabi/lib/thumb/v7-m/nofp/crt0.o (memset)
/Users/luftaquila/workspace/arm-gnu-toolchain-13.2.Rel1-darwin-arm64-arm-none-eabi/bin/../lib/gcc/arm-none-eabi/13.2.1/../../../../arm-none-eabi/lib/thumb/v7-m/nofp/libc_nano.a(libc_a-impure.o)
                              /Users/luftaquila/workspace/arm-gnu-toolchain-13.2.Rel1-darwin-arm64-arm-none-eabi/bin/../lib/gcc/arm-none-eabi/13.2.1/../../../../arm-none-eabi/lib/thumb/v7-m/nofp/libc_nano.a(libc_a-findfp.o) (_impure_data)
/Users/luftaquila/workspace/arm-gnu-toolchain-13.2.Rel1-darwin-arm64-arm-none-eabi/bin/../lib/gcc/arm-none-eabi/13.2.1/../../../../arm-none-eabi/lib/thumb/v7-m/nofp/libc_nano.a(libc_a-errno.o)
                              build/sysmem.o (__errno)
/Users/luftaquila/workspace/arm-gnu-toolchain-13.2.Rel1-darwin-arm64-arm-none-eabi/bin/../lib/gcc/arm-none-eabi/13.2.1/../../../../arm-none-eabi/lib/thumb/v7-m/nofp/libc_nano.a(libc_a-init.o)
                              /Users/luftaquila/workspace/arm-gnu-toolchain-13.2.Rel1-darwin-arm64-arm-none-eabi/bin/../lib/gcc/arm-none-eabi/13.2.1/../../../../arm-none-eabi/lib/thumb/v7-m/nofp/crt0.o (__libc_init_array)
/Users/luftaquila/workspace/arm-gnu-toolchain-13.2.Rel1-darwin-arm64-arm-none-eabi/bin/../lib/gcc/arm-none-eabi/13.2.1/../../../../arm-none-eabi/lib/thumb/v7-m/nofp/libc_nano.a(libc_a-lock.o)
                              /Users/luftaquila/workspace/arm-gnu-toolchain-13.2.Rel1-darwin-arm64-arm-none-eabi/bin/../lib/gcc/arm-none-eabi/13.2.1/../../../../arm-none-eabi/lib/thumb/v7-m/nofp/libc_nano.a(libc_a-findfp.o) (__retarget_lock_init_recursive)
/Users/luftaquila/workspace/arm-gnu-toolchain-13.2.Rel1-darwin-arm64-arm-none-eabi/bin/../lib/gcc/arm-none-eabi/13.2.1/../../../../arm-none-eabi/lib/thumb/v7-m/nofp/libc_nano.a(libc_a-mallocr.o)
                              /Users/luftaquila/workspace/arm-gnu-toolchain-13.2.Rel1-darwin-arm64-arm-none-eabi/bin/../lib/gcc/arm-none-eabi/13.2.1/../../../../arm-none-eabi/lib/thumb/v7-m/nofp/libc_nano.a(libc_a-findfp.o) (_malloc_r)
/Users/luftaquila/workspace/arm-gnu-toolchain-13.2.Rel1-darwin-arm64-arm-none-eabi/bin/../lib/gcc/arm-none-eabi/13.2.1/../../../../arm-none-eabi/lib/thumb/v7-m/nofp/libc_nano.a(libc_a-fflush.o)
                              /Users/luftaquila/workspace/arm-gnu-toolchain-13.2.Rel1-darwin-arm64-arm-none-eabi/bin/../lib/gcc/arm-none-eabi/13.2.1/../../../../arm-none-eabi/lib/thumb/v7-m/nofp/libc_nano.a(libc_a-findfp.o) (_fflush_r)
/Users/luftaquila/workspace/arm-gnu-toolchain-13.2.Rel1-darwin-arm64-arm-none-eabi/bin/../lib/gcc/arm-none-eabi/13.2.1/../../../../arm-none-eabi/lib/thumb/v7-m/nofp/libc_nano.a(libc_a-mlock.o)
                              /Users/luftaquila/workspace/arm-gnu-toolchain-13.2.Rel1-darwin-arm64-arm-none-eabi/bin/../lib/gcc/arm-none-eabi/13.2.1/../../../../arm-none-eabi/lib/thumb/v7-m/nofp/libc_nano.a(libc_a-mallocr.o) (__malloc_lock)
/Users/luftaquila/workspace/arm-gnu-toolchain-13.2.Rel1-darwin-arm64-arm-none-eabi/bin/../lib/gcc/arm-none-eabi/13.2.1/../../../../arm-none-eabi/lib/thumb/v7-m/nofp/libc_nano.a(libc_a-stdio.o)
[...]
Memory Configuration

Name             Origin             Length             Attributes
RAM              0x20000000         0x00005000         xrw
FLASH            0x08000000         0x00010000         xr
*default*        0x00000000         0xffffffff

Linker script and memory map

LOAD /Users/luftaquila/workspace/arm-gnu-toolchain-13.2.Rel1-darwin-arm64-arm-none-eabi/bin/../lib/gcc/arm-none-eabi/13.2.1/thumb/v7-m/nofp/crti.o
LOAD /Users/luftaquila/workspace/arm-gnu-toolchain-13.2.Rel1-darwin-arm64-arm-none-eabi/bin/../lib/gcc/arm-none-eabi/13.2.1/thumb/v7-m/nofp/crtbegin.o
LOAD /Users/luftaquila/workspace/arm-gnu-toolchain-13.2.Rel1-darwin-arm64-arm-none-eabi/bin/../lib/gcc/arm-none-eabi/13.2.1/../../../../arm-none-eabi/lib/thumb/v7-m/nofp/crt0.o
LOAD build/main.o
LOAD build/gpio.o
LOAD build/tim.o
LOAD build/stm32f1xx_it.o
LOAD build/stm32f1xx_hal_msp.o
LOAD build/usb_device.o
LOAD build/usbd_desc.o
LOAD build/usbd_cdc_if.o
LOAD build/usbd_conf.o
LOAD build/stm32f1xx_hal_gpio_ex.o
LOAD build/stm32f1xx_hal_pcd.o
LOAD build/stm32f1xx_hal_pcd_ex.o
LOAD build/stm32f1xx_ll_usb.o
LOAD build/stm32f1xx_hal.o
LOAD build/stm32f1xx_hal_rcc.o
LOAD build/stm32f1xx_hal_rcc_ex.o
LOAD build/stm32f1xx_hal_gpio.o
LOAD build/stm32f1xx_hal_dma.o
LOAD build/stm32f1xx_hal_cortex.o
LOAD build/stm32f1xx_hal_pwr.o
LOAD build/stm32f1xx_hal_flash.o
LOAD build/stm32f1xx_hal_flash_ex.o
LOAD build/stm32f1xx_hal_exti.o
LOAD build/stm32f1xx_hal_tim.o
LOAD build/stm32f1xx_hal_tim_ex.o
LOAD build/system_stm32f1xx.o
LOAD build/usbd_core.o
LOAD build/usbd_ctlreq.o
LOAD build/usbd_ioreq.o
LOAD build/usbd_cdc.o
LOAD build/sysmem.o
LOAD build/syscalls.o
LOAD build/startup_stm32f103xb.o
LOAD /Users/luftaquila/workspace/arm-gnu-toolchain-13.2.Rel1-darwin-arm64-arm-none-eabi/bin/../lib/gcc/arm-none-eabi/13.2.1/../../../../arm-none-eabi/lib/thumb/v7-m/nofp/libc_nano.a
LOAD /Users/luftaquila/workspace/arm-gnu-toolchain-13.2.Rel1-darwin-arm64-arm-none-eabi/bin/../lib/gcc/arm-none-eabi/13.2.1/../../../../arm-none-eabi/lib/thumb/v7-m/nofp/libm.a
LOAD /Users/luftaquila/workspace/arm-gnu-toolchain-13.2.Rel1-darwin-arm64-arm-none-eabi/bin/../lib/gcc/arm-none-eabi/13.2.1/../../../../arm-none-eabi/lib/thumb/v7-m/nofp/libnosys.a
START GROUP
LOAD /Users/luftaquila/workspace/arm-gnu-toolchain-13.2.Rel1-darwin-arm64-arm-none-eabi/bin/../lib/gcc/arm-none-eabi/13.2.1/thumb/v7-m/nofp/libgcc.a
LOAD /Users/luftaquila/workspace/arm-gnu-toolchain-13.2.Rel1-darwin-arm64-arm-none-eabi/bin/../lib/gcc/arm-none-eabi/13.2.1/../../../../arm-none-eabi/lib/thumb/v7-m/nofp/libc_nano.a
END GROUP
START GROUP
LOAD /Users/luftaquila/workspace/arm-gnu-toolchain-13.2.Rel1-darwin-arm64-arm-none-eabi/bin/../lib/gcc/arm-none-eabi/13.2.1/thumb/v7-m/nofp/libgcc.a
LOAD /Users/luftaquila/workspace/arm-gnu-toolchain-13.2.Rel1-darwin-arm64-arm-none-eabi/bin/../lib/gcc/arm-none-eabi/13.2.1/../../../../arm-none-eabi/lib/thumb/v7-m/nofp/libc_nano.a
END GROUP
LOAD /Users/luftaquila/workspace/arm-gnu-toolchain-13.2.Rel1-darwin-arm64-arm-none-eabi/bin/../lib/gcc/arm-none-eabi/13.2.1/thumb/v7-m/nofp/crtend.o
LOAD /Users/luftaquila/workspace/arm-gnu-toolchain-13.2.Rel1-darwin-arm64-arm-none-eabi/bin/../lib/gcc/arm-none-eabi/13.2.1/thumb/v7-m/nofp/crtn.o
                0x20005000                        _estack = (ORIGIN (RAM) + LENGTH (RAM))
                0x00000200                        _Min_Heap_Size = 0x200
                0x00000400                        _Min_Stack_Size = 0x400

.isr_vector     0x08000000      0x10c
                0x08000000                        . = ALIGN (0x4)
 *(.isr_vector)
 .isr_vector    0x08000000      0x10c build/startup_stm32f103xb.o
                0x08000000                g_pfnVectors
                0x0800010c                        . = ALIGN (0x4)

.text           0x0800010c     0x4d4c
                0x0800010c                        . = ALIGN (0x4)
 *(.text)
 .text          0x0800010c      0x254 /Users/luftaquila/workspace/arm-gnu-toolchain-13.2.Rel1-darwin-arm64-arm-none-eabi/bin/../lib/gcc/arm-none-eabi/13.2.1/thumb/v7-m/nofp/libgcc.a(_arm_muldf3.o)
                0x0800010c                __aeabi_dmul
                0x0800010c                __muldf3
 .text          0x08000360      0x378 /Users/luftaquila/workspace/arm-gnu-toolchain-13.2.Rel1-darwin-arm64-arm-none-eabi/bin/../lib/gcc/arm-none-eabi/13.2.1/thumb/v7-m/nofp/libgcc.a(_arm_addsubdf3.o)
                0x08000360                __aeabi_drsub
                0x08000368                __subdf3
                0x08000368                __aeabi_dsub
                0x0800036c                __aeabi_dadd
                0x0800036c                __adddf3
                0x080005e4                __aeabi_ui2d
                0x080005e4                __floatunsidf
                0x08000604                __floatsidf
                0x08000604                __aeabi_i2d
                0x08000628                __extendsfdf2
                0x08000628                __aeabi_f2d
                0x0800066c                __aeabi_ul2d
                0x0800066c                __floatundidf
                0x0800067c                __aeabi_l2d
                0x0800067c                __floatdidf
 .text          0x080006d8       0x50 /Users/luftaquila/workspace/arm-gnu-toolchain-13.2.Rel1-darwin-arm64-arm-none-eabi/bin/../lib/gcc/arm-none-eabi/13.2.1/thumb/v7-m/nofp/libgcc.a(_arm_fixdfsi.o)
                0x080006d8                __fixdfsi
                0x080006d8                __aeabi_d2iz
 *(.text*)
 .text.deregister_tm_clones
                0x08000728       0x1c /Users/luftaquila/workspace/arm-gnu-toolchain-13.2.Rel1-darwin-arm64-arm-none-eabi/bin/../lib/gcc/arm-none-eabi/13.2.1/thumb/v7-m/nofp/crtbegin.o
 .text.register_tm_clones
                0x08000744       0x24 /Users/luftaquila/workspace/arm-gnu-toolchain-13.2.Rel1-darwin-arm64-arm-none-eabi/bin/../lib/gcc/arm-none-eabi/13.2.1/thumb/v7-m/nofp/crtbegin.o
 .text.__do_global_dtors_aux
                0x08000768       0x28 /Users/luftaquila/workspace/arm-gnu-toolchain-13.2.Rel1-darwin-arm64-arm-none-eabi/bin/../lib/gcc/arm-none-eabi/13.2.1/thumb/v7-m/nofp/crtbegin.o
 .text.frame_dummy
                0x08000790       0x24 /Users/luftaquila/workspace/arm-gnu-toolchain-13.2.Rel1-darwin-arm64-arm-none-eabi/bin/../lib/gcc/arm-none-eabi/13.2.1/thumb/v7-m/nofp/crtbegin.o
 .text.Error_Handler
                0x080007b4        0x4 build/main.o
                0x080007b4                Error_Handler
 .text.SystemClock_Config
                0x080007b8       0x86 build/main.o
                0x080007b8                SystemClock_Config
 *fill*         0x0800083e        0x2 
 .text.main     0x08000840       0x58 build/main.o
                0x08000840                main
 .text.MX_GPIO_Init
                0x08000898       0x30 build/gpio.o
                0x08000898                MX_GPIO_Init
 .text.HAL_TIM_Base_MspInit
                0x080008c8       0x4c build/tim.o
                0x080008c8                HAL_TIM_Base_MspInit
 .text.HAL_TIM_MspPostInit
                0x08000914       0x84 build/tim.o
                0x08000914                HAL_TIM_MspPostInit
 .text.MX_TIM1_Init
                0x08000998      0x10c build/tim.o
                0x08000998                MX_TIM1_Init
 .text.MX_TIM2_Init
                0x08000aa4       0xd0 build/tim.o
                0x08000aa4                MX_TIM2_Init
 .text.NMI_Handler
                0x08000b74        0x2 build/stm32f1xx_it.o
                0x08000b74                NMI_Handler
 .text.HardFault_Handler
                0x08000b76        0x2 build/stm32f1xx_it.o
                0x08000b76                HardFault_Handler
 .text.MemManage_Handler
                0x08000b78        0x2 build/stm32f1xx_it.o
                0x08000b78                MemManage_Handler
 .text.BusFault_Handler
                0x08000b7a        0x2 build/stm32f1xx_it.o
                0x08000b7a                BusFault_Handler
 .text.UsageFault_Handler
                0x08000b7c        0x2 build/stm32f1xx_it.o
                0x08000b7c                UsageFault_Handler
 .text.SVC_Handler
                0x08000b7e        0x2 build/stm32f1xx_it.o
                0x08000b7e                SVC_Handler
 .text.DebugMon_Handler
                0x08000b80        0x2 build/stm32f1xx_it.o
                0x08000b80                DebugMon_Handler
 .text.PendSV_Handler
                0x08000b82        0x2 build/stm32f1xx_it.o
                0x08000b82                PendSV_Handler
 .text.SysTick_Handler
                0x08000b84        0x8 build/stm32f1xx_it.o
                0x08000b84                SysTick_Handler
 .text.USB_HP_CAN1_TX_IRQHandler
                0x08000b8c       0x10 build/stm32f1xx_it.o
                0x08000b8c                USB_HP_CAN1_TX_IRQHandler
 .text.USB_LP_CAN1_RX0_IRQHandler
                0x08000b9c       0x10 build/stm32f1xx_it.o
                0x08000b9c                USB_LP_CAN1_RX0_IRQHandler
 .text.HAL_MspInit
                0x08000bac       0x44 build/stm32f1xx_hal_msp.o
                0x08000bac                HAL_MspInit
 .text.MX_USB_DEVICE_Init
                0x08000bf0       0x54 build/usb_device.o
                0x08000bf0                MX_USB_DEVICE_Init
 .text.USBD_FS_DeviceDescriptor
                0x08000c44        0xc build/usbd_desc.o
                0x08000c44                USBD_FS_DeviceDescriptor
 .text.USBD_FS_LangIDStrDescriptor
                0x08000c50        0xc build/usbd_desc.o
                0x08000c50                USBD_FS_LangIDStrDescriptor
 .text.IntToUnicode
                0x08000c5c       0x46 build/usbd_desc.o
 *fill*         0x08000ca2        0x2 
 .text.Get_SerialNum
                0x08000ca4       0x38 build/usbd_desc.o
 .text.USBD_FS_SerialStrDescriptor
                0x08000cdc       0x14 build/usbd_desc.o
                0x08000cdc                USBD_FS_SerialStrDescriptor
 .text.USBD_FS_ProductStrDescriptor
                0x08000cf0       0x24 build/usbd_desc.o
                0x08000cf0                USBD_FS_ProductStrDescriptor
 .text.USBD_FS_ManufacturerStrDescriptor
                0x08000d14       0x1c build/usbd_desc.o
                0x08000d14                USBD_FS_ManufacturerStrDescriptor
 .text.USBD_FS_ConfigStrDescriptor
                0x08000d30       0x24 build/usbd_desc.o
                0x08000d30                USBD_FS_ConfigStrDescriptor
 .text.USBD_FS_InterfaceStrDescriptor
                0x08000d54       0x24 build/usbd_desc.o
                0x08000d54                USBD_FS_InterfaceStrDescriptor
 .text.CDC_DeInit_FS
                0x08000d78        0x4 build/usbd_cdc_if.o
 .text.CDC_Control_FS
                0x08000d7c        0x4 build/usbd_cdc_if.o
 .text.CDC_Receive_FS
                0x08000d80       0x80 build/usbd_cdc_if.o
 .text.CDC_Init_FS
                0x08000e00       0x28 build/usbd_cdc_if.o
 .text.USBD_Get_USB_Status
                0x08000e28       0x14 build/usbd_conf.o
 .text.HAL_PCD_MspInit
                0x08000e3c       0x50 build/usbd_conf.o
                0x08000e3c                HAL_PCD_MspInit
 .text.HAL_PCD_SetupStageCallback
                0x08000e8c       0x10 build/usbd_conf.o
                0x08000e8c                HAL_PCD_SetupStageCallback
 .text.HAL_PCD_DataOutStageCallback
                0x08000e9c       0x18 build/usbd_conf.o
                0x08000e9c                HAL_PCD_DataOutStageCallback
 .text.HAL_PCD_DataInStageCallback
                0x08000eb4       0x16 build/usbd_conf.o
                0x08000eb4                HAL_PCD_DataInStageCallback
 .text.HAL_PCD_SOFCallback
                0x08000eca        0xc build/usbd_conf.o
                0x08000eca                HAL_PCD_SOFCallback
 .text.HAL_PCD_ResetCallback
                0x08000ed6       0x24 build/usbd_conf.o
                0x08000ed6                HAL_PCD_ResetCallback
 *fill*         0x08000efa        0x2 
 .text.HAL_PCD_SuspendCallback
                0x08000efc       0x20 build/usbd_conf.o
                0x08000efc                HAL_PCD_SuspendCallback
 .text.HAL_PCD_ResumeCallback
                0x08000f1c        0xc build/usbd_conf.o
                0x08000f1c                HAL_PCD_ResumeCallback
 .text.USBD_LL_Init
                0x08000f28       0x84 build/usbd_conf.o
                0x08000f28                USBD_LL_Init
 .text.USBD_LL_Start
                0x08000fac       0x10 build/usbd_conf.o
                0x08000fac                USBD_LL_Start
 .text.USBD_LL_OpenEP
                0x08000fbc       0x16 build/usbd_conf.o
                0x08000fbc                USBD_LL_OpenEP
 .text.USBD_LL_CloseEP
                0x08000fd2       0x10 build/usbd_conf.o
                0x08000fd2                USBD_LL_CloseEP
 .text.USBD_LL_StallEP
                0x08000fe2       0x10 build/usbd_conf.o
                0x08000fe2                USBD_LL_StallEP
 .text.USBD_LL_ClearStallEP
                0x08000ff2       0x10 build/usbd_conf.o
                0x08000ff2                USBD_LL_ClearStallEP
 .text.USBD_LL_IsStallEP
                0x08001002       0x2e build/usbd_conf.o
                0x08001002                USBD_LL_IsStallEP
 .text.USBD_LL_SetUSBAddress
                0x08001030       0x10 build/usbd_conf.o
                0x08001030                USBD_LL_SetUSBAddress
 .text.USBD_LL_Transmit
                0x08001040       0x10 build/usbd_conf.o
                0x08001040                USBD_LL_Transmit
 .text.USBD_LL_PrepareReceive
                0x08001050       0x10 build/usbd_conf.o
                0x08001050                USBD_LL_PrepareReceive
 .text.USBD_LL_GetRxDataSize
                0x08001060        0xc build/usbd_conf.o
                0x08001060                USBD_LL_GetRxDataSize
 .text.USBD_static_malloc
                0x0800106c        0x8 build/usbd_conf.o
                0x0800106c                USBD_static_malloc
 .text.USBD_static_free
                0x08001074        0x2 build/usbd_conf.o
                0x08001074                USBD_static_free
 .text.HAL_PCDEx_SetConnectionState
                0x08001076        0x2 build/usbd_conf.o
                0x08001076                HAL_PCDEx_SetConnectionState
 .text.HAL_PCD_EP_DB_Receive
                0x08001078      0x11c build/stm32f1xx_hal_pcd.o
 .text.HAL_PCD_Init
                0x08001194      0x110 build/stm32f1xx_hal_pcd.o
                0x08001194                HAL_PCD_Init
 .text.HAL_PCD_Start
                0x080012a4       0x32 build/stm32f1xx_hal_pcd.o
                0x080012a4                HAL_PCD_Start
 .text.HAL_PCD_EP_DB_Transmit
                0x080012d6      0x424 build/stm32f1xx_hal_pcd.o
 .text.PCD_EP_ISR_Handler
                0x080016fa      0x53e build/stm32f1xx_hal_pcd.o
 .text.HAL_PCD_SetAddress
                0x08001c38       0x28 build/stm32f1xx_hal_pcd.o
                0x08001c38                HAL_PCD_SetAddress
 .text.HAL_PCD_IRQHandler
                0x08001c60      0x1b0 build/stm32f1xx_hal_pcd.o
                0x08001c60                HAL_PCD_IRQHandler
 .text.HAL_PCD_EP_Open
                0x08001e10       0x7c build/stm32f1xx_hal_pcd.o
                0x08001e10                HAL_PCD_EP_Open
 .text.HAL_PCD_EP_Close
                0x08001e8c       0x64 build/stm32f1xx_hal_pcd.o
                0x08001e8c                HAL_PCD_EP_Close
 .text.HAL_PCD_EP_Receive
                0x08001ef0       0x3a build/stm32f1xx_hal_pcd.o
                0x08001ef0                HAL_PCD_EP_Receive
 .text.HAL_PCD_EP_GetRxCount
                0x08001f2a       0x12 build/stm32f1xx_hal_pcd.o
                0x08001f2a                HAL_PCD_EP_GetRxCount
 .text.HAL_PCD_EP_Transmit
                0x08001f3c       0x44 build/stm32f1xx_hal_pcd.o
                0x08001f3c                HAL_PCD_EP_Transmit
 .text.HAL_PCD_EP_SetStall
                0x08001f80       0x78 build/stm32f1xx_hal_pcd.o
                0x08001f80                HAL_PCD_EP_SetStall
 .text.HAL_PCD_EP_ClrStall
                0x08001ff8       0x76 build/stm32f1xx_hal_pcd.o
                0x08001ff8                HAL_PCD_EP_ClrStall
 .text.HAL_PCDEx_PMAConfig
                0x0800206e       0x38 build/stm32f1xx_hal_pcd_ex.o
                0x0800206e                HAL_PCDEx_PMAConfig
 .text.USB_CoreInit
                0x080020a6        0xe build/stm32f1xx_ll_usb.o
                0x080020a6                USB_CoreInit
 .text.USB_EnableGlobalInt
                0x080020b4       0x12 build/stm32f1xx_ll_usb.o
                0x080020b4                USB_EnableGlobalInt
 .text.USB_DisableGlobalInt
                0x080020c6       0x14 build/stm32f1xx_ll_usb.o
                0x080020c6                USB_DisableGlobalInt
 .text.USB_SetCurrentMode
                0x080020da        0x4 build/stm32f1xx_ll_usb.o
                0x080020da                USB_SetCurrentMode
 .text.USB_DevInit
                0x080020de       0x22 build/stm32f1xx_ll_usb.o
                0x080020de                USB_DevInit
 .text.USB_ActivateEndpoint
                0x08002100      0x3ca build/stm32f1xx_ll_usb.o
                0x08002100                USB_ActivateEndpoint
 .text.USB_DeactivateEndpoint
                0x080024ca      0x1d6 build/stm32f1xx_ll_usb.o
                0x080024ca                USB_DeactivateEndpoint
 .text.USB_EPSetStall
                0x080026a0       0x4a build/stm32f1xx_ll_usb.o
                0x080026a0                USB_EPSetStall
 .text.USB_EPClearStall
                0x080026ea       0xa2 build/stm32f1xx_ll_usb.o
                0x080026ea                USB_EPClearStall
 .text.USB_SetDevAddress
                0x0800278c        0xc build/stm32f1xx_ll_usb.o
                0x0800278c                USB_SetDevAddress
 .text.USB_DevConnect
                0x08002798        0x4 build/stm32f1xx_ll_usb.o
                0x08002798                USB_DevConnect
 .text.USB_DevDisconnect
                0x0800279c        0x4 build/stm32f1xx_ll_usb.o
                0x0800279c                USB_DevDisconnect
 .text.USB_ReadInterrupts
                0x080027a0        0x8 build/stm32f1xx_ll_usb.o
                0x080027a0                USB_ReadInterrupts
 .text.USB_EP0_OutStart
                0x080027a8        0x4 build/stm32f1xx_ll_usb.o
                0x080027a8                USB_EP0_OutStart
 .text.USB_WritePMA
                0x080027ac       0x26 build/stm32f1xx_ll_usb.o
                0x080027ac                USB_WritePMA
 .text.USB_EPStartXfer
                0x080027d2      0x7ce build/stm32f1xx_ll_usb.o
                0x080027d2                USB_EPStartXfer
 .text.USB_ReadPMA
                0x08002fa0       0x30 build/stm32f1xx_ll_usb.o
                0x08002fa0                USB_ReadPMA
 .text.HAL_InitTick
                0x08002fd0       0x4c build/stm32f1xx_hal.o
                0x08002fd0                HAL_InitTick
 .text.HAL_Init
                0x0800301c       0x24 build/stm32f1xx_hal.o
                0x0800301c                HAL_Init
 .text.HAL_IncTick
                0x08003040       0x18 build/stm32f1xx_hal.o
                0x08003040                HAL_IncTick
 .text.HAL_GetTick
                0x08003058        0xc build/stm32f1xx_hal.o
                0x08003058                HAL_GetTick
 .text.RCC_Delay
                0x08003064       0x2c build/stm32f1xx_hal_rcc.o
 .text.HAL_RCC_OscConfig
                0x08003090      0x410 build/stm32f1xx_hal_rcc.o
                0x08003090                HAL_RCC_OscConfig
 .text.HAL_RCC_GetSysClockFreq
                0x080034a0       0x54 build/stm32f1xx_hal_rcc.o
                0x080034a0                HAL_RCC_GetSysClockFreq
 .text.HAL_RCC_ClockConfig
                0x080034f4      0x16c build/stm32f1xx_hal_rcc.o
                0x080034f4                HAL_RCC_ClockConfig
 .text.HAL_RCCEx_PeriphCLKConfig
                0x08003660      0x118 build/stm32f1xx_hal_rcc_ex.o
                0x08003660                HAL_RCCEx_PeriphCLKConfig
 .text.HAL_GPIO_Init
                0x08003778      0x21c build/stm32f1xx_hal_gpio.o
                0x08003778                HAL_GPIO_Init
 .text.__NVIC_SetPriority
                0x08003994       0x28 build/stm32f1xx_hal_cortex.o
 .text.NVIC_EncodePriority
                0x080039bc       0x3e build/stm32f1xx_hal_cortex.o
 *fill*         0x080039fa        0x2 
 .text.HAL_NVIC_SetPriorityGrouping
                0x080039fc       0x24 build/stm32f1xx_hal_cortex.o
                0x080039fc                HAL_NVIC_SetPriorityGrouping
 .text.HAL_NVIC_SetPriority
                0x08003a20       0x20 build/stm32f1xx_hal_cortex.o
                0x08003a20                HAL_NVIC_SetPriority
 .text.HAL_NVIC_EnableIRQ
                0x08003a40       0x1c build/stm32f1xx_hal_cortex.o
                0x08003a40                HAL_NVIC_EnableIRQ
 .text.HAL_SYSTICK_Config
                0x08003a5c       0x28 build/stm32f1xx_hal_cortex.o
                0x08003a5c                HAL_SYSTICK_Config
 .text.TIM_OC1_SetConfig
                0x08003a84       0x54 build/stm32f1xx_hal_tim.o
 .text.TIM_OC3_SetConfig
                0x08003ad8       0x5c build/stm32f1xx_hal_tim.o
 .text.TIM_OC4_SetConfig
                0x08003b34       0x48 build/stm32f1xx_hal_tim.o
 .text.TIM_TI1_ConfigInputStage
                0x08003b7c       0x24 build/stm32f1xx_hal_tim.o
 .text.TIM_TI2_ConfigInputStage
                0x08003ba0       0x26 build/stm32f1xx_hal_tim.o
 .text.TIM_ITRx_SetConfig
                0x08003bc6       0x10 build/stm32f1xx_hal_tim.o
 .text.HAL_TIM_PWM_MspInit
                0x08003bd6        0x2 build/stm32f1xx_hal_tim.o
                0x08003bd6                HAL_TIM_PWM_MspInit
 .text.TIM_Base_SetConfig
                0x08003bd8       0x74 build/stm32f1xx_hal_tim.o
                0x08003bd8                TIM_Base_SetConfig
 .text.HAL_TIM_Base_Init
                0x08003c4c       0x58 build/stm32f1xx_hal_tim.o
                0x08003c4c                HAL_TIM_Base_Init
 .text.HAL_TIM_PWM_Init
                0x08003ca4       0x58 build/stm32f1xx_hal_tim.o
                0x08003ca4                HAL_TIM_PWM_Init
 .text.TIM_OC2_SetConfig
                0x08003cfc       0x5c build/stm32f1xx_hal_tim.o
                0x08003cfc                TIM_OC2_SetConfig
 .text.HAL_TIM_PWM_ConfigChannel
                0x08003d58       0xdc build/stm32f1xx_hal_tim.o
                0x08003d58                HAL_TIM_PWM_ConfigChannel
 .text.TIM_ETR_SetConfig
                0x08003e34       0x18 build/stm32f1xx_hal_tim.o
                0x08003e34                TIM_ETR_SetConfig
 .text.HAL_TIM_ConfigClockSource
                0x08003e4c       0xfe build/stm32f1xx_hal_tim.o
                0x08003e4c                HAL_TIM_ConfigClockSource
 .text.TIM_CCxChannelCmd
                0x08003f4a       0x1e build/stm32f1xx_hal_tim.o
                0x08003f4a                TIM_CCxChannelCmd
 .text.HAL_TIM_PWM_Start
                0x08003f68       0xdc build/stm32f1xx_hal_tim.o
                0x08003f68                HAL_TIM_PWM_Start
 .text.HAL_TIMEx_MasterConfigSynchronization
                0x08004044       0x6c build/stm32f1xx_hal_tim_ex.o
                0x08004044                HAL_TIMEx_MasterConfigSynchronization
 .text.HAL_TIMEx_ConfigBreakDeadTime
                0x080040b0       0x52 build/stm32f1xx_hal_tim_ex.o
                0x080040b0                HAL_TIMEx_ConfigBreakDeadTime
 .text.SystemInit
                0x08004102        0x2 build/system_stm32f1xx.o
                0x08004102                SystemInit
 .text.USBD_Init
                0x08004104       0x2e build/usbd_core.o
                0x08004104                USBD_Init
 .text.USBD_RegisterClass
                0x08004132        0xe build/usbd_core.o
                0x08004132                USBD_RegisterClass
 .text.USBD_Start
                0x08004140        0xa build/usbd_core.o
                0x08004140                USBD_Start
 .text.USBD_SetClassConfig
                0x0800414a       0x18 build/usbd_core.o
                0x0800414a                USBD_SetClassConfig
 .text.USBD_ClrClassConfig
                0x08004162        0xe build/usbd_core.o
                0x08004162                USBD_ClrClassConfig
 .text.USBD_LL_SetupStage
                0x08004170       0x5a build/usbd_core.o
                0x08004170                USBD_LL_SetupStage
 .text.USBD_LL_DataOutStage
                0x080041ca       0x8c build/usbd_core.o
                0x080041ca                USBD_LL_DataOutStage
 .text.USBD_LL_DataInStage
                0x08004256       0xd0 build/usbd_core.o
                0x08004256                USBD_LL_DataInStage
 .text.USBD_LL_Reset
                0x08004326       0x50 build/usbd_core.o
                0x08004326                USBD_LL_Reset
 .text.USBD_LL_SetSpeed
                0x08004376        0x6 build/usbd_core.o
                0x08004376                USBD_LL_SetSpeed
 .text.USBD_LL_Suspend
                0x0800437c       0x12 build/usbd_core.o
                0x0800437c                USBD_LL_Suspend
 .text.USBD_LL_Resume
                0x0800438e       0x16 build/usbd_core.o
                0x0800438e                USBD_LL_Resume
 .text.USBD_LL_SOF
                0x080043a4       0x1c build/usbd_core.o
                0x080043a4                USBD_LL_SOF
 .text.USBD_GetLen
                0x080043c0       0x14 build/usbd_ctlreq.o
 .text.USBD_SetFeature
                0x080043d4       0x14 build/usbd_ctlreq.o
 .text.USBD_ParseSetupRequest
                0x080043e8       0x28 build/usbd_ctlreq.o
                0x080043e8                USBD_ParseSetupRequest
 .text.USBD_CtlError
                0x08004410       0x14 build/usbd_ctlreq.o
                0x08004410                USBD_CtlError
 .text.USBD_GetDescriptor
                0x08004424      0x186 build/usbd_ctlreq.o
 .text.USBD_SetAddress
                0x080045aa       0x4e build/usbd_ctlreq.o
 .text.USBD_SetConfig
                0x080045f8       0xb0 build/usbd_ctlreq.o
 .text.USBD_GetConfig
                0x080046a8       0x3e build/usbd_ctlreq.o
 .text.USBD_GetStatus
                0x080046e6       0x38 build/usbd_ctlreq.o
 .text.USBD_ClrFeature
                0x0800471e       0x26 build/usbd_ctlreq.o
 .text.USBD_StdDevReq
                0x08004744       0x68 build/usbd_ctlreq.o
                0x08004744                USBD_StdDevReq
 .text.USBD_StdItfReq
                0x080047ac       0x60 build/usbd_ctlreq.o
                0x080047ac                USBD_StdItfReq
 .text.USBD_StdEPReq
                0x0800480c      0x1e2 build/usbd_ctlreq.o
                0x0800480c                USBD_StdEPReq
 .text.USBD_GetString
                0x080049ee       0x3a build/usbd_ctlreq.o
                0x080049ee                USBD_GetString
 .text.USBD_CtlSendData
                0x08004a28       0x1a build/usbd_ioreq.o
                0x08004a28                USBD_CtlSendData
 .text.USBD_CtlContinueSendData
                0x08004a42       0x10 build/usbd_ioreq.o
                0x08004a42                USBD_CtlContinueSendData
 .text.USBD_CtlPrepareRx
                0x08004a52       0x1e build/usbd_ioreq.o
                0x08004a52                USBD_CtlPrepareRx
 .text.USBD_CtlContinueRx
                0x08004a70       0x10 build/usbd_ioreq.o
                0x08004a70                USBD_CtlContinueRx
 .text.USBD_CtlSendStatus
                0x08004a80       0x16 build/usbd_ioreq.o
                0x08004a80                USBD_CtlSendStatus
 .text.USBD_CtlReceiveStatus
                0x08004a96       0x16 build/usbd_ioreq.o
                0x08004a96                USBD_CtlReceiveStatus
 .text.USBD_CDC_EP0_RxReady
                0x08004aac       0x28 build/usbd_cdc.o
 .text.USBD_CDC_GetFSCfgDesc
                0x08004ad4        0xc build/usbd_cdc.o
 .text.USBD_CDC_GetHSCfgDesc
                0x08004ae0        0xc build/usbd_cdc.o
 .text.USBD_CDC_GetOtherSpeedCfgDesc
                0x08004aec        0xc build/usbd_cdc.o
 .text.USBD_CDC_GetDeviceQualifierDescriptor
                0x08004af8        0xc build/usbd_cdc.o
                0x08004af8                USBD_CDC_GetDeviceQualifierDescriptor
 .text.USBD_CDC_DataOut
                0x08004b04       0x2e build/usbd_cdc.o
 .text.USBD_CDC_DataIn
                0x08004b32       0x4e build/usbd_cdc.o
 .text.USBD_CDC_Setup
                0x08004b80       0xd6 build/usbd_cdc.o
 .text.USBD_CDC_DeInit
                0x08004c56       0x42 build/usbd_cdc.o
 .text.USBD_CDC_Init
                0x08004c98       0xaa build/usbd_cdc.o
 .text.USBD_CDC_RegisterInterface
                0x08004d42        0xe build/usbd_cdc.o
                0x08004d42                USBD_CDC_RegisterInterface
 .text.USBD_CDC_SetTxBuffer
                0x08004d50       0x10 build/usbd_cdc.o
                0x08004d50                USBD_CDC_SetTxBuffer
 .text.USBD_CDC_SetRxBuffer
                0x08004d60        0xc build/usbd_cdc.o
                0x08004d60                USBD_CDC_SetRxBuffer
 .text.USBD_CDC_ReceivePacket
                0x08004d6c       0x30 build/usbd_cdc.o
                0x08004d6c                USBD_CDC_ReceivePacket
 .text.Reset_Handler
                0x08004d9c       0x48 build/startup_stm32f103xb.o
                0x08004d9c                Reset_Handler
 .text.Default_Handler
                0x08004de4        0x2 build/startup_stm32f103xb.o
                0x08004de4                USBWakeUp_IRQHandler
                0x08004de4                EXTI2_IRQHandler
                0x08004de4                TIM1_CC_IRQHandler
                0x08004de4                PVD_IRQHandler
                0x08004de4                EXTI3_IRQHandler
                0x08004de4                EXTI0_IRQHandler
                0x08004de4                I2C2_EV_IRQHandler
                0x08004de4                ADC1_2_IRQHandler
                0x08004de4                SPI1_IRQHandler
                0x08004de4                TAMPER_IRQHandler
                0x08004de4                DMA1_Channel4_IRQHandler
                0x08004de4                USART3_IRQHandler
                0x08004de4                RTC_IRQHandler
                0x08004de4                DMA1_Channel7_IRQHandler
                0x08004de4                CAN1_RX1_IRQHandler
                0x08004de4                TIM4_IRQHandler
                0x08004de4                I2C1_EV_IRQHandler
                0x08004de4                DMA1_Channel6_IRQHandler
                0x08004de4                TIM3_IRQHandler
                0x08004de4                RCC_IRQHandler
                0x08004de4                TIM1_TRG_COM_IRQHandler
                0x08004de4                DMA1_Channel1_IRQHandler
                0x08004de4                Default_Handler
                0x08004de4                EXTI15_10_IRQHandler
                0x08004de4                EXTI9_5_IRQHandler
                0x08004de4                SPI2_IRQHandler
                0x08004de4                DMA1_Channel5_IRQHandler
                0x08004de4                EXTI4_IRQHandler
                0x08004de4                DMA1_Channel3_IRQHandler
                0x08004de4                TIM1_UP_IRQHandler
                0x08004de4                WWDG_IRQHandler
                0x08004de4                TIM2_IRQHandler
                0x08004de4                TIM1_BRK_IRQHandler
                0x08004de4                EXTI1_IRQHandler
                0x08004de4                USART2_IRQHandler
                0x08004de4                I2C2_ER_IRQHandler
                0x08004de4                DMA1_Channel2_IRQHandler
                0x08004de4                CAN1_SCE_IRQHandler
                0x08004de4                FLASH_IRQHandler
                0x08004de4                USART1_IRQHandler
                0x08004de4                I2C1_ER_IRQHandler
                0x08004de4                RTC_Alarm_IRQHandler
 .text.memset   0x08004de6       0x10 /Users/luftaquila/workspace/arm-gnu-toolchain-13.2.Rel1-darwin-arm64-arm-none-eabi/bin/../lib/gcc/arm-none-eabi/13.2.1/../../../../arm-none-eabi/lib/thumb/v7-m/nofp/libc_nano.a(libc_a-memset.o)
                0x08004de6                memset
 *fill*         0x08004df6        0x2 
 .text.__libc_init_array
                0x08004df8       0x48 /Users/luftaquila/workspace/arm-gnu-toolchain-13.2.Rel1-darwin-arm64-arm-none-eabi/bin/../lib/gcc/arm-none-eabi/13.2.1/../../../../arm-none-eabi/lib/thumb/v7-m/nofp/libc_nano.a(libc_a-init.o)
                0x08004df8                __libc_init_array
 *(.glue_7)
 .glue_7        0x08004e40        0x0 linker stubs
 *(.glue_7t)
 .glue_7t       0x08004e40        0x0 linker stubs
 *(.eh_frame)
 .eh_frame      0x08004e40        0x0 /Users/luftaquila/workspace/arm-gnu-toolchain-13.2.Rel1-darwin-arm64-arm-none-eabi/bin/../lib/gcc/arm-none-eabi/13.2.1/thumb/v7-m/nofp/crtbegin.o
 *(.init)
 .init          0x08004e40        0x4 /Users/luftaquila/workspace/arm-gnu-toolchain-13.2.Rel1-darwin-arm64-arm-none-eabi/bin/../lib/gcc/arm-none-eabi/13.2.1/thumb/v7-m/nofp/crti.o
                0x08004e40                _init
 .init          0x08004e44        0x8 /Users/luftaquila/workspace/arm-gnu-toolchain-13.2.Rel1-darwin-arm64-arm-none-eabi/bin/../lib/gcc/arm-none-eabi/13.2.1/thumb/v7-m/nofp/crtn.o
 *(.fini)
 .fini          0x08004e4c        0x4 /Users/luftaquila/workspace/arm-gnu-toolchain-13.2.Rel1-darwin-arm64-arm-none-eabi/bin/../lib/gcc/arm-none-eabi/13.2.1/thumb/v7-m/nofp/crti.o
                0x08004e4c                _fini
 .fini          0x08004e50        0x8 /Users/luftaquila/workspace/arm-gnu-toolchain-13.2.Rel1-darwin-arm64-arm-none-eabi/bin/../lib/gcc/arm-none-eabi/13.2.1/thumb/v7-m/nofp/crtn.o
                0x08004e58                        . = ALIGN (0x4)
                0x08004e58                        _etext = .

.vfp11_veneer   0x08004e58        0x0
 .vfp11_veneer  0x08004e58        0x0 linker stubs

.v4_bx          0x08004e58        0x0
 .v4_bx         0x08004e58        0x0 linker stubs

.iplt           0x08004e58        0x0
 .iplt          0x08004e58        0x0 /Users/luftaquila/workspace/arm-gnu-toolchain-13.2.Rel1-darwin-arm64-arm-none-eabi/bin/../lib/gcc/arm-none-eabi/13.2.1/thumb/v7-m/nofp/crtbegin.o

.rodata         0x08004e58       0x60
                0x08004e58                        . = ALIGN (0x4)
 *(.rodata)
 *(.rodata*)
 .rodata.USBD_FS_ProductStrDescriptor.str1.4
                0x08004e58       0x3a build/usbd_desc.o
                                  0xa (size before relaxing)
 .rodata.USBD_FS_ManufacturerStrDescriptor.str1.4
                0x08004e92       0x13 build/usbd_desc.o
 .rodata.USBD_FS_ConfigStrDescriptor.str1.4
                0x08004e92        0xb build/usbd_desc.o
 .rodata.USBD_FS_InterfaceStrDescriptor.str1.4
                0x08004e92        0xe build/usbd_desc.o
 *fill*         0x08004e92        0x2 
 .rodata.aPredivFactorTable.0
                0x08004e94        0x2 build/stm32f1xx_hal_rcc.o
 *fill*         0x08004e96        0x2 
 .rodata.aPLLMULFactorTable.1
                0x08004e98       0x10 build/stm32f1xx_hal_rcc.o
 .rodata.AHBPrescTable
                0x08004ea8       0x10 build/system_stm32f1xx.o
                0x08004ea8                AHBPrescTable
                0x08004eb8                        . = ALIGN (0x4)

.rel.dyn        0x08004eb8        0x0
 .rel.iplt      0x08004eb8        0x0 /Users/luftaquila/workspace/arm-gnu-toolchain-13.2.Rel1-darwin-arm64-arm-none-eabi/bin/../lib/gcc/arm-none-eabi/13.2.1/thumb/v7-m/nofp/crtbegin.o

.ARM.extab
 *(.ARM.extab* .gnu.linkonce.armextab.*)

.ARM            0x08004eb8        0x0
                0x08004eb8                        __exidx_start = .
 *(.ARM.exidx*)
                0x08004eb8                        __exidx_end = .

.preinit_array  0x08004eb8        0x0
                0x08004eb8                        PROVIDE (__preinit_array_start = .)
 *(.preinit_array*)
                0x08004eb8                        PROVIDE (__preinit_array_end = .)

.init_array     0x08004eb8        0x4
                0x08004eb8                        PROVIDE (__init_array_start = .)
 *(SORT_BY_NAME(.init_array.*))
 *(.init_array*)
 .init_array    0x08004eb8        0x4 /Users/luftaquila/workspace/arm-gnu-toolchain-13.2.Rel1-darwin-arm64-arm-none-eabi/bin/../lib/gcc/arm-none-eabi/13.2.1/thumb/v7-m/nofp/crtbegin.o
                0x08004ebc                        PROVIDE (__init_array_end = .)

.fini_array     0x08004ebc        0x4
                [!provide]                        PROVIDE (__fini_array_start = .)
 *(SORT_BY_NAME(.fini_array.*))
 *(.fini_array*)
 .fini_array    0x08004ebc        0x4 /Users/luftaquila/workspace/arm-gnu-toolchain-13.2.Rel1-darwin-arm64-arm-none-eabi/bin/../lib/gcc/arm-none-eabi/13.2.1/thumb/v7-m/nofp/crtbegin.o
                [!provide]                        PROVIDE (__fini_array_end = .)
                0x08004ec0                        _sidata = LOADADDR (.data)

.data           0x20000000      0x17c load address 0x08004ec0
                0x20000000                        . = ALIGN (0x4)
                0x20000000                        _sdata = .
 *(.data)
 *(.data*)
 .data.USBD_StringSerial
                0x20000000       0x1a build/usbd_desc.o
                0x20000000                USBD_StringSerial
 *fill*         0x2000001a        0x2 
 .data.USBD_LangIDDesc
                0x2000001c        0x4 build/usbd_desc.o
                0x2000001c                USBD_LangIDDesc
 .data.USBD_FS_DeviceDesc
                0x20000020       0x12 build/usbd_desc.o
                0x20000020                USBD_FS_DeviceDesc
 *fill*         0x20000032        0x2 
 .data.FS_Desc  0x20000034       0x1c build/usbd_desc.o
                0x20000034                FS_Desc
 .data.USBD_Interface_fops_FS
                0x20000050       0x10 build/usbd_cdc_if.o
                0x20000050                USBD_Interface_fops_FS
 .data.uwTickFreq
                0x20000060        0x1 build/stm32f1xx_hal.o
                0x20000060                uwTickFreq
 *fill*         0x20000061        0x3 
 .data.uwTickPrio
                0x20000064        0x4 build/stm32f1xx_hal.o
                0x20000064                uwTickPrio
 .data.SystemCoreClock
                0x20000068        0x4 build/system_stm32f1xx.o
                0x20000068                SystemCoreClock
 .data.USBD_CDC_OtherSpeedCfgDesc
                0x2000006c       0x43 build/usbd_cdc.o
                0x2000006c                USBD_CDC_OtherSpeedCfgDesc
 *fill*         0x200000af        0x1 
 .data.USBD_CDC_CfgFSDesc
                0x200000b0       0x43 build/usbd_cdc.o
                0x200000b0                USBD_CDC_CfgFSDesc
 *fill*         0x200000f3        0x1 
 .data.USBD_CDC_CfgHSDesc
                0x200000f4       0x43 build/usbd_cdc.o
                0x200000f4                USBD_CDC_CfgHSDesc
 *fill*         0x20000137        0x1 
 .data.USBD_CDC
                0x20000138       0x38 build/usbd_cdc.o
                0x20000138                USBD_CDC
 .data.USBD_CDC_DeviceQualifierDesc
                0x20000170        0xa build/usbd_cdc.o
                0x2000017c                        . = ALIGN (0x4)
 *fill*         0x2000017a        0x2 
                0x2000017c                        _edata = .

.tm_clone_table
                0x2000017c        0x0 load address 0x0800503c
 .tm_clone_table
                0x2000017c        0x0 /Users/luftaquila/workspace/arm-gnu-toolchain-13.2.Rel1-darwin-arm64-arm-none-eabi/bin/../lib/gcc/arm-none-eabi/13.2.1/thumb/v7-m/nofp/crtbegin.o
 .tm_clone_table
                0x2000017c        0x0 /Users/luftaquila/workspace/arm-gnu-toolchain-13.2.Rel1-darwin-arm64-arm-none-eabi/bin/../lib/gcc/arm-none-eabi/13.2.1/thumb/v7-m/nofp/crtend.o

.igot.plt       0x2000017c        0x0 load address 0x0800503c
 .igot.plt      0x2000017c        0x0 /Users/luftaquila/workspace/arm-gnu-toolchain-13.2.Rel1-darwin-arm64-arm-none-eabi/bin/../lib/gcc/arm-none-eabi/13.2.1/thumb/v7-m/nofp/crtbegin.o
                0x2000017c                        . = ALIGN (0x4)

.bss            0x2000017c     0x1288 load address 0x0800503c
                0x2000017c                        _sbss = .
                0x2000017c                        __bss_start__ = _sbss
 *(.bss)
 *(.bss*)
 .bss.completed.1
                0x2000017c        0x1 /Users/luftaquila/workspace/arm-gnu-toolchain-13.2.Rel1-darwin-arm64-arm-none-eabi/bin/../lib/gcc/arm-none-eabi/13.2.1/thumb/v7-m/nofp/crtbegin.o
 *fill*         0x2000017d        0x3 
 .bss.object.0  0x20000180       0x18 /Users/luftaquila/workspace/arm-gnu-toolchain-13.2.Rel1-darwin-arm64-arm-none-eabi/bin/../lib/gcc/arm-none-eabi/13.2.1/thumb/v7-m/nofp/crtbegin.o
 .bss.htim2     0x20000198       0x48 build/tim.o
                0x20000198                htim2
 .bss.htim1     0x200001e0       0x48 build/tim.o
                0x200001e0                htim1
 .bss.hUsbDeviceFS
                0x20000228      0x2c4 build/usb_device.o
                0x20000228                hUsbDeviceFS
 .bss.USBD_StrDesc
                0x200004ec      0x200 build/usbd_desc.o
                0x200004ec                USBD_StrDesc
 .bss.UserTxBufferFS
                0x200006ec      0x400 build/usbd_cdc_if.o
                0x200006ec                UserTxBufferFS
 .bss.UserRxBufferFS
                0x20000aec      0x400 build/usbd_cdc_if.o
                0x20000aec                UserRxBufferFS
 .bss.mem.0     0x20000eec      0x220 build/usbd_conf.o
 .bss.hpcd_USB_FS
                0x2000110c      0x2f0 build/usbd_conf.o
                0x2000110c                hpcd_USB_FS
 .bss.uwTick    0x200013fc        0x4 build/stm32f1xx_hal.o
                0x200013fc                uwTick
 .bss.cfgidx.0  0x20001400        0x1 build/usbd_ctlreq.o
 *(COMMON)
                0x20001404                        . = ALIGN (0x4)
 *fill*         0x20001401        0x3 
                0x20001404                        _ebss = .
                0x20001404                        __bss_end__ = _ebss

._user_heap_stack
                0x20001404      0x604 load address 0x0800503c
                0x20001408                        . = ALIGN (0x8)
 *fill*         0x20001404        0x4 
                [!provide]                        PROVIDE (end = .)
                0x20001408                        PROVIDE (_end = .)
                0x20001608                        . = (. + _Min_Heap_Size)
 *fill*         0x20001408      0x200 
                0x20001a08                        . = (. + _Min_Stack_Size)
 *fill*         0x20001608      0x400 
                0x20001a08                        . = ALIGN (0x8)

/DISCARD/
 libc.a(*)
 libm.a(*)
 libgcc.a(*)

.ARM.attributes
                0x00000000       0x29
 *(.ARM.attributes)
 .ARM.attributes
                0x00000000       0x1d /Users/luftaquila/workspace/arm-gnu-toolchain-13.2.Rel1-darwin-arm64-arm-none-eabi/bin/../lib/gcc/arm-none-eabi/13.2.1/thumb/v7-m/nofp/crti.o
 .ARM.attributes
                0x0000001d       0x2d /Users/luftaquila/workspace/arm-gnu-toolchain-13.2.Rel1-darwin-arm64-arm-none-eabi/bin/../lib/gcc/arm-none-eabi/13.2.1/thumb/v7-m/nofp/crtbegin.o
 .ARM.attributes
                0x0000004a       0x2d build/main.o
 .ARM.attributes
                0x00000077       0x2d build/gpio.o
 .ARM.attributes
                0x000000a4       0x2d build/tim.o
 .ARM.attributes
                0x000000d1       0x2d build/stm32f1xx_it.o
 .ARM.attributes
                0x000000fe       0x2d build/stm32f1xx_hal_msp.o
 .ARM.attributes
                0x0000012b       0x2d build/usb_device.o
 .ARM.attributes
                0x00000158       0x2d build/usbd_desc.o
 .ARM.attributes
                0x00000185       0x2d build/usbd_cdc_if.o
 .ARM.attributes
                0x000001b2       0x2d build/usbd_conf.o
 .ARM.attributes
                0x000001df       0x2d build/stm32f1xx_hal_pcd.o
 .ARM.attributes
                0x0000020c       0x2d build/stm32f1xx_hal_pcd_ex.o
 .ARM.attributes
                0x00000239       0x2d build/stm32f1xx_ll_usb.o
 .ARM.attributes
                0x00000266       0x2d build/stm32f1xx_hal.o
 .ARM.attributes
                0x00000293       0x2d build/stm32f1xx_hal_rcc.o
 .ARM.attributes
                0x000002c0       0x2d build/stm32f1xx_hal_rcc_ex.o
 .ARM.attributes
                0x000002ed       0x2d build/stm32f1xx_hal_gpio.o
 .ARM.attributes
                0x0000031a       0x2d build/stm32f1xx_hal_cortex.o
 .ARM.attributes
                0x00000347       0x2d build/stm32f1xx_hal_tim.o
 .ARM.attributes
                0x00000374       0x2d build/stm32f1xx_hal_tim_ex.o
 .ARM.attributes
                0x000003a1       0x2d build/system_stm32f1xx.o
 .ARM.attributes
                0x000003ce       0x2d build/usbd_core.o
 .ARM.attributes
                0x000003fb       0x2d build/usbd_ctlreq.o
 .ARM.attributes
                0x00000428       0x2d build/usbd_ioreq.o
 .ARM.attributes
                0x00000455       0x2d build/usbd_cdc.o
 .ARM.attributes
                0x00000482       0x21 build/startup_stm32f103xb.o
 .ARM.attributes
                0x000004a3       0x2d /Users/luftaquila/workspace/arm-gnu-toolchain-13.2.Rel1-darwin-arm64-arm-none-eabi/bin/../lib/gcc/arm-none-eabi/13.2.1/../../../../arm-none-eabi/lib/thumb/v7-m/nofp/libc_nano.a(libc_a-memset.o)
 .ARM.attributes
                0x000004d0       0x2d /Users/luftaquila/workspace/arm-gnu-toolchain-13.2.Rel1-darwin-arm64-arm-none-eabi/bin/../lib/gcc/arm-none-eabi/13.2.1/../../../../arm-none-eabi/lib/thumb/v7-m/nofp/libc_nano.a(libc_a-init.o)
 .ARM.attributes
                0x000004fd       0x1d /Users/luftaquila/workspace/arm-gnu-toolchain-13.2.Rel1-darwin-arm64-arm-none-eabi/bin/../lib/gcc/arm-none-eabi/13.2.1/thumb/v7-m/nofp/libgcc.a(_arm_muldf3.o)
 .ARM.attributes
                0x0000051a       0x1d /Users/luftaquila/workspace/arm-gnu-toolchain-13.2.Rel1-darwin-arm64-arm-none-eabi/bin/../lib/gcc/arm-none-eabi/13.2.1/thumb/v7-m/nofp/libgcc.a(_arm_addsubdf3.o)
 .ARM.attributes
                0x00000537       0x1d /Users/luftaquila/workspace/arm-gnu-toolchain-13.2.Rel1-darwin-arm64-arm-none-eabi/bin/../lib/gcc/arm-none-eabi/13.2.1/thumb/v7-m/nofp/libgcc.a(_arm_fixdfsi.o)
 .ARM.attributes
                0x00000554       0x2d /Users/luftaquila/workspace/arm-gnu-toolchain-13.2.Rel1-darwin-arm64-arm-none-eabi/bin/../lib/gcc/arm-none-eabi/13.2.1/thumb/v7-m/nofp/crtend.o
 .ARM.attributes
                0x00000581       0x1d /Users/luftaquila/workspace/arm-gnu-toolchain-13.2.Rel1-darwin-arm64-arm-none-eabi/bin/../lib/gcc/arm-none-eabi/13.2.1/thumb/v7-m/nofp/crtn.o
OUTPUT(build/cpu-meter-stm32f1.elf elf32-littlearm)
LOAD linker stubs
LOAD /Users/luftaquila/workspace/arm-gnu-toolchain-13.2.Rel1-darwin-arm64-arm-none-eabi/bin/../lib/gcc/arm-none-eabi/13.2.1/../../../../arm-none-eabi/lib/thumb/v7-m/nofp/libc.a
LOAD /Users/luftaquila/workspace/arm-gnu-toolchain-13.2.Rel1-darwin-arm64-arm-none-eabi/bin/../lib/gcc/arm-none-eabi/13.2.1/../../../../arm-none-eabi/lib/thumb/v7-m/nofp/libm.a
LOAD /Users/luftaquila/workspace/arm-gnu-toolchain-13.2.Rel1-darwin-arm64-arm-none-eabi/bin/../lib/gcc/arm-none-eabi/13.2.1/thumb/v7-m/nofp/libgcc.a

.debug_info     0x00000000    0x1781d
 .debug_info    0x00000000      0xb26 build/main.o
 .debug_info    0x00000b26      0x199 build/gpio.o
 .debug_info    0x00000cbf      0xfc7 build/tim.o
 .debug_info    0x00001c86      0x742 build/stm32f1xx_it.o
 .debug_info    0x000023c8      0x238 build/stm32f1xx_hal_msp.o
 .debug_info    0x00002600      0x792 build/usb_device.o
 .debug_info    0x00002d92      0x654 build/usbd_desc.o
 .debug_info    0x000033e6     0x1063 build/usbd_cdc_if.o
 .debug_info    0x00004449     0x2098 build/usbd_conf.o
 .debug_info    0x000064e1     0x1f83 build/stm32f1xx_hal_pcd.o
 .debug_info    0x00008464      0x7b9 build/stm32f1xx_hal_pcd_ex.o
 .debug_info    0x00008c1d     0x1d27 build/stm32f1xx_ll_usb.o
 .debug_info    0x0000a944      0x880 build/stm32f1xx_hal.o
 .debug_info    0x0000b1c4      0xb10 build/stm32f1xx_hal_rcc.o
 .debug_info    0x0000bcd4      0x47d build/stm32f1xx_hal_rcc_ex.o
 .debug_info    0x0000c151      0x6d7 build/stm32f1xx_hal_gpio.o
 .debug_info    0x0000c828      0xe3f build/stm32f1xx_hal_cortex.o
 .debug_info    0x0000d667     0x411c build/stm32f1xx_hal_tim.o
 .debug_info    0x00011783     0x1d4f build/stm32f1xx_hal_tim_ex.o
 .debug_info    0x000134d2      0x26e build/system_stm32f1xx.o
 .debug_info    0x00013740      0xf97 build/usbd_core.o
 .debug_info    0x000146d7     0x1203 build/usbd_ctlreq.o
 .debug_info    0x000158da      0x946 build/usbd_ioreq.o
 .debug_info    0x00016220     0x15cd build/usbd_cdc.o
 .debug_info    0x000177ed       0x30 build/startup_stm32f103xb.o

.debug_abbrev   0x00000000     0x36c7
 .debug_abbrev  0x00000000      0x246 build/main.o
 .debug_abbrev  0x00000246       0xc1 build/gpio.o
 .debug_abbrev  0x00000307      0x267 build/tim.o
 .debug_abbrev  0x0000056e      0x183 build/stm32f1xx_it.o
 .debug_abbrev  0x000006f1       0xe7 build/stm32f1xx_hal_msp.o
 .debug_abbrev  0x000007d8      0x195 build/usb_device.o
 .debug_abbrev  0x0000096d      0x23c build/usbd_desc.o
 .debug_abbrev  0x00000ba9      0x2f1 build/usbd_cdc_if.o
 .debug_abbrev  0x00000e9a      0x33e build/usbd_conf.o
 .debug_abbrev  0x000011d8      0x32d build/stm32f1xx_hal_pcd.o
 .debug_abbrev  0x00001505      0x184 build/stm32f1xx_hal_pcd_ex.o
 .debug_abbrev  0x00001689      0x262 build/stm32f1xx_ll_usb.o
 .debug_abbrev  0x000018eb      0x232 build/stm32f1xx_hal.o
 .debug_abbrev  0x00001b1d      0x2d6 build/stm32f1xx_hal_rcc.o
 .debug_abbrev  0x00001df3      0x1d4 build/stm32f1xx_hal_rcc_ex.o
 .debug_abbrev  0x00001fc7      0x222 build/stm32f1xx_hal_gpio.o
 .debug_abbrev  0x000021e9      0x3aa build/stm32f1xx_hal_cortex.o
 .debug_abbrev  0x00002593      0x2bd build/stm32f1xx_hal_tim.o
 .debug_abbrev  0x00002850      0x2b7 build/stm32f1xx_hal_tim_ex.o
 .debug_abbrev  0x00002b07      0x140 build/system_stm32f1xx.o
 .debug_abbrev  0x00002c47      0x2ae build/usbd_core.o
 .debug_abbrev  0x00002ef5      0x2ec build/usbd_ctlreq.o
 .debug_abbrev  0x000031e1      0x18e build/usbd_ioreq.o
 .debug_abbrev  0x0000336f      0x33b build/usbd_cdc.o
 .debug_abbrev  0x000036aa       0x1d build/startup_stm32f103xb.o

.debug_loc      0x00000000    0x12575
 .debug_loc     0x00000000       0x66 build/main.o
 .debug_loc     0x00000066       0x2c build/gpio.o
 .debug_loc     0x00000092      0x179 build/tim.o
 .debug_loc     0x0000020b       0x60 build/stm32f1xx_it.o
 .debug_loc     0x0000026b       0x41 build/stm32f1xx_hal_msp.o
 .debug_loc     0x000002ac       0x20 build/usb_device.o
 .debug_loc     0x000002cc      0x4e7 build/usbd_desc.o
 .debug_loc     0x000007b3      0x2aa build/usbd_cdc_if.o
 .debug_loc     0x00000a5d     0x105a build/usbd_conf.o
 .debug_loc     0x00001ab7     0x1aa3 build/stm32f1xx_hal_pcd.o
 .debug_loc     0x0000355a      0x15a build/stm32f1xx_hal_pcd_ex.o
 .debug_loc     0x000036b4     0x1b49 build/stm32f1xx_ll_usb.o
 .debug_loc     0x000051fd      0x1f9 build/stm32f1xx_hal.o
 .debug_loc     0x000053f6      0x7c6 build/stm32f1xx_hal_rcc.o
 .debug_loc     0x00005bbc      0x4a9 build/stm32f1xx_hal_rcc_ex.o
 .debug_loc     0x00006065      0x56c build/stm32f1xx_hal_gpio.o
 .debug_loc     0x000065d1      0x8b4 build/stm32f1xx_hal_cortex.o
 .debug_loc     0x00006e85     0x613e build/stm32f1xx_hal_tim.o
 .debug_loc     0x0000cfc3     0x227b build/stm32f1xx_hal_tim_ex.o
 .debug_loc     0x0000f23e      0x11b build/system_stm32f1xx.o
 .debug_loc     0x0000f359      0xbaa build/usbd_core.o
 .debug_loc     0x0000ff03     0x17db build/usbd_ctlreq.o
 .debug_loc     0x000116de      0x3f8 build/usbd_ioreq.o
 .debug_loc     0x00011ad6      0xa9f build/usbd_cdc.o

.debug_aranges  0x00000000      0xfc8
 .debug_aranges
                0x00000000       0x30 build/main.o
 .debug_aranges
                0x00000030       0x20 build/gpio.o
 .debug_aranges
                0x00000050       0x40 build/tim.o
 .debug_aranges
                0x00000090       0x70 build/stm32f1xx_it.o
 .debug_aranges
                0x00000100       0x20 build/stm32f1xx_hal_msp.o
 .debug_aranges
                0x00000120       0x20 build/usb_device.o
 .debug_aranges
                0x00000140       0x60 build/usbd_desc.o
 .debug_aranges
                0x000001a0       0x40 build/usbd_cdc_if.o
 .debug_aranges
                0x000001e0      0x118 build/usbd_conf.o
 .debug_aranges
                0x000002f8      0x140 build/stm32f1xx_hal_pcd.o
 .debug_aranges
                0x00000438       0x38 build/stm32f1xx_hal_pcd_ex.o
 .debug_aranges
                0x00000470       0xf8 build/stm32f1xx_ll_usb.o
 .debug_aranges
                0x00000568       0xe0 build/stm32f1xx_hal.o
 .debug_aranges
                0x00000648       0x90 build/stm32f1xx_hal_rcc.o
 .debug_aranges
                0x000006d8       0x30 build/stm32f1xx_hal_rcc_ex.o
 .debug_aranges
                0x00000708       0x58 build/stm32f1xx_hal_gpio.o
 .debug_aranges
                0x00000760       0xc0 build/stm32f1xx_hal_cortex.o
 .debug_aranges
                0x00000820      0x3d0 build/stm32f1xx_hal_tim.o
 .debug_aranges
                0x00000bf0      0x168 build/stm32f1xx_hal_tim_ex.o
 .debug_aranges
                0x00000d58       0x28 build/system_stm32f1xx.o
 .debug_aranges
                0x00000d80       0xb8 build/usbd_core.o
 .debug_aranges
                0x00000e38       0x88 build/usbd_ctlreq.o
 .debug_aranges
                0x00000ec0       0x50 build/usbd_ioreq.o
 .debug_aranges
                0x00000f10       0x90 build/usbd_cdc.o
 .debug_aranges
                0x00000fa0       0x28 build/startup_stm32f103xb.o

.debug_ranges   0x00000000     0x11d8
 .debug_ranges  0x00000000       0x20 build/main.o
 .debug_ranges  0x00000020       0x10 build/gpio.o
 .debug_ranges  0x00000030       0x30 build/tim.o
 .debug_ranges  0x00000060       0x60 build/stm32f1xx_it.o
 .debug_ranges  0x000000c0       0x10 build/stm32f1xx_hal_msp.o
 .debug_ranges  0x000000d0       0x10 build/usb_device.o
 .debug_ranges  0x000000e0       0x50 build/usbd_desc.o
 .debug_ranges  0x00000130       0x48 build/usbd_cdc_if.o
 .debug_ranges  0x00000178      0x108 build/usbd_conf.o
 .debug_ranges  0x00000280      0x240 build/stm32f1xx_hal_pcd.o
 .debug_ranges  0x000004c0       0x28 build/stm32f1xx_hal_pcd_ex.o
 .debug_ranges  0x000004e8      0x320 build/stm32f1xx_ll_usb.o
 .debug_ranges  0x00000808       0xd0 build/stm32f1xx_hal.o
 .debug_ranges  0x000008d8       0xa0 build/stm32f1xx_hal_rcc.o
 .debug_ranges  0x00000978       0x38 build/stm32f1xx_hal_rcc_ex.o
 .debug_ranges  0x000009b0       0x48 build/stm32f1xx_hal_gpio.o
 .debug_ranges  0x000009f8       0xb0 build/stm32f1xx_hal_cortex.o
 .debug_ranges  0x00000aa8      0x3c0 build/stm32f1xx_hal_tim.o
 .debug_ranges  0x00000e68      0x158 build/stm32f1xx_hal_tim_ex.o
 .debug_ranges  0x00000fc0       0x18 build/system_stm32f1xx.o
 .debug_ranges  0x00000fd8       0xa8 build/usbd_core.o
 .debug_ranges  0x00001080       0x78 build/usbd_ctlreq.o
 .debug_ranges  0x000010f8       0x40 build/usbd_ioreq.o
 .debug_ranges  0x00001138       0x80 build/usbd_cdc.o
 .debug_ranges  0x000011b8       0x20 build/startup_stm32f103xb.o

.debug_line     0x00000000     0xf414
 .debug_line    0x00000000      0x379 build/main.o
 .debug_line    0x00000379      0x169 build/gpio.o
 .debug_line    0x000004e2      0x59a build/tim.o
 .debug_line    0x00000a7c      0x2c9 build/stm32f1xx_it.o
 .debug_line    0x00000d45      0x17c build/stm32f1xx_hal_msp.o
 .debug_line    0x00000ec1      0x239 build/usb_device.o
 .debug_line    0x000010fa      0x354 build/usbd_desc.o
 .debug_line    0x0000144e      0x3cf build/usbd_cdc_if.o
 .debug_line    0x0000181d      0x7c2 build/usbd_conf.o
 .debug_line    0x00001fdf     0x1824 build/stm32f1xx_hal_pcd.o
 .debug_line    0x00003803      0x293 build/stm32f1xx_hal_pcd_ex.o
 .debug_line    0x00003a96     0x1776 build/stm32f1xx_ll_usb.o
 .debug_line    0x0000520c      0x52e build/stm32f1xx_hal.o
 .debug_line    0x0000573a      0xcaa build/stm32f1xx_hal_rcc.o
 .debug_line    0x000063e4      0x4aa build/stm32f1xx_hal_rcc_ex.o
 .debug_line    0x0000688e      0x5d0 build/stm32f1xx_hal_gpio.o
 .debug_line    0x00006e5e      0x6a7 build/stm32f1xx_hal_cortex.o
 .debug_line    0x00007505     0x45fc build/stm32f1xx_hal_tim.o
 .debug_line    0x0000bb01     0x1a0f build/stm32f1xx_hal_tim_ex.o
 .debug_line    0x0000d510      0x245 build/system_stm32f1xx.o
 .debug_line    0x0000d755      0x719 build/usbd_core.o
 .debug_line    0x0000de6e      0xad2 build/usbd_ctlreq.o
 .debug_line    0x0000e940      0x2a4 build/usbd_ioreq.o
 .debug_line    0x0000ebe4      0x7bf build/usbd_cdc.o
 .debug_line    0x0000f3a3       0x71 build/startup_stm32f103xb.o

.debug_str      0x00000000     0x4590
 .debug_str     0x00000000     0x4590 build/main.o
                                0x8c6 (size before relaxing)
 .debug_str     0x00004590      0x1b9 build/gpio.o
 .debug_str     0x00004590      0x9e7 build/tim.o
 .debug_str     0x00004590      0x5cf build/stm32f1xx_it.o
 .debug_str     0x00004590      0x1f3 build/stm32f1xx_hal_msp.o
 .debug_str     0x00004590      0x62d build/usb_device.o
 .debug_str     0x00004590      0x425 build/usbd_desc.o
 .debug_str     0x00004590      0xbde build/usbd_cdc_if.o
 .debug_str     0x00004590     0x117a build/usbd_conf.o
 .debug_str     0x00004590      0xaec build/stm32f1xx_hal_pcd.o
 .debug_str     0x00004590      0x69c build/stm32f1xx_hal_pcd_ex.o
 .debug_str     0x00004590      0x6ee build/stm32f1xx_ll_usb.o
 .debug_str     0x00004590      0x802 build/stm32f1xx_hal.o
 .debug_str     0x00004590      0x5ff build/stm32f1xx_hal_rcc.o
 .debug_str     0x00004590      0x3a7 build/stm32f1xx_hal_rcc_ex.o
 .debug_str     0x00004590      0x3d4 build/stm32f1xx_hal_gpio.o
 .debug_str     0x00004590      0x8a7 build/stm32f1xx_hal_cortex.o
 .debug_str     0x00004590     0x1649 build/stm32f1xx_hal_tim.o
 .debug_str     0x00004590      0xe65 build/stm32f1xx_hal_tim_ex.o
 .debug_str     0x00004590      0x228 build/system_stm32f1xx.o
 .debug_str     0x00004590      0x805 build/usbd_core.o
 .debug_str     0x00004590      0x71f build/usbd_ctlreq.o
 .debug_str     0x00004590      0x64c build/usbd_ioreq.o
 .debug_str     0x00004590      0xbed build/usbd_cdc.o
 .debug_str     0x00004590       0x66 build/startup_stm32f103xb.o

.comment        0x00000000       0x12
 .comment       0x00000000       0x12 build/main.o
                                 0x13 (size before relaxing)
 .comment       0x00000012       0x13 build/gpio.o
 .comment       0x00000012       0x13 build/tim.o
 .comment       0x00000012       0x13 build/stm32f1xx_it.o
 .comment       0x00000012       0x13 build/stm32f1xx_hal_msp.o
 .comment       0x00000012       0x13 build/usb_device.o
 .comment       0x00000012       0x13 build/usbd_desc.o
 .comment       0x00000012       0x13 build/usbd_cdc_if.o
 .comment       0x00000012       0x13 build/usbd_conf.o
 .comment       0x00000012       0x13 build/stm32f1xx_hal_pcd.o
 .comment       0x00000012       0x13 build/stm32f1xx_hal_pcd_ex.o
 .comment       0x00000012       0x13 build/stm32f1xx_ll_usb.o
 .comment       0x00000012       0x13 build/stm32f1xx_hal.o
 .comment       0x00000012       0x13 build/stm32f1xx_hal_rcc.o
 .comment       0x00000012       0x13 build/stm32f1xx_hal_rcc_ex.o
 .comment       0x00000012       0x13 build/stm32f1xx_hal_gpio.o
 .comment       0x00000012       0x13 build/stm32f1xx_hal_cortex.o
 .comment       0x00000012       0x13 build/stm32f1xx_hal_tim.o
 .comment       0x00000012       0x13 build/stm32f1xx_hal_tim_ex.o
 .comment       0x00000012       0x13 build/system_stm32f1xx.o
 .comment       0x00000012       0x13 build/usbd_core.o
 .comment       0x00000012       0x13 build/usbd_ctlreq.o
 .comment       0x00000012       0x13 build/usbd_ioreq.o
 .comment       0x00000012       0x13 build/usbd_cdc.o

.debug_frame    0x00000000     0x2868
 .debug_frame   0x00000000       0x58 build/main.o
 .debug_frame   0x00000058       0x28 build/gpio.o
 .debug_frame   0x00000080       0xa0 build/tim.o
 .debug_frame   0x00000120       0xd8 build/stm32f1xx_it.o
 .debug_frame   0x000001f8       0x28 build/stm32f1xx_hal_msp.o
 .debug_frame   0x00000220       0x28 build/usb_device.o
 .debug_frame   0x00000248       0xe0 build/usbd_desc.o
 .debug_frame   0x00000328       0x7c build/usbd_cdc_if.o
 .debug_frame   0x000003a4      0x2ec build/usbd_conf.o
 .debug_frame   0x00000690      0x360 build/stm32f1xx_hal_pcd.o
 .debug_frame   0x000009f0       0x50 build/stm32f1xx_hal_pcd_ex.o
 .debug_frame   0x00000a40      0x200 build/stm32f1xx_ll_usb.o
 .debug_frame   0x00000c40      0x1cc build/stm32f1xx_hal.o
 .debug_frame   0x00000e0c      0x184 build/stm32f1xx_hal_rcc.o
 .debug_frame   0x00000f90       0x5c build/stm32f1xx_hal_rcc_ex.o
 .debug_frame   0x00000fec       0xe4 build/stm32f1xx_hal_gpio.o
 .debug_frame   0x000010d0      0x19c build/stm32f1xx_hal_cortex.o
 .debug_frame   0x0000126c      0xb14 build/stm32f1xx_hal_tim.o
 .debug_frame   0x00001d80      0x418 build/stm32f1xx_hal_tim_ex.o
 .debug_frame   0x00002198       0x30 build/system_stm32f1xx.o
 .debug_frame   0x000021c8      0x1c4 build/usbd_core.o
 .debug_frame   0x0000238c      0x178 build/usbd_ctlreq.o
 .debug_frame   0x00002504       0xb8 build/usbd_ioreq.o
 .debug_frame   0x000025bc      0x160 build/usbd_cdc.o
 .debug_frame   0x0000271c       0x20 /Users/luftaquila/workspace/arm-gnu-toolchain-13.2.Rel1-darwin-arm64-arm-none-eabi/bin/../lib/gcc/arm-none-eabi/13.2.1/../../../../arm-none-eabi/lib/thumb/v7-m/nofp/libc_nano.a(libc_a-memset.o)
 .debug_frame   0x0000273c       0x2c /Users/luftaquila/workspace/arm-gnu-toolchain-13.2.Rel1-darwin-arm64-arm-none-eabi/bin/../lib/gcc/arm-none-eabi/13.2.1/../../../../arm-none-eabi/lib/thumb/v7-m/nofp/libc_nano.a(libc_a-init.o)
 .debug_frame   0x00002768       0x30 /Users/luftaquila/workspace/arm-gnu-toolchain-13.2.Rel1-darwin-arm64-arm-none-eabi/bin/../lib/gcc/arm-none-eabi/13.2.1/thumb/v7-m/nofp/libgcc.a(_arm_muldf3.o)
 .debug_frame   0x00002798       0xac /Users/luftaquila/workspace/arm-gnu-toolchain-13.2.Rel1-darwin-arm64-arm-none-eabi/bin/../lib/gcc/arm-none-eabi/13.2.1/thumb/v7-m/nofp/libgcc.a(_arm_addsubdf3.o)
 .debug_frame   0x00002844       0x24 /Users/luftaquila/workspace/arm-gnu-toolchain-13.2.Rel1-darwin-arm64-arm-none-eabi/bin/../lib/gcc/arm-none-eabi/13.2.1/thumb/v7-m/nofp/libgcc.a(_arm_fixdfsi.o)

.debug_line_str
                0x00000000       0xd3
 .debug_line_str
                0x00000000       0xd3 /Users/luftaquila/workspace/arm-gnu-toolchain-13.2.Rel1-darwin-arm64-arm-none-eabi/bin/../lib/gcc/arm-none-eabi/13.2.1/thumb/v7-m/nofp/libgcc.a(_arm_muldf3.o)
 .debug_line_str
                0x000000d3       0xd3 /Users/luftaquila/workspace/arm-gnu-toolchain-13.2.Rel1-darwin-arm64-arm-none-eabi/bin/../lib/gcc/arm-none-eabi/13.2.1/thumb/v7-m/nofp/libgcc.a(_arm_addsubdf3.o)
 .debug_line_str
                0x000000d3       0xd3 /Users/luftaquila/workspace/arm-gnu-toolchain-13.2.Rel1-darwin-arm64-arm-none-eabi/bin/../lib/gcc/arm-none-eabi/13.2.1/thumb/v7-m/nofp/libgcc.a(_arm_fixdfsi.o)

Cross Reference Table

Symbol                                            File
ADC1_2_IRQHandler                                 build/startup_stm32f103xb.o
AHBPrescTable                                     build/system_stm32f1xx.o
                                                  build/stm32f1xx_hal_rcc.o
APBPrescTable                                     build/system_stm32f1xx.o
                                                  build/stm32f1xx_hal_rcc.o
BusFault_Handler                                  build/stm32f1xx_it.o
CAN1_RX1_IRQHandler                               build/startup_stm32f103xb.o
CAN1_SCE_IRQHandler                               build/startup_stm32f103xb.o
CDC_Transmit_FS                                   build/usbd_cdc_if.o
DMA1_Channel1_IRQHandler                          build/startup_stm32f103xb.o
DMA1_Channel2_IRQHandler                          build/startup_stm32f103xb.o
DMA1_Channel3_IRQHandler                          build/startup_stm32f103xb.o
DMA1_Channel4_IRQHandler                          build/startup_stm32f103xb.o
DMA1_Channel5_IRQHandler                          build/startup_stm32f103xb.o
DMA1_Channel6_IRQHandler                          build/startup_stm32f103xb.o
DMA1_Channel7_IRQHandler                          build/startup_stm32f103xb.o
DebugMon_Handler                                  build/stm32f1xx_it.o
Default_Handler                                   build/startup_stm32f103xb.o
EXTI0_IRQHandler                                  build/startup_stm32f103xb.o
EXTI15_10_IRQHandler                              build/startup_stm32f103xb.o
EXTI1_IRQHandler                                  build/startup_stm32f103xb.o
EXTI2_IRQHandler                                  build/startup_stm32f103xb.o
EXTI3_IRQHandler                                  build/startup_stm32f103xb.o
EXTI4_IRQHandler                                  build/startup_stm32f103xb.o
EXTI9_5_IRQHandler                                build/startup_stm32f103xb.o
Error_Handler                                     build/main.o
                                                  build/usbd_conf.o
                                                  build/usb_device.o
                                                  build/tim.o
FLASH_IRQHandler                                  build/startup_stm32f103xb.o
FLASH_PageErase                                   build/stm32f1xx_hal_flash_ex.o
                                                  build/stm32f1xx_hal_flash.o
FLASH_WaitForLastOperation                        build/stm32f1xx_hal_flash.o
                                                  build/stm32f1xx_hal_flash_ex.o
FS_Desc                                           build/usbd_desc.o
                                                  build/usb_device.o
HAL_DBGMCU_DisableDBGSleepMode                    build/stm32f1xx_hal.o
HAL_DBGMCU_DisableDBGStandbyMode                  build/stm32f1xx_hal.o
HAL_DBGMCU_DisableDBGStopMode                     build/stm32f1xx_hal.o
HAL_DBGMCU_EnableDBGSleepMode                     build/stm32f1xx_hal.o
HAL_DBGMCU_EnableDBGStandbyMode                   build/stm32f1xx_hal.o
HAL_DBGMCU_EnableDBGStopMode                      build/stm32f1xx_hal.o
HAL_DMA_Abort                                     build/stm32f1xx_hal_dma.o
HAL_DMA_Abort_IT                                  build/stm32f1xx_hal_dma.o
                                                  build/stm32f1xx_hal_tim_ex.o
                                                  build/stm32f1xx_hal_tim.o
HAL_DMA_DeInit                                    build/stm32f1xx_hal_dma.o
HAL_DMA_GetError                                  build/stm32f1xx_hal_dma.o
HAL_DMA_GetState                                  build/stm32f1xx_hal_dma.o
HAL_DMA_IRQHandler                                build/stm32f1xx_hal_dma.o
HAL_DMA_Init                                      build/stm32f1xx_hal_dma.o
HAL_DMA_PollForTransfer                           build/stm32f1xx_hal_dma.o
HAL_DMA_RegisterCallback                          build/stm32f1xx_hal_dma.o
HAL_DMA_Start                                     build/stm32f1xx_hal_dma.o
HAL_DMA_Start_IT                                  build/stm32f1xx_hal_dma.o
                                                  build/stm32f1xx_hal_tim_ex.o
                                                  build/stm32f1xx_hal_tim.o
HAL_DMA_UnRegisterCallback                        build/stm32f1xx_hal_dma.o
HAL_DeInit                                        build/stm32f1xx_hal.o
HAL_Delay                                         build/stm32f1xx_hal.o
                                                  build/usbd_conf.o
HAL_EXTI_ClearConfigLine                          build/stm32f1xx_hal_exti.o
HAL_EXTI_ClearPending                             build/stm32f1xx_hal_exti.o
HAL_EXTI_GenerateSWI                              build/stm32f1xx_hal_exti.o
HAL_EXTI_GetConfigLine                            build/stm32f1xx_hal_exti.o
HAL_EXTI_GetHandle                                build/stm32f1xx_hal_exti.o
HAL_EXTI_GetPending                               build/stm32f1xx_hal_exti.o
HAL_EXTI_IRQHandler                               build/stm32f1xx_hal_exti.o
HAL_EXTI_RegisterCallback                         build/stm32f1xx_hal_exti.o
HAL_EXTI_SetConfigLine                            build/stm32f1xx_hal_exti.o
HAL_FLASHEx_Erase                                 build/stm32f1xx_hal_flash_ex.o
HAL_FLASHEx_Erase_IT                              build/stm32f1xx_hal_flash_ex.o
HAL_FLASHEx_OBErase                               build/stm32f1xx_hal_flash_ex.o
HAL_FLASHEx_OBGetConfig                           build/stm32f1xx_hal_flash_ex.o
HAL_FLASHEx_OBGetUserData                         build/stm32f1xx_hal_flash_ex.o
HAL_FLASHEx_OBProgram                             build/stm32f1xx_hal_flash_ex.o
HAL_FLASH_EndOfOperationCallback                  build/stm32f1xx_hal_flash.o
HAL_FLASH_GetError                                build/stm32f1xx_hal_flash.o
HAL_FLASH_IRQHandler                              build/stm32f1xx_hal_flash.o
HAL_FLASH_Lock                                    build/stm32f1xx_hal_flash.o
HAL_FLASH_OB_Launch                               build/stm32f1xx_hal_flash.o
HAL_FLASH_OB_Lock                                 build/stm32f1xx_hal_flash.o
HAL_FLASH_OB_Unlock                               build/stm32f1xx_hal_flash.o
HAL_FLASH_OperationErrorCallback                  build/stm32f1xx_hal_flash.o
HAL_FLASH_Program                                 build/stm32f1xx_hal_flash.o
HAL_FLASH_Program_IT                              build/stm32f1xx_hal_flash.o
HAL_FLASH_Unlock                                  build/stm32f1xx_hal_flash.o
HAL_GPIOEx_ConfigEventout                         build/stm32f1xx_hal_gpio_ex.o
HAL_GPIOEx_DisableEventout                        build/stm32f1xx_hal_gpio_ex.o
HAL_GPIOEx_EnableEventout                         build/stm32f1xx_hal_gpio_ex.o
HAL_GPIO_DeInit                                   build/stm32f1xx_hal_gpio.o
HAL_GPIO_EXTI_Callback                            build/stm32f1xx_hal_gpio.o
HAL_GPIO_EXTI_IRQHandler                          build/stm32f1xx_hal_gpio.o
HAL_GPIO_Init                                     build/stm32f1xx_hal_gpio.o
                                                  build/stm32f1xx_hal_rcc.o
                                                  build/tim.o
HAL_GPIO_LockPin                                  build/stm32f1xx_hal_gpio.o
HAL_GPIO_ReadPin                                  build/stm32f1xx_hal_gpio.o
HAL_GPIO_TogglePin                                build/stm32f1xx_hal_gpio.o
HAL_GPIO_WritePin                                 build/stm32f1xx_hal_gpio.o
HAL_GetDEVID                                      build/stm32f1xx_hal.o
HAL_GetHalVersion                                 build/stm32f1xx_hal.o
HAL_GetREVID                                      build/stm32f1xx_hal.o
HAL_GetTick                                       build/stm32f1xx_hal.o
                                                  build/stm32f1xx_hal_flash.o
                                                  build/stm32f1xx_hal_dma.o
                                                  build/stm32f1xx_hal_rcc_ex.o
                                                  build/stm32f1xx_hal_rcc.o
HAL_GetTickFreq                                   build/stm32f1xx_hal.o
HAL_GetTickPrio                                   build/stm32f1xx_hal.o
HAL_GetUIDw0                                      build/stm32f1xx_hal.o
HAL_GetUIDw1                                      build/stm32f1xx_hal.o
HAL_GetUIDw2                                      build/stm32f1xx_hal.o
HAL_IncTick                                       build/stm32f1xx_hal.o
                                                  build/stm32f1xx_it.o
HAL_Init                                          build/stm32f1xx_hal.o
                                                  build/main.o
HAL_InitTick                                      build/stm32f1xx_hal.o
                                                  build/stm32f1xx_hal_rcc.o
HAL_MspDeInit                                     build/stm32f1xx_hal.o
HAL_MspInit                                       build/stm32f1xx_hal_msp.o
HAL_NVIC_ClearPendingIRQ                          build/stm32f1xx_hal_cortex.o
HAL_NVIC_DisableIRQ                               build/stm32f1xx_hal_cortex.o
                                                  build/usbd_conf.o
HAL_NVIC_EnableIRQ                                build/stm32f1xx_hal_cortex.o
                                                  build/usbd_conf.o
HAL_NVIC_GetActive                                build/stm32f1xx_hal_cortex.o
HAL_NVIC_GetPendingIRQ                            build/stm32f1xx_hal_cortex.o
HAL_NVIC_GetPriority                              build/stm32f1xx_hal_cortex.o
HAL_NVIC_GetPriorityGrouping                      build/stm32f1xx_hal_cortex.o
HAL_NVIC_SetPendingIRQ                            build/stm32f1xx_hal_cortex.o
HAL_NVIC_SetPriority                              build/stm32f1xx_hal_cortex.o
                                                  build/stm32f1xx_hal.o
                                                  build/usbd_conf.o
HAL_NVIC_SetPriorityGrouping                      build/stm32f1xx_hal_cortex.o
                                                  build/stm32f1xx_hal.o
HAL_NVIC_SystemReset                              build/stm32f1xx_hal_cortex.o
                                                  build/stm32f1xx_hal_flash.o
HAL_PCDEx_BCD_Callback                            build/stm32f1xx_hal_pcd_ex.o
HAL_PCDEx_LPM_Callback                            build/stm32f1xx_hal_pcd_ex.o
HAL_PCDEx_PMAConfig                               build/stm32f1xx_hal_pcd_ex.o
                                                  build/usbd_conf.o
HAL_PCDEx_SetConnectionState                      build/usbd_conf.o
                                                  build/stm32f1xx_hal_pcd.o
HAL_PCD_ActivateRemoteWakeup                      build/stm32f1xx_hal_pcd.o
HAL_PCD_ConnectCallback                           build/usbd_conf.o
HAL_PCD_DataInStageCallback                       build/usbd_conf.o
HAL_PCD_DataOutStageCallback                      build/usbd_conf.o
HAL_PCD_DeActivateRemoteWakeup                    build/stm32f1xx_hal_pcd.o
HAL_PCD_DeInit                                    build/stm32f1xx_hal_pcd.o
                                                  build/usbd_conf.o
HAL_PCD_DevConnect                                build/stm32f1xx_hal_pcd.o
HAL_PCD_DevDisconnect                             build/stm32f1xx_hal_pcd.o
HAL_PCD_DisconnectCallback                        build/usbd_conf.o
HAL_PCD_EP_Abort                                  build/stm32f1xx_hal_pcd.o
HAL_PCD_EP_Close                                  build/stm32f1xx_hal_pcd.o
                                                  build/usbd_conf.o
HAL_PCD_EP_ClrStall                               build/stm32f1xx_hal_pcd.o
                                                  build/usbd_conf.o
HAL_PCD_EP_Flush                                  build/stm32f1xx_hal_pcd.o
                                                  build/usbd_conf.o
HAL_PCD_EP_GetRxCount                             build/stm32f1xx_hal_pcd.o
                                                  build/usbd_conf.o
HAL_PCD_EP_Open                                   build/stm32f1xx_hal_pcd.o
                                                  build/usbd_conf.o
HAL_PCD_EP_Receive                                build/stm32f1xx_hal_pcd.o
                                                  build/usbd_conf.o
HAL_PCD_EP_SetStall                               build/stm32f1xx_hal_pcd.o
                                                  build/usbd_conf.o
HAL_PCD_EP_Transmit                               build/stm32f1xx_hal_pcd.o
                                                  build/usbd_conf.o
HAL_PCD_GetState                                  build/stm32f1xx_hal_pcd.o
HAL_PCD_IRQHandler                                build/stm32f1xx_hal_pcd.o
                                                  build/stm32f1xx_it.o
HAL_PCD_ISOINIncompleteCallback                   build/usbd_conf.o
HAL_PCD_ISOOUTIncompleteCallback                  build/usbd_conf.o
HAL_PCD_Init                                      build/stm32f1xx_hal_pcd.o
                                                  build/usbd_conf.o
HAL_PCD_MspDeInit                                 build/usbd_conf.o
HAL_PCD_MspInit                                   build/usbd_conf.o
HAL_PCD_ResetCallback                             build/usbd_conf.o
HAL_PCD_ResumeCallback                            build/usbd_conf.o
HAL_PCD_SOFCallback                               build/usbd_conf.o
HAL_PCD_SetAddress                                build/stm32f1xx_hal_pcd.o
                                                  build/usbd_conf.o
HAL_PCD_SetupStageCallback                        build/usbd_conf.o
HAL_PCD_Start                                     build/stm32f1xx_hal_pcd.o
                                                  build/usbd_conf.o
HAL_PCD_Stop                                      build/stm32f1xx_hal_pcd.o
                                                  build/usbd_conf.o
HAL_PCD_SuspendCallback                           build/usbd_conf.o
HAL_PCD_WKUP_IRQHandler                           build/stm32f1xx_hal_pcd.o
HAL_PWR_ConfigPVD                                 build/stm32f1xx_hal_pwr.o
HAL_PWR_DeInit                                    build/stm32f1xx_hal_pwr.o
HAL_PWR_DisableBkUpAccess                         build/stm32f1xx_hal_pwr.o
HAL_PWR_DisablePVD                                build/stm32f1xx_hal_pwr.o
HAL_PWR_DisableSEVOnPend                          build/stm32f1xx_hal_pwr.o
HAL_PWR_DisableSleepOnExit                        build/stm32f1xx_hal_pwr.o
HAL_PWR_DisableWakeUpPin                          build/stm32f1xx_hal_pwr.o
HAL_PWR_EnableBkUpAccess                          build/stm32f1xx_hal_pwr.o
HAL_PWR_EnablePVD                                 build/stm32f1xx_hal_pwr.o
HAL_PWR_EnableSEVOnPend                           build/stm32f1xx_hal_pwr.o
HAL_PWR_EnableSleepOnExit                         build/stm32f1xx_hal_pwr.o
HAL_PWR_EnableWakeUpPin                           build/stm32f1xx_hal_pwr.o
HAL_PWR_EnterSLEEPMode                            build/stm32f1xx_hal_pwr.o
HAL_PWR_EnterSTANDBYMode                          build/stm32f1xx_hal_pwr.o
HAL_PWR_EnterSTOPMode                             build/stm32f1xx_hal_pwr.o
HAL_PWR_PVDCallback                               build/stm32f1xx_hal_pwr.o
HAL_PWR_PVD_IRQHandler                            build/stm32f1xx_hal_pwr.o
HAL_RCCEx_GetPeriphCLKConfig                      build/stm32f1xx_hal_rcc_ex.o
HAL_RCCEx_GetPeriphCLKFreq                        build/stm32f1xx_hal_rcc_ex.o
HAL_RCCEx_PeriphCLKConfig                         build/stm32f1xx_hal_rcc_ex.o
                                                  build/main.o
HAL_RCC_CSSCallback                               build/stm32f1xx_hal_rcc.o
HAL_RCC_ClockConfig                               build/stm32f1xx_hal_rcc.o
                                                  build/main.o
HAL_RCC_DeInit                                    build/stm32f1xx_hal_rcc.o
HAL_RCC_DisableCSS                                build/stm32f1xx_hal_rcc.o
HAL_RCC_EnableCSS                                 build/stm32f1xx_hal_rcc.o
HAL_RCC_GetClockConfig                            build/stm32f1xx_hal_rcc.o
HAL_RCC_GetHCLKFreq                               build/stm32f1xx_hal_rcc.o
HAL_RCC_GetOscConfig                              build/stm32f1xx_hal_rcc.o
HAL_RCC_GetPCLK1Freq                              build/stm32f1xx_hal_rcc.o
HAL_RCC_GetPCLK2Freq                              build/stm32f1xx_hal_rcc.o
                                                  build/stm32f1xx_hal_rcc_ex.o
HAL_RCC_GetSysClockFreq                           build/stm32f1xx_hal_rcc.o
HAL_RCC_MCOConfig                                 build/stm32f1xx_hal_rcc.o
HAL_RCC_NMI_IRQHandler                            build/stm32f1xx_hal_rcc.o
HAL_RCC_OscConfig                                 build/stm32f1xx_hal_rcc.o
                                                  build/main.o
HAL_ResumeTick                                    build/stm32f1xx_hal.o
HAL_SYSTICK_CLKSourceConfig                       build/stm32f1xx_hal_cortex.o
HAL_SYSTICK_Callback                              build/stm32f1xx_hal_cortex.o
HAL_SYSTICK_Config                                build/stm32f1xx_hal_cortex.o
                                                  build/stm32f1xx_hal.o
HAL_SYSTICK_IRQHandler                            build/stm32f1xx_hal_cortex.o
HAL_SetTickFreq                                   build/stm32f1xx_hal.o
HAL_SuspendTick                                   build/stm32f1xx_hal.o
HAL_TIMEx_BreakCallback                           build/stm32f1xx_hal_tim_ex.o
                                                  build/stm32f1xx_hal_tim.o
HAL_TIMEx_CommutCallback                          build/stm32f1xx_hal_tim_ex.o
                                                  build/stm32f1xx_hal_tim.o
HAL_TIMEx_CommutHalfCpltCallback                  build/stm32f1xx_hal_tim_ex.o
HAL_TIMEx_ConfigBreakDeadTime                     build/stm32f1xx_hal_tim_ex.o
                                                  build/tim.o
HAL_TIMEx_ConfigCommutEvent                       build/stm32f1xx_hal_tim_ex.o
HAL_TIMEx_ConfigCommutEvent_DMA                   build/stm32f1xx_hal_tim_ex.o
HAL_TIMEx_ConfigCommutEvent_IT                    build/stm32f1xx_hal_tim_ex.o
HAL_TIMEx_GetChannelNState                        build/stm32f1xx_hal_tim_ex.o
HAL_TIMEx_HallSensor_DeInit                       build/stm32f1xx_hal_tim_ex.o
HAL_TIMEx_HallSensor_GetState                     build/stm32f1xx_hal_tim_ex.o
HAL_TIMEx_HallSensor_Init                         build/stm32f1xx_hal_tim_ex.o
HAL_TIMEx_HallSensor_MspDeInit                    build/stm32f1xx_hal_tim_ex.o
HAL_TIMEx_HallSensor_MspInit                      build/stm32f1xx_hal_tim_ex.o
HAL_TIMEx_HallSensor_Start                        build/stm32f1xx_hal_tim_ex.o
HAL_TIMEx_HallSensor_Start_DMA                    build/stm32f1xx_hal_tim_ex.o
HAL_TIMEx_HallSensor_Start_IT                     build/stm32f1xx_hal_tim_ex.o
HAL_TIMEx_HallSensor_Stop                         build/stm32f1xx_hal_tim_ex.o
HAL_TIMEx_HallSensor_Stop_DMA                     build/stm32f1xx_hal_tim_ex.o
HAL_TIMEx_HallSensor_Stop_IT                      build/stm32f1xx_hal_tim_ex.o
HAL_TIMEx_MasterConfigSynchronization             build/stm32f1xx_hal_tim_ex.o
                                                  build/tim.o
HAL_TIMEx_OCN_Start                               build/stm32f1xx_hal_tim_ex.o
HAL_TIMEx_OCN_Start_DMA                           build/stm32f1xx_hal_tim_ex.o
HAL_TIMEx_OCN_Start_IT                            build/stm32f1xx_hal_tim_ex.o
HAL_TIMEx_OCN_Stop                                build/stm32f1xx_hal_tim_ex.o
HAL_TIMEx_OCN_Stop_DMA                            build/stm32f1xx_hal_tim_ex.o
HAL_TIMEx_OCN_Stop_IT                             build/stm32f1xx_hal_tim_ex.o
HAL_TIMEx_OnePulseN_Start                         build/stm32f1xx_hal_tim_ex.o
HAL_TIMEx_OnePulseN_Start_IT                      build/stm32f1xx_hal_tim_ex.o
HAL_TIMEx_OnePulseN_Stop                          build/stm32f1xx_hal_tim_ex.o
HAL_TIMEx_OnePulseN_Stop_IT                       build/stm32f1xx_hal_tim_ex.o
HAL_TIMEx_PWMN_Start                              build/stm32f1xx_hal_tim_ex.o
HAL_TIMEx_PWMN_Start_DMA                          build/stm32f1xx_hal_tim_ex.o
HAL_TIMEx_PWMN_Start_IT                           build/stm32f1xx_hal_tim_ex.o
HAL_TIMEx_PWMN_Stop                               build/stm32f1xx_hal_tim_ex.o
HAL_TIMEx_PWMN_Stop_DMA                           build/stm32f1xx_hal_tim_ex.o
HAL_TIMEx_PWMN_Stop_IT                            build/stm32f1xx_hal_tim_ex.o
HAL_TIMEx_RemapConfig                             build/stm32f1xx_hal_tim_ex.o
HAL_TIM_Base_DeInit                               build/stm32f1xx_hal_tim.o
HAL_TIM_Base_GetState                             build/stm32f1xx_hal_tim.o
HAL_TIM_Base_Init                                 build/stm32f1xx_hal_tim.o
                                                  build/tim.o
HAL_TIM_Base_MspDeInit                            build/tim.o
HAL_TIM_Base_MspInit                              build/tim.o
HAL_TIM_Base_Start                                build/stm32f1xx_hal_tim.o
HAL_TIM_Base_Start_DMA                            build/stm32f1xx_hal_tim.o
HAL_TIM_Base_Start_IT                             build/stm32f1xx_hal_tim.o
HAL_TIM_Base_Stop                                 build/stm32f1xx_hal_tim.o
HAL_TIM_Base_Stop_DMA                             build/stm32f1xx_hal_tim.o
HAL_TIM_Base_Stop_IT                              build/stm32f1xx_hal_tim.o
HAL_TIM_ConfigClockSource                         build/stm32f1xx_hal_tim.o
                                                  build/tim.o
HAL_TIM_ConfigOCrefClear                          build/stm32f1xx_hal_tim.o
HAL_TIM_ConfigTI1Input                            build/stm32f1xx_hal_tim.o
HAL_TIM_DMABurstState                             build/stm32f1xx_hal_tim.o
HAL_TIM_DMABurst_MultiReadStart                   build/stm32f1xx_hal_tim.o
HAL_TIM_DMABurst_MultiWriteStart                  build/stm32f1xx_hal_tim.o
HAL_TIM_DMABurst_ReadStart                        build/stm32f1xx_hal_tim.o
HAL_TIM_DMABurst_ReadStop                         build/stm32f1xx_hal_tim.o
HAL_TIM_DMABurst_WriteStart                       build/stm32f1xx_hal_tim.o
HAL_TIM_DMABurst_WriteStop                        build/stm32f1xx_hal_tim.o
HAL_TIM_Encoder_DeInit                            build/stm32f1xx_hal_tim.o
HAL_TIM_Encoder_GetState                          build/stm32f1xx_hal_tim.o
HAL_TIM_Encoder_Init                              build/stm32f1xx_hal_tim.o
HAL_TIM_Encoder_MspDeInit                         build/stm32f1xx_hal_tim.o
HAL_TIM_Encoder_MspInit                           build/stm32f1xx_hal_tim.o
HAL_TIM_Encoder_Start                             build/stm32f1xx_hal_tim.o
HAL_TIM_Encoder_Start_DMA                         build/stm32f1xx_hal_tim.o
HAL_TIM_Encoder_Start_IT                          build/stm32f1xx_hal_tim.o
HAL_TIM_Encoder_Stop                              build/stm32f1xx_hal_tim.o
HAL_TIM_Encoder_Stop_DMA                          build/stm32f1xx_hal_tim.o
HAL_TIM_Encoder_Stop_IT                           build/stm32f1xx_hal_tim.o
HAL_TIM_ErrorCallback                             build/stm32f1xx_hal_tim.o
                                                  build/stm32f1xx_hal_tim_ex.o
HAL_TIM_GenerateEvent                             build/stm32f1xx_hal_tim.o
HAL_TIM_GetActiveChannel                          build/stm32f1xx_hal_tim.o
HAL_TIM_GetChannelState                           build/stm32f1xx_hal_tim.o
HAL_TIM_IC_CaptureCallback                        build/stm32f1xx_hal_tim.o
HAL_TIM_IC_CaptureHalfCpltCallback                build/stm32f1xx_hal_tim.o
HAL_TIM_IC_ConfigChannel                          build/stm32f1xx_hal_tim.o
HAL_TIM_IC_DeInit                                 build/stm32f1xx_hal_tim.o
HAL_TIM_IC_GetState                               build/stm32f1xx_hal_tim.o
HAL_TIM_IC_Init                                   build/stm32f1xx_hal_tim.o
HAL_TIM_IC_MspDeInit                              build/stm32f1xx_hal_tim.o
HAL_TIM_IC_MspInit                                build/stm32f1xx_hal_tim.o
HAL_TIM_IC_Start                                  build/stm32f1xx_hal_tim.o
HAL_TIM_IC_Start_DMA                              build/stm32f1xx_hal_tim.o
HAL_TIM_IC_Start_IT                               build/stm32f1xx_hal_tim.o
HAL_TIM_IC_Stop                                   build/stm32f1xx_hal_tim.o
HAL_TIM_IC_Stop_DMA                               build/stm32f1xx_hal_tim.o
HAL_TIM_IC_Stop_IT                                build/stm32f1xx_hal_tim.o
HAL_TIM_IRQHandler                                build/stm32f1xx_hal_tim.o
HAL_TIM_MspPostInit                               build/tim.o
HAL_TIM_OC_ConfigChannel                          build/stm32f1xx_hal_tim.o
HAL_TIM_OC_DeInit                                 build/stm32f1xx_hal_tim.o
HAL_TIM_OC_DelayElapsedCallback                   build/stm32f1xx_hal_tim.o
HAL_TIM_OC_GetState                               build/stm32f1xx_hal_tim.o
HAL_TIM_OC_Init                                   build/stm32f1xx_hal_tim.o
HAL_TIM_OC_MspDeInit                              build/stm32f1xx_hal_tim.o
HAL_TIM_OC_MspInit                                build/stm32f1xx_hal_tim.o
HAL_TIM_OC_Start                                  build/stm32f1xx_hal_tim.o
HAL_TIM_OC_Start_DMA                              build/stm32f1xx_hal_tim.o
HAL_TIM_OC_Start_IT                               build/stm32f1xx_hal_tim.o
HAL_TIM_OC_Stop                                   build/stm32f1xx_hal_tim.o
HAL_TIM_OC_Stop_DMA                               build/stm32f1xx_hal_tim.o
HAL_TIM_OC_Stop_IT                                build/stm32f1xx_hal_tim.o
HAL_TIM_OnePulse_ConfigChannel                    build/stm32f1xx_hal_tim.o
HAL_TIM_OnePulse_DeInit                           build/stm32f1xx_hal_tim.o
HAL_TIM_OnePulse_GetState                         build/stm32f1xx_hal_tim.o
HAL_TIM_OnePulse_Init                             build/stm32f1xx_hal_tim.o
HAL_TIM_OnePulse_MspDeInit                        build/stm32f1xx_hal_tim.o
HAL_TIM_OnePulse_MspInit                          build/stm32f1xx_hal_tim.o
HAL_TIM_OnePulse_Start                            build/stm32f1xx_hal_tim.o
HAL_TIM_OnePulse_Start_IT                         build/stm32f1xx_hal_tim.o
HAL_TIM_OnePulse_Stop                             build/stm32f1xx_hal_tim.o
HAL_TIM_OnePulse_Stop_IT                          build/stm32f1xx_hal_tim.o
HAL_TIM_PWM_ConfigChannel                         build/stm32f1xx_hal_tim.o
                                                  build/tim.o
HAL_TIM_PWM_DeInit                                build/stm32f1xx_hal_tim.o
HAL_TIM_PWM_GetState                              build/stm32f1xx_hal_tim.o
HAL_TIM_PWM_Init                                  build/stm32f1xx_hal_tim.o
                                                  build/tim.o
HAL_TIM_PWM_MspDeInit                             build/stm32f1xx_hal_tim.o
HAL_TIM_PWM_MspInit                               build/stm32f1xx_hal_tim.o
HAL_TIM_PWM_PulseFinishedCallback                 build/stm32f1xx_hal_tim.o
                                                  build/stm32f1xx_hal_tim_ex.o
HAL_TIM_PWM_PulseFinishedHalfCpltCallback         build/stm32f1xx_hal_tim.o
HAL_TIM_PWM_Start                                 build/stm32f1xx_hal_tim.o
                                                  build/main.o
HAL_TIM_PWM_Start_DMA                             build/stm32f1xx_hal_tim.o
HAL_TIM_PWM_Start_IT                              build/stm32f1xx_hal_tim.o
HAL_TIM_PWM_Stop                                  build/stm32f1xx_hal_tim.o
HAL_TIM_PWM_Stop_DMA                              build/stm32f1xx_hal_tim.o
HAL_TIM_PWM_Stop_IT                               build/stm32f1xx_hal_tim.o
HAL_TIM_PeriodElapsedCallback                     build/stm32f1xx_hal_tim.o
HAL_TIM_PeriodElapsedHalfCpltCallback             build/stm32f1xx_hal_tim.o
HAL_TIM_ReadCapturedValue                         build/stm32f1xx_hal_tim.o
HAL_TIM_SlaveConfigSynchro                        build/stm32f1xx_hal_tim.o
HAL_TIM_SlaveConfigSynchro_IT                     build/stm32f1xx_hal_tim.o
HAL_TIM_TriggerCallback                           build/stm32f1xx_hal_tim.o
HAL_TIM_TriggerHalfCpltCallback                   build/stm32f1xx_hal_tim.o
HardFault_Handler                                 build/stm32f1xx_it.o
I2C1_ER_IRQHandler                                build/startup_stm32f103xb.o
I2C1_EV_IRQHandler                                build/startup_stm32f103xb.o
I2C2_ER_IRQHandler                                build/startup_stm32f103xb.o
I2C2_EV_IRQHandler                                build/startup_stm32f103xb.o
MX_GPIO_Init                                      build/gpio.o
                                                  build/main.o
MX_TIM1_Init                                      build/tim.o
                                                  build/main.o
MX_TIM2_Init                                      build/tim.o
                                                  build/main.o
MX_USB_DEVICE_Init                                build/usb_device.o
                                                  build/main.o
MemManage_Handler                                 build/stm32f1xx_it.o
NMI_Handler                                       build/stm32f1xx_it.o
PVD_IRQHandler                                    build/startup_stm32f103xb.o
PendSV_Handler                                    build/stm32f1xx_it.o
RCC_IRQHandler                                    build/startup_stm32f103xb.o
RTC_Alarm_IRQHandler                              build/startup_stm32f103xb.o
RTC_IRQHandler                                    build/startup_stm32f103xb.o
Reset_Handler                                     build/startup_stm32f103xb.o
SPI1_IRQHandler                                   build/startup_stm32f103xb.o
SPI2_IRQHandler                                   build/startup_stm32f103xb.o
SVC_Handler                                       build/stm32f1xx_it.o
SysTick_Handler                                   build/stm32f1xx_it.o
SystemClock_Config                                build/main.o
SystemCoreClock                                   build/system_stm32f1xx.o
                                                  build/stm32f1xx_hal_rcc.o
                                                  build/stm32f1xx_hal.o
SystemCoreClockUpdate                             build/system_stm32f1xx.o
SystemInit                                        build/system_stm32f1xx.o
                                                  build/startup_stm32f103xb.o
TAMPER_IRQHandler                                 build/startup_stm32f103xb.o
TIM1_BRK_IRQHandler                               build/startup_stm32f103xb.o
TIM1_CC_IRQHandler                                build/startup_stm32f103xb.o
TIM1_TRG_COM_IRQHandler                           build/startup_stm32f103xb.o
TIM1_UP_IRQHandler                                build/startup_stm32f103xb.o
TIM2_IRQHandler                                   build/startup_stm32f103xb.o